Component: Arm Compiler for Embedded 6.21 Tool: armlink [5ec1fa00]

==============================================================================

Section Cross References

    adc.o(.text.ADCInit) refers to adc.o(.text.LL_AHB1_GRP1_EnableClock) for LL_AHB1_GRP1_EnableClock
    adc.o(.text.ADCInit) refers to adc.o(.text.LL_APB2_GRP1_EnableClock) for LL_APB2_GRP1_EnableClock
    adc.o(.text.ADCInit) refers to adc.o(.text.LL_GPIO_SetPinMode) for LL_GPIO_SetPinMode
    adc.o(.text.ADCInit) refers to adc.o(.text.LL_ADC_SetCommonClock) for LL_ADC_SetCommonClock
    adc.o(.text.ADCInit) refers to adc.o(.text.LL_ADC_SetSequencersScanMode) for LL_ADC_SetSequencersScanMode
    adc.o(.text.ADCInit) refers to adc.o(.text.LL_ADC_REG_SetSequencerRanks) for LL_ADC_REG_SetSequencerRanks
    adc.o(.text.ADCInit) refers to adc.o(.text.LL_ADC_REG_SetContinuousMode) for LL_ADC_REG_SetContinuousMode
    adc.o(.text.ADCInit) refers to adc.o(.text.LL_ADC_REG_SetTriggerSource) for LL_ADC_REG_SetTriggerSource
    adc.o(.text.ADCInit) refers to adc.o(.text.LL_ADC_SetChannelSamplingTime) for LL_ADC_SetChannelSamplingTime
    adc.o(.text.ADCInit) refers to adc.o(.text.LL_ADC_SetResolution) for LL_ADC_SetResolution
    adc.o(.text.ADCInit) refers to adc.o(.text.LL_ADC_SetDataAlignment) for LL_ADC_SetDataAlignment
    adc.o(.text.ADCInit) refers to adc.o(.text.LL_ADC_Enable) for LL_ADC_Enable
    adc.o(.ARM.exidx.text.ADCInit) refers to adc.o(.text.ADCInit) for [Anonymous Symbol]
    adc.o(.ARM.exidx.text.LL_AHB1_GRP1_EnableClock) refers to adc.o(.text.LL_AHB1_GRP1_EnableClock) for [Anonymous Symbol]
    adc.o(.ARM.exidx.text.LL_APB2_GRP1_EnableClock) refers to adc.o(.text.LL_APB2_GRP1_EnableClock) for [Anonymous Symbol]
    adc.o(.ARM.exidx.text.LL_GPIO_SetPinMode) refers to adc.o(.text.LL_GPIO_SetPinMode) for [Anonymous Symbol]
    adc.o(.ARM.exidx.text.LL_ADC_SetCommonClock) refers to adc.o(.text.LL_ADC_SetCommonClock) for [Anonymous Symbol]
    adc.o(.ARM.exidx.text.LL_ADC_SetSequencersScanMode) refers to adc.o(.text.LL_ADC_SetSequencersScanMode) for [Anonymous Symbol]
    adc.o(.ARM.exidx.text.LL_ADC_REG_SetSequencerRanks) refers to adc.o(.text.LL_ADC_REG_SetSequencerRanks) for [Anonymous Symbol]
    adc.o(.ARM.exidx.text.LL_ADC_REG_SetContinuousMode) refers to adc.o(.text.LL_ADC_REG_SetContinuousMode) for [Anonymous Symbol]
    adc.o(.ARM.exidx.text.LL_ADC_REG_SetTriggerSource) refers to adc.o(.text.LL_ADC_REG_SetTriggerSource) for [Anonymous Symbol]
    adc.o(.ARM.exidx.text.LL_ADC_SetChannelSamplingTime) refers to adc.o(.text.LL_ADC_SetChannelSamplingTime) for [Anonymous Symbol]
    adc.o(.ARM.exidx.text.LL_ADC_SetResolution) refers to adc.o(.text.LL_ADC_SetResolution) for [Anonymous Symbol]
    adc.o(.ARM.exidx.text.LL_ADC_SetDataAlignment) refers to adc.o(.text.LL_ADC_SetDataAlignment) for [Anonymous Symbol]
    adc.o(.ARM.exidx.text.LL_ADC_Enable) refers to adc.o(.text.LL_ADC_Enable) for [Anonymous Symbol]
    adc.o(.text.ADCRead) refers to adc.o(.text.LL_ADC_REG_StartConversionSWStart) for LL_ADC_REG_StartConversionSWStart
    adc.o(.text.ADCRead) refers to adc.o(.text.LL_ADC_IsActiveFlag_EOCS) for LL_ADC_IsActiveFlag_EOCS
    adc.o(.text.ADCRead) refers to adc.o(.text.LL_ADC_REG_ReadConversionData12) for LL_ADC_REG_ReadConversionData12
    adc.o(.ARM.exidx.text.ADCRead) refers to adc.o(.text.ADCRead) for [Anonymous Symbol]
    adc.o(.ARM.exidx.text.LL_ADC_REG_StartConversionSWStart) refers to adc.o(.text.LL_ADC_REG_StartConversionSWStart) for [Anonymous Symbol]
    adc.o(.ARM.exidx.text.LL_ADC_IsActiveFlag_EOCS) refers to adc.o(.text.LL_ADC_IsActiveFlag_EOCS) for [Anonymous Symbol]
    adc.o(.ARM.exidx.text.LL_ADC_REG_ReadConversionData12) refers to adc.o(.text.LL_ADC_REG_ReadConversionData12) for [Anonymous Symbol]
    main.o(.text.set_dutycycles) refers to main.o(.bss.dutycyles) for dutycyles
    main.o(.ARM.exidx.text.set_dutycycles) refers to main.o(.text.set_dutycycles) for [Anonymous Symbol]
    main.o(.text.calc_led) refers to main.o(.text.set_dutycycles) for set_dutycycles
    main.o(.ARM.exidx.text.calc_led) refers to main.o(.text.calc_led) for [Anonymous Symbol]
    main.o(.text.SysTick_Handler) refers to main.o(.bss.dutycyles) for dutycyles
    main.o(.text.SysTick_Handler) refers to main.o(.bss.counter) for counter
    main.o(.text.SysTick_Handler) refers to led.o(.text.LEDSet) for LEDSet
    main.o(.text.SysTick_Handler) refers to led.o(.text.LEDReset) for LEDReset
    main.o(.text.SysTick_Handler) refers to main.o(.bss.counter2) for counter2
    main.o(.text.SysTick_Handler) refers to main.o(.bss.steps_pos) for steps_pos
    main.o(.text.SysTick_Handler) refers to main.o(.data.steps) for steps
    main.o(.text.SysTick_Handler) refers to main.o(.bss.des_pos) for des_pos
    main.o(.text.SysTick_Handler) refers to main.o(.bss.act_pos) for act_pos
    main.o(.text.SysTick_Handler) refers to main.o(.data.mode) for mode
    main.o(.text.SysTick_Handler) refers to main.o(.data.dir) for dir
[...]
    __rt_lib_init_rand_1                     0x080002fb   Thumb Code     0  libinit2.o(.ARM.Collect$$libinit$$00000010)
    __rt_lib_init_relocate_pie_1             0x080002fb   Thumb Code     0  libinit2.o(.ARM.Collect$$libinit$$00000004)
    __rt_lib_init_user_alloc_1               0x080002fb   Thumb Code     0  libinit2.o(.ARM.Collect$$libinit$$0000000E)
    __rt_lib_init_lc_collate_1               0x08000301   Thumb Code     0  libinit2.o(.ARM.Collect$$libinit$$00000013)
    __rt_lib_init_lc_ctype_2                 0x08000301   Thumb Code     0  libinit2.o(.ARM.Collect$$libinit$$00000014)
    __rt_lib_init_lc_ctype_1                 0x0800030d   Thumb Code     0  libinit2.o(.ARM.Collect$$libinit$$00000015)
    __rt_lib_init_lc_monetary_1              0x0800030d   Thumb Code     0  libinit2.o(.ARM.Collect$$libinit$$00000017)
    __rt_lib_init_lc_numeric_2               0x0800030d   Thumb Code     0  libinit2.o(.ARM.Collect$$libinit$$00000018)
    __rt_lib_init_alloca_1                   0x08000317   Thumb Code     0  libinit2.o(.ARM.Collect$$libinit$$00000030)
    __rt_lib_init_argv_1                     0x08000317   Thumb Code     0  libinit2.o(.ARM.Collect$$libinit$$0000002E)
    __rt_lib_init_atexit_1                   0x08000317   Thumb Code     0  libinit2.o(.ARM.Collect$$libinit$$0000001D)
    __rt_lib_init_clock_1                    0x08000317   Thumb Code     0  libinit2.o(.ARM.Collect$$libinit$$00000023)
    __rt_lib_init_cpp_1                      0x08000317   Thumb Code     0  libinit2.o(.ARM.Collect$$libinit$$00000034)
    __rt_lib_init_exceptions_1               0x08000317   Thumb Code     0  libinit2.o(.ARM.Collect$$libinit$$00000032)
    __rt_lib_init_fp_trap_1                  0x08000317   Thumb Code     0  libinit2.o(.ARM.Collect$$libinit$$00000021)
    __rt_lib_init_getenv_1                   0x08000317   Thumb Code     0  libinit2.o(.ARM.Collect$$libinit$$00000025)
    __rt_lib_init_lc_numeric_1               0x08000317   Thumb Code     0  libinit2.o(.ARM.Collect$$libinit$$00000019)
    __rt_lib_init_lc_time_1                  0x08000317   Thumb Code     0  libinit2.o(.ARM.Collect$$libinit$$0000001B)
    __rt_lib_init_return                     0x08000317   Thumb Code     0  libinit2.o(.ARM.Collect$$libinit$$00000035)
    __rt_lib_init_signal_1                   0x08000317   Thumb Code     0  libinit2.o(.ARM.Collect$$libinit$$0000001F)
    __rt_lib_init_stdio_1                    0x08000317   Thumb Code     0  libinit2.o(.ARM.Collect$$libinit$$00000027)
    __rt_lib_shutdown                        0x08000319   Thumb Code     0  libshutdown.o(.ARM.Collect$$libshutdown$$00000000)
    __rt_lib_shutdown_cpp_1                  0x0800031b   Thumb Code     0  libshutdown2.o(.ARM.Collect$$libshutdown$$00000002)
    __rt_lib_shutdown_fp_trap_1              0x0800031b   Thumb Code     0  libshutdown2.o(.ARM.Collect$$libshutdown$$00000007)
    __rt_lib_shutdown_heap_1                 0x0800031b   Thumb Code     0  libshutdown2.o(.ARM.Collect$$libshutdown$$0000000F)
    __rt_lib_shutdown_return                 0x0800031b   Thumb Code     0  libshutdown2.o(.ARM.Collect$$libshutdown$$00000010)
    __rt_lib_shutdown_signal_1               0x0800031b   Thumb Code     0  libshutdown2.o(.ARM.Collect$$libshutdown$$0000000A)
    __rt_lib_shutdown_stdio_1                0x0800031b   Thumb Code     0  libshutdown2.o(.ARM.Collect$$libshutdown$$00000004)
    __rt_lib_shutdown_user_alloc_1           0x0800031b   Thumb Code     0  libshutdown2.o(.ARM.Collect$$libshutdown$$0000000C)
    __rt_entry                               0x0800031d   Thumb Code     0  __rtentry.o(.ARM.Collect$$rtentry$$00000000)
    __rt_entry_presh_1                       0x0800031d   Thumb Code     0  __rtentry2.o(.ARM.Collect$$rtentry$$00000002)
    __rt_entry_sh                            0x0800031d   Thumb Code     0  __rtentry4.o(.ARM.Collect$$rtentry$$00000004)
    __rt_entry_li                            0x08000323   Thumb Code     0  __rtentry2.o(.ARM.Collect$$rtentry$$0000000A)
    __rt_entry_postsh_1                      0x08000323   Thumb Code     0  __rtentry2.o(.ARM.Collect$$rtentry$$00000009)
    __rt_entry_main                          0x08000327   Thumb Code     0  __rtentry2.o(.ARM.Collect$$rtentry$$0000000D)
    __rt_entry_postli_1                      0x08000327   Thumb Code     0  __rtentry2.o(.ARM.Collect$$rtentry$$0000000C)
    __rt_exit                                0x0800032f   Thumb Code     0  rtexit.o(.ARM.Collect$$rtexit$$00000000)
    __rt_exit_ls                             0x08000331   Thumb Code     0  rtexit2.o(.ARM.Collect$$rtexit$$00000003)
    __rt_exit_prels_1                        0x08000331   Thumb Code     0  rtexit2.o(.ARM.Collect$$rtexit$$00000002)
    __rt_exit_exit                           0x08000335   Thumb Code     0  rtexit2.o(.ARM.Collect$$rtexit$$00000004)
    Reset_Handler                            0x0800033d   Thumb Code     8  startup_stm32f446xx.o(.text)
    NMI_Handler                              0x08000345   Thumb Code     2  startup_stm32f446xx.o(.text)
    HardFault_Handler                        0x08000347   Thumb Code     2  startup_stm32f446xx.o(.text)
    MemManage_Handler                        0x08000349   Thumb Code     2  startup_stm32f446xx.o(.text)
    BusFault_Handler                         0x0800034b   Thumb Code     2  startup_stm32f446xx.o(.text)
    UsageFault_Handler                       0x0800034d   Thumb Code     2  startup_stm32f446xx.o(.text)
    SVC_Handler                              0x0800034f   Thumb Code     2  startup_stm32f446xx.o(.text)
    DebugMon_Handler                         0x08000351   Thumb Code     2  startup_stm32f446xx.o(.text)
    PendSV_Handler                           0x08000353   Thumb Code     2  startup_stm32f446xx.o(.text)
    ADC_IRQHandler                           0x08000357   Thumb Code     0  startup_stm32f446xx.o(.text)
    CAN1_RX0_IRQHandler                      0x08000357   Thumb Code     0  startup_stm32f446xx.o(.text)
    CAN1_RX1_IRQHandler                      0x08000357   Thumb Code     0  startup_stm32f446xx.o(.text)
    CAN1_SCE_IRQHandler                      0x08000357   Thumb Code     0  startup_stm32f446xx.o(.text)
    CAN1_TX_IRQHandler                       0x08000357   Thumb Code     0  startup_stm32f446xx.o(.text)
    CAN2_RX0_IRQHandler                      0x08000357   Thumb Code     0  startup_stm32f446xx.o(.text)
    CAN2_RX1_IRQHandler                      0x08000357   Thumb Code     0  startup_stm32f446xx.o(.text)
    CAN2_SCE_IRQHandler                      0x08000357   Thumb Code     0  startup_stm32f446xx.o(.text)
    CAN2_TX_IRQHandler                       0x08000357   Thumb Code     0  startup_stm32f446xx.o(.text)
    CEC_IRQHandler                           0x08000357   Thumb Code     0  startup_stm32f446xx.o(.text)
    DCMI_IRQHandler                          0x08000357   Thumb Code     0  startup_stm32f446xx.o(.text)
    DMA1_Stream0_IRQHandler                  0x08000357   Thumb Code     0  startup_stm32f446xx.o(.text)
    DMA1_Stream1_IRQHandler                  0x08000357   Thumb Code     0  startup_stm32f446xx.o(.text)
    DMA1_Stream2_IRQHandler                  0x08000357   Thumb Code     0  startup_stm32f446xx.o(.text)
    DMA1_Stream3_IRQHandler                  0x08000357   Thumb Code     0  startup_stm32f446xx.o(.text)
    DMA1_Stream4_IRQHandler                  0x08000357   Thumb Code     0  startup_stm32f446xx.o(.text)
    DMA1_Stream5_IRQHandler                  0x08000357   Thumb Code     0  startup_stm32f446xx.o(.text)
    DMA1_Stream6_IRQHandler                  0x08000357   Thumb Code     0  startup_stm32f446xx.o(.text)
    DMA1_Stream7_IRQHandler                  0x08000357   Thumb Code     0  startup_stm32f446xx.o(.text)
    DMA2_Stream0_IRQHandler                  0x08000357   Thumb Code     0  startup_stm32f446xx.o(.text)
    DMA2_Stream1_IRQHandler                  0x08000357   Thumb Code     0  startup_stm32f446xx.o(.text)
    DMA2_Stream2_IRQHandler                  0x08000357   Thumb Code     0  startup_stm32f446xx.o(.text)
    DMA2_Stream3_IRQHandler                  0x08000357   Thumb Code     0  startup_stm32f446xx.o(.text)
    DMA2_Stream4_IRQHandler                  0x08000357   Thumb Code     0  startup_stm32f446xx.o(.text)
    DMA2_Stream5_IRQHandler                  0x08000357   Thumb Code     0  startup_stm32f446xx.o(.text)
    DMA2_Stream6_IRQHandler                  0x08000357   Thumb Code     0  startup_stm32f446xx.o(.text)
    DMA2_Stream7_IRQHandler                  0x08000357   Thumb Code     0  startup_stm32f446xx.o(.text)
    EXTI0_IRQHandler                         0x08000357   Thumb Code     0  startup_stm32f446xx.o(.text)
    EXTI15_10_IRQHandler                     0x08000357   Thumb Code     0  startup_stm32f446xx.o(.text)
    EXTI1_IRQHandler                         0x08000357   Thumb Code     0  startup_stm32f446xx.o(.text)
    EXTI2_IRQHandler                         0x08000357   Thumb Code     0  startup_stm32f446xx.o(.text)
    EXTI3_IRQHandler                         0x08000357   Thumb Code     0  startup_stm32f446xx.o(.text)
    EXTI4_IRQHandler                         0x08000357   Thumb Code     0  startup_stm32f446xx.o(.text)
    EXTI9_5_IRQHandler                       0x08000357   Thumb Code     0  startup_stm32f446xx.o(.text)
    FLASH_IRQHandler                         0x08000357   Thumb Code     0  startup_stm32f446xx.o(.text)
    FMC_IRQHandler                           0x08000357   Thumb Code     0  startup_stm32f446xx.o(.text)
    FMPI2C1_ER_IRQHandler                    0x08000357   Thumb Code     0  startup_stm32f446xx.o(.text)
    FMPI2C1_EV_IRQHandler                    0x08000357   Thumb Code     0  startup_stm32f446xx.o(.text)
    FPU_IRQHandler                           0x08000357   Thumb Code     0  startup_stm32f446xx.o(.text)
    I2C1_ER_IRQHandler                       0x08000357   Thumb Code     0  startup_stm32f446xx.o(.text)
    I2C1_EV_IRQHandler                       0x08000357   Thumb Code     0  startup_stm32f446xx.o(.text)
    I2C2_ER_IRQHandler                       0x08000357   Thumb Code     0  startup_stm32f446xx.o(.text)
    I2C2_EV_IRQHandler                       0x08000357   Thumb Code     0  startup_stm32f446xx.o(.text)
    I2C3_ER_IRQHandler                       0x08000357   Thumb Code     0  startup_stm32f446xx.o(.text)
    I2C3_EV_IRQHandler                       0x08000357   Thumb Code     0  startup_stm32f446xx.o(.text)
    OTG_FS_IRQHandler                        0x08000357   Thumb Code     0  startup_stm32f446xx.o(.text)
    OTG_FS_WKUP_IRQHandler                   0x08000357   Thumb Code     0  startup_stm32f446xx.o(.text)
    OTG_HS_EP1_IN_IRQHandler                 0x08000357   Thumb Code     0  startup_stm32f446xx.o(.text)
    OTG_HS_EP1_OUT_IRQHandler                0x08000357   Thumb Code     0  startup_stm32f446xx.o(.text)
    OTG_HS_IRQHandler                        0x08000357   Thumb Code     0  startup_stm32f446xx.o(.text)
    OTG_HS_WKUP_IRQHandler                   0x08000357   Thumb Code     0  startup_stm32f446xx.o(.text)
    PVD_IRQHandler                           0x08000357   Thumb Code     0  startup_stm32f446xx.o(.text)
    QUADSPI_IRQHandler                       0x08000357   Thumb Code     0  startup_stm32f446xx.o(.text)
    RCC_IRQHandler                           0x08000357   Thumb Code     0  startup_stm32f446xx.o(.text)
    RTC_Alarm_IRQHandler                     0x08000357   Thumb Code     0  startup_stm32f446xx.o(.text)
    RTC_WKUP_IRQHandler                      0x08000357   Thumb Code     0  startup_stm32f446xx.o(.text)
    SAI1_IRQHandler                          0x08000357   Thumb Code     0  startup_stm32f446xx.o(.text)
    SAI2_IRQHandler                          0x08000357   Thumb Code     0  startup_stm32f446xx.o(.text)
    SDIO_IRQHandler                          0x08000357   Thumb Code     0  startup_stm32f446xx.o(.text)
    SPDIF_RX_IRQHandler                      0x08000357   Thumb Code     0  startup_stm32f446xx.o(.text)
    SPI1_IRQHandler                          0x08000357   Thumb Code     0  startup_stm32f446xx.o(.text)
    SPI2_IRQHandler                          0x08000357   Thumb Code     0  startup_stm32f446xx.o(.text)
    SPI3_IRQHandler                          0x08000357   Thumb Code     0  startup_stm32f446xx.o(.text)
    SPI4_IRQHandler                          0x08000357   Thumb Code     0  startup_stm32f446xx.o(.text)
    TAMP_STAMP_IRQHandler                    0x08000357   Thumb Code     0  startup_stm32f446xx.o(.text)
    TIM1_BRK_TIM9_IRQHandler                 0x08000357   Thumb Code     0  startup_stm32f446xx.o(.text)
    TIM1_CC_IRQHandler                       0x08000357   Thumb Code     0  startup_stm32f446xx.o(.text)
    TIM1_TRG_COM_TIM11_IRQHandler            0x08000357   Thumb Code     0  startup_stm32f446xx.o(.text)
    TIM1_UP_TIM10_IRQHandler                 0x08000357   Thumb Code     0  startup_stm32f446xx.o(.text)
    TIM2_IRQHandler                          0x08000357   Thumb Code     0  startup_stm32f446xx.o(.text)
    TIM3_IRQHandler                          0x08000357   Thumb Code     0  startup_stm32f446xx.o(.text)
    TIM4_IRQHandler                          0x08000357   Thumb Code     0  startup_stm32f446xx.o(.text)
    TIM5_IRQHandler                          0x08000357   Thumb Code     0  startup_stm32f446xx.o(.text)
    TIM6_DAC_IRQHandler                      0x08000357   Thumb Code     0  startup_stm32f446xx.o(.text)
    TIM7_IRQHandler                          0x08000357   Thumb Code     0  startup_stm32f446xx.o(.text)
    TIM8_BRK_TIM12_IRQHandler                0x08000357   Thumb Code     0  startup_stm32f446xx.o(.text)
    TIM8_CC_IRQHandler                       0x08000357   Thumb Code     0  startup_stm32f446xx.o(.text)
    TIM8_TRG_COM_TIM14_IRQHandler            0x08000357   Thumb Code     0  startup_stm32f446xx.o(.text)
    TIM8_UP_TIM13_IRQHandler                 0x08000357   Thumb Code     0  startup_stm32f446xx.o(.text)
    UART4_IRQHandler                         0x08000357   Thumb Code     0  startup_stm32f446xx.o(.text)
    UART5_IRQHandler                         0x08000357   Thumb Code     0  startup_stm32f446xx.o(.text)
    USART1_IRQHandler                        0x08000357   Thumb Code     0  startup_stm32f446xx.o(.text)
    USART3_IRQHandler                        0x08000357   Thumb Code     0  startup_stm32f446xx.o(.text)
    USART6_IRQHandler                        0x08000357   Thumb Code     0  startup_stm32f446xx.o(.text)
    WWDG_IRQHandler                          0x08000357   Thumb Code     0  startup_stm32f446xx.o(.text)
    __user_initial_stackheap                 0x08000359   Thumb Code     0  startup_stm32f446xx.o(.text)
    __aeabi_uldivmod                         0x0800037d   Thumb Code     0  lludivv7m.o(.text)
    _ll_udiv                                 0x0800037d   Thumb Code   240  lludivv7m.o(.text)
    sprintf                                  0x0800046d   Thumb Code    38  sprintf.o(.text)
    sscanf                                   0x08000499   Thumb Code    52  sscanf.o(.text)
    __use_two_region_memory                  0x080004d5   Thumb Code     2  heapauxi.o(.text)
    __rt_heap_escrow$2region                 0x080004d7   Thumb Code     2  heapauxi.o(.text)
    __rt_heap_expand$2region                 0x080004d9   Thumb Code     2  heapauxi.o(.text)
    __read_errno                             0x080004db   Thumb Code    10  _rserrno.o(.text)
    __set_errno                              0x080004e5   Thumb Code    12  _rserrno.o(.text)
    _printf_pre_padding                      0x080004f1   Thumb Code    44  _printf_pad.o(.text)
    _printf_post_padding                     0x0800051d   Thumb Code    34  _printf_pad.o(.text)
    _printf_truncate_signed                  0x0800053f   Thumb Code    18  _printf_truncate.o(.text)
    _printf_truncate_unsigned                0x08000551   Thumb Code    18  _printf_truncate.o(.text)
    _printf_str                              0x08000563   Thumb Code    82  _printf_str.o(.text)
    _printf_int_dec                          0x080005b5   Thumb Code   104  _printf_dec.o(.text)
    _printf_charcount                        0x0800062d   Thumb Code    40  _printf_charcount.o(.text)
    _printf_char_common                      0x0800065f   Thumb Code    32  _printf_char_common.o(.text)
    _sputc                                   0x08000685   Thumb Code    10  _sputc.o(.text)
    _printf_wctomb                           0x08000691   Thumb Code   182  _printf_wctomb.o(.text)
    _printf_longlong_dec                     0x0800074d   Thumb Code   108  _printf_longlong_dec.o(.text)
    _printf_longlong_oct                     0x080007c9   Thumb Code    68  _printf_oct_int_ll.o(.text)
    _printf_int_oct                          0x0800080d   Thumb Code    24  _printf_oct_int_ll.o(.text)
    _printf_ll_oct                           0x08000825   Thumb Code    12  _printf_oct_int_ll.o(.text)
    _printf_longlong_hex                     0x08000839   Thumb Code    86  _printf_hex_int_ll_ptr.o(.text)
    _printf_int_hex                          0x0800088f   Thumb Code    28  _printf_hex_int_ll_ptr.o(.text)
    _printf_ll_hex                           0x080008ab   Thumb Code    12  _printf_hex_int_ll_ptr.o(.text)
    _printf_hex_ptr                          0x080008b7   Thumb Code    18  _printf_hex_int_ll_ptr.o(.text)
    __printf                                 0x080008cd   Thumb Code   388  __printf_flags_ss_wp.o(.text)
    _scanf_longlong                          0x08000a55   Thumb Code   342  _scanf_longlong.o(.text)
    _scanf_int                               0x08000bab   Thumb Code   332  _scanf_int.o(.text)
    _scanf_string                            0x08000cf7   Thumb Code   224  _scanf_str.o(.text)
    __vfscanf_char                           0x08000de5   Thumb Code    24  scanf_char.o(.text)
    _sgetc                                   0x08000e05   Thumb Code    30  _sgetc.o(.text)
    _sbackspace                              0x08000e23   Thumb Code    34  _sgetc.o(.text)
    _scanf_mbtowc                            0x08000e45   Thumb Code   276  _scanf_mbtowc.o(.text)
    _scanf_wctomb                            0x08000f59   Thumb Code   232  _scanf_wctomb.o(.text)
    _scanf_wstring                           0x08001041   Thumb Code   208  _scanf_wstr.o(.text)
    __aeabi_errno_addr                       0x08001111   Thumb Code     8  rt_errno_addr_intlibspace.o(.text)
    __errno$intlibspace                      0x08001111   Thumb Code     0  rt_errno_addr_intlibspace.o(.text)
    __rt_errno_addr$intlibspace              0x08001111   Thumb Code     0  rt_errno_addr_intlibspace.o(.text)
    _ll_udiv10                               0x08001119   Thumb Code   138  lludiv10.o(.text)
    isspace                                  0x080011a3   Thumb Code    18  isspace.o(.text)
    _printf_int_common                       0x080011b5   Thumb Code   178  _printf_intcommon.o(.text)
    _printf_fp_dec_real                      0x08001417   Thumb Code   620  _printf_fp_dec.o(.text)
    _printf_fp_hex_real                      0x08001685   Thumb Code   756  _printf_fp_hex.o(.text)
    _printf_cs_common                        0x08001981   Thumb Code    20  _printf_char.o(.text)
    _printf_char                             0x08001995   Thumb Code    16  _printf_char.o(.text)
    _printf_string                           0x080019a5   Thumb Code     8  _printf_char.o(.text)
    _printf_lcs_common                       0x080019ad   Thumb Code    20  _printf_wchar.o(.text)
    _printf_wchar                            0x080019c1   Thumb Code    16  _printf_wchar.o(.text)
    _printf_wstring                          0x080019d1   Thumb Code     8  _printf_wchar.o(.text)
    _chval                                   0x080019d9   Thumb Code    28  _chval.o(.text)
    __vfscanf                                0x080019f5   Thumb Code   878  _scanf.o(.text)
    _scanf_really_real                       0x08001fb5   Thumb Code   684  scanf_fp.o(.text)
    _scanf_wcharmap                          0x08002261   Thumb Code    30  _scanf_wcharmap.o(.text)
    _mbrtoc16                                0x0800227f   Thumb Code    64  _mbrtoc16.o(.text)
    _mbrtowc                                 0x0800227f   Thumb Code     0  _mbrtoc16.o(.text)
    _c16rtomb                                0x080022bf   Thumb Code    72  _c16rtomb.o(.text)
    _wcrtomb                                 0x080022bf   Thumb Code     0  _c16rtomb.o(.text)
    __user_libspace                          0x08002309   Thumb Code     8  libspace.o(.text)
    __user_perproc_libspace                  0x08002309   Thumb Code     0  libspace.o(.text)
    __user_perthread_libspace                0x08002309   Thumb Code     0  libspace.o(.text)
    __user_setup_stackheap                   0x08002311   Thumb Code    74  sys_stackheap_outer.o(.text)
    __rt_ctype_table                         0x0800235d   Thumb Code    16  rt_ctype_table.o(.text)
    __rt_locale                              0x0800236d   Thumb Code     8  rt_locale_intlibspace.o(.text)
    __aeabi_llsl                             0x08002375   Thumb Code     0  llshl.o(.text)
    _ll_shift_l                              0x08002375   Thumb Code    38  llshl.o(.text)
    _printf_fp_infnan                        0x0800239d   Thumb Code   112  _printf_fp_infnan.o(.text)
    _btod_etento                             0x0800241d   Thumb Code   224  bigflt0.o(.text)
    exit                                     0x08002501   Thumb Code    18  exit.o(.text)
    _scanf_really_hex_real                   0x08002515   Thumb Code   786  scanf_hexfp.o(.text)
    _scanf_really_infnan                     0x08002835   Thumb Code   292  scanf_infnan.o(.text)
    strcmp                                   0x08002969   Thumb Code   124  strcmpv7em.o(.text)
    _sys_exit                                0x080029e5   Thumb Code     8  sys_exit.o(.text)
    __I$use$semihosting                      0x080029f1   Thumb Code     0  use_no_semi.o(.text)
    __use_no_semihosting_swi                 0x080029f1   Thumb Code     2  use_no_semi.o(.text)
    __semihosting_library_function           0x080029f3   Thumb Code     0  indicate_semi.o(.text)
    ADCInit                                  0x080029f5   Thumb Code   268  adc.o(.text.ADCInit)
    ADCRead                                  0x08002b01   Thumb Code    60  adc.o(.text.ADCRead)
    DACInit                                  0x08002b3d   Thumb Code    30  dac.o(.text.DACInit)
    DACWrite                                 0x08002b5d   Thumb Code    30  dac.o(.text.DACWrite)
    DelayMs                                  0x08002b7d   Thumb Code   128  main.o(.text.DelayMs)
    DelayMsNew                               0x08002bfd   Thumb Code   128  lcd.o(.text.DelayMsNew)
    ExecCmd                                  0x08002c7d   Thumb Code  1052  main.o(.text.ExecCmd)
    I2CInit                                  0x08003099   Thumb Code   208  i2c.o(.text.I2CInit)
    I2CRead                                  0x08003169   Thumb Code   642  i2c.o(.text.I2CRead)
    I2CWrite                                 0x080033ed   Thumb Code   250  i2c.o(.text.I2CWrite)
    LCDClear                                 0x080034e9   Thumb Code    16  lcd.o(.text.LCDClear)
    LCDDefineDegree                          0x080034f9   Thumb Code    86  lcd.o(.text.LCDDefineDegree)
    LCDSendCmd                               0x08003551   Thumb Code    94  lcd.o(.text.LCDSendCmd)
    LCDSendData                              0x080035b1   Thumb Code   112  lcd.o(.text.LCDSendData)
    LCDSendString                            0x08003621   Thumb Code    34  lcd.o(.text.LCDSendString)
    LEDInit                                  0x08003645   Thumb Code   106  led.o(.text.LEDInit)
    LEDReset                                 0x080036b1   Thumb Code   200  led.o(.text.LEDReset)
    LEDSet                                   0x08003779   Thumb Code   200  led.o(.text.LEDSet)
    SysTickEnable                            0x08004811   Thumb Code    26  main.o(.text.SysTickEnable)
    SysTickTime                              0x0800482d   Thumb Code    50  main.o(.text.SysTickTime)
    SysTick_Handler                          0x08004861   Thumb Code   556  main.o(.text.SysTick_Handler)
    SystemInit                               0x08004a8d   Thumb Code    18  system_stm32f4xx.o(.text.SystemInit)
    TIM3InitPWM                              0x08004aa1   Thumb Code   306  tim3_pwm.o(.text.TIM3InitPWM)
    TIM3RGB                                  0x08004bd5   Thumb Code   106  tim3_pwm.o(.text.TIM3RGB)
    TIM3Servo                                0x08004c41   Thumb Code    50  tim3_pwm.o(.text.TIM3Servo)
    TempRead                                 0x08004c75   Thumb Code    50  temperatur.o(.text.TempRead)
    TempSetRes                               0x08004ca9   Thumb Code    68  temperatur.o(.text.TempSetRes)
    USART2Init                               0x08004ced   Thumb Code   218  usart2.o(.text.USART2Init)
    USART2WriteChar                          0x08004dc9   Thumb Code    48  usart2.o(.text.USART2WriteChar)
    USART2WriteString                        0x08004df9   Thumb Code    42  usart2.o(.text.USART2WriteString)
    USART2_IRQHandler                        0x08004e25   Thumb Code   128  usart2.o(.text.USART2_IRQHandler)
    calcTemp                                 0x08004ed9   Thumb Code   176  main.o(.text.calcTemp)
    calc_led                                 0x08004f99   Thumb Code   116  main.o(.text.calc_led)
    initPortC                                0x0800500d   Thumb Code    30  main.o(.text.initPortC)
    isPosChanged                             0x0800502d   Thumb Code    52  main.o(.text.isPosChanged)
    main                                     0x08005061   Thumb Code   300  main.o(.text.main)
    printTempToDisplay                       0x0800518d   Thumb Code   220  main.o(.text.printTempToDisplay)
    setCCR                                   0x08005269   Thumb Code   116  tim3_pwm.o(.text.setCCR)
    set_dutycycles                           0x080052dd   Thumb Code    52  main.o(.text.set_dutycycles)
    sinus_berechnung                         0x08005311   Thumb Code   168  main.o(.text.sinus_berechnung)
    visTemp                                  0x080053d9   Thumb Code    96  main.o(.text.visTemp)
    _btod_d2e                                0x08005439   Thumb Code    62  btod.o(CL$$btod_d2e)
    _d2e_denorm_low                          0x08005477   Thumb Code    70  btod.o(CL$$btod_d2e_denorm_low)
    _d2e_norm_op1                            0x080054bd   Thumb Code    96  btod.o(CL$$btod_d2e_norm_op1)
    __btod_div_common                        0x0800551d   Thumb Code   696  btod.o(CL$$btod_div_common)
    _e2d                                     0x08005855   Thumb Code   122  btod.o(CL$$btod_e2d)
    _e2e                                     0x080058d9   Thumb Code   220  btod.o(CL$$btod_e2e)
    _btod_ediv                               0x080059b5   Thumb Code    42  btod.o(CL$$btod_ediv)
    _btod_edivd                              0x080059df   Thumb Code    42  btod.o(CL$$btod_edivd)
    _btod_emul                               0x08005a09   Thumb Code    42  btod.o(CL$$btod_emul)
    _btod_emuld                              0x08005a33   Thumb Code    42  btod.o(CL$$btod_emuld)
    __btod_mult_common                       0x08005a5d   Thumb Code   580  btod.o(CL$$btod_mult_common)
    LCDCmd                                   0x08005ca1   Thumb Code    58  LCDInit.o(i.LCDCmd)
    LCDInit                                  0x08005cdb   Thumb Code   118  LCDInit.o(i.LCDInit)
    __ARM_fpclassify                         0x08005d51   Thumb Code    48  fpclassify.o(i.__ARM_fpclassify)
    __hardfp___mathlib_tofloat               0x08005d81   Thumb Code   232  narrow.o(i.__hardfp___mathlib_tofloat)
    __hardfp_ldexp                           0x08005e79   Thumb Code   200  ldexp.o(i.__hardfp_ldexp)
    __hardfp_sin                             0x08005f49   Thumb Code   180  sin.o(i.__hardfp_sin)
    __ieee754_rem_pio2                       0x08006011   Thumb Code   938  rred.o(i.__ieee754_rem_pio2)
    __kernel_cos                             0x08006449   Thumb Code   322  cos_i.o(i.__kernel_cos)
    __kernel_poly                            0x080065b9   Thumb Code   248  poly.o(i.__kernel_poly)
    __kernel_sin                             0x080066b1   Thumb Code   280  sin_i.o(i.__kernel_sin)
    __mathlib_dbl_infnan                     0x080067e1   Thumb Code    20  dunder.o(i.__mathlib_dbl_infnan)
    __mathlib_dbl_invalid                    0x080067f9   Thumb Code    24  dunder.o(i.__mathlib_dbl_invalid)
    __mathlib_dbl_overflow                   0x08006819   Thumb Code    24  dunder.o(i.__mathlib_dbl_overflow)
    __mathlib_dbl_underflow                  0x08006839   Thumb Code    24  dunder.o(i.__mathlib_dbl_underflow)
    __mathlib_narrow                         0x08006859   Thumb Code    18  narrow.o(i.__mathlib_narrow)
    __support_ldexp                          0x0800686b   Thumb Code    20  ldexp.o(i.__support_ldexp)
    _is_digit                                0x0800687f   Thumb Code    14  __printf_wp.o(i._is_digit)
    fabs                                     0x0800688d   Thumb Code    24  fabs.o(i.fabs)
    frexp                                    0x080068a9   Thumb Code   118  frexp.o(i.frexp)
    _get_lc_numeric                          0x08006935   Thumb Code    44  lc_numeric_c.o(locale$$code)
    _get_lc_ctype                            0x08006961   Thumb Code    44  lc_ctype_c.o(locale$$code)
    __aeabi_dneg                             0x0800698d   Thumb Code     0  basic.o(x$fpl$basic)
    _dneg                                    0x0800698d   Thumb Code     6  basic.o(x$fpl$basic)
    __aeabi_fneg                             0x08006993   Thumb Code     0  basic.o(x$fpl$basic)
    _fneg                                    0x08006993   Thumb Code     6  basic.o(x$fpl$basic)
    _dabs                                    0x08006999   Thumb Code     6  basic.o(x$fpl$basic)
    _fabs                                    0x0800699f   Thumb Code     6  basic.o(x$fpl$basic)
    __aeabi_d2f                              0x080069a5   Thumb Code     0  d2f.o(x$fpl$d2f)
    _d2f                                     0x080069a5   Thumb Code    98  d2f.o(x$fpl$d2f)
    __aeabi_dadd                             0x08006a09   Thumb Code     0  daddsub_clz.o(x$fpl$dadd)
    _dadd                                    0x08006a09   Thumb Code   332  daddsub_clz.o(x$fpl$dadd)
    __fpl_dcheck_NaN1                        0x08006b59   Thumb Code    10  dcheck1.o(x$fpl$dcheck1)
    __fpl_dcmp_Inf                           0x08006b69   Thumb Code    24  dcmpi.o(x$fpl$dcmpinf)
    __aeabi_ddiv                             0x08006b81   Thumb Code     0  ddiv.o(x$fpl$ddiv)
    _ddiv                                    0x08006b81   Thumb Code   556  ddiv.o(x$fpl$ddiv)
    __aeabi_cdcmpeq                          0x08006e35   Thumb Code     0  deqf.o(x$fpl$deqf)
    _dcmpeq                                  0x08006e35   Thumb Code   120  deqf.o(x$fpl$deqf)
    __aeabi_d2iz                             0x08006ead   Thumb Code     0  dfix.o(x$fpl$dfix)
    _dfix                                    0x08006ead   Thumb Code    94  dfix.o(x$fpl$dfix)
    __aeabi_i2d                              0x08006f0b   Thumb Code     0  dflt_clz.o(x$fpl$dflt)
    _dflt                                    0x08006f0b   Thumb Code    46  dflt_clz.o(x$fpl$dflt)
    __aeabi_ui2d                             0x08006f39   Thumb Code     0  dflt_clz.o(x$fpl$dfltu)
    _dfltu                                   0x08006f39   Thumb Code    38  dflt_clz.o(x$fpl$dfltu)
    __aeabi_cdcmple                          0x08006f61   Thumb Code     0  dleqf.o(x$fpl$dleqf)
    _dcmple                                  0x08006f61   Thumb Code   120  dleqf.o(x$fpl$dleqf)
    __fpl_dcmple_InfNaN                      0x08006fc3   Thumb Code     0  dleqf.o(x$fpl$dleqf)
    __aeabi_dmul                             0x08006fd9   Thumb Code     0  dmul.o(x$fpl$dmul)
    _dmul                                    0x08006fd9   Thumb Code   332  dmul.o(x$fpl$dmul)
    __fpl_dnaninf                            0x0800712d   Thumb Code   156  dnaninf.o(x$fpl$dnaninf)
    __fpl_dretinf                            0x080071c9   Thumb Code    12  dretinf.o(x$fpl$dretinf)
    __aeabi_cdrcmple                         0x080071d5   Thumb Code     0  drleqf.o(x$fpl$drleqf)
    _drcmple                                 0x080071d5   Thumb Code   108  drleqf.o(x$fpl$drleqf)
    __aeabi_drsub                            0x08007241   Thumb Code     0  daddsub_clz.o(x$fpl$drsb)
    _drsb                                    0x08007241   Thumb Code    22  daddsub_clz.o(x$fpl$drsb)
    __aeabi_dsub                             0x08007259   Thumb Code     0  daddsub_clz.o(x$fpl$dsub)
    _dsub                                    0x08007259   Thumb Code   472  daddsub_clz.o(x$fpl$dsub)
    __aeabi_f2d                              0x08007435   Thumb Code     0  f2d.o(x$fpl$f2d)
    _f2d                                     0x08007435   Thumb Code    86  f2d.o(x$fpl$f2d)
    __fpl_fnaninf                            0x0800748b   Thumb Code   140  fnaninf.o(x$fpl$fnaninf)
    _fp_init                                 0x08007517   Thumb Code    26  fpinit.o(x$fpl$fpinit)
    __fplib_config_fpu_vfp                   0x0800752f   Thumb Code     0  fpinit.o(x$fpl$fpinit)
    __fplib_config_pureend_doubles           0x0800752f   Thumb Code     0  fpinit.o(x$fpl$fpinit)
    __fpl_fretinf                            0x08007531   Thumb Code    10  fretinf.o(x$fpl$fretinf)
    __ieee_status                            0x0800753b   Thumb Code     6  istatus.o(x$fpl$ieeestatus)
    _printf_fp_dec                           0x08007541   Thumb Code     4  printf1.o(x$fpl$printf1)
    _printf_fp_hex                           0x08007545   Thumb Code     4  printf2.o(x$fpl$printf2)
    __fpl_return_NaN                         0x08007549   Thumb Code   100  retnan.o(x$fpl$retnan)
    __ARM_scalbn                             0x080075ad   Thumb Code    92  scalbn.o(x$fpl$scalbn)
    _scanf_real                              0x08007609   Thumb Code     4  scanf1.o(x$fpl$scanf1)
    _scanf_hex_real                          0x0800760d   Thumb Code     4  scanf2.o(x$fpl$scanf2)
    _scanf_infnan                            0x08007611   Thumb Code     4  scanf2.o(x$fpl$scanf2)
    __fpl_cmpreturn                          0x08007615   Thumb Code    48  trapv.o(x$fpl$trapveneer)
    __I$use$fp                               0x08007644   Number         0  usenofp.o(x$fpl$usenofp)
    Region$$Table$$Base                      0x080079a0   Number         0  anon$$obj.o(Region$$Table)
    Region$$Table$$Limit                     0x080079c0   Number         0  anon$$obj.o(Region$$Table)
    __aeabi_HUGE_VAL                         0x080079c0   Data           0  fpconst.o(c$$dinf)
    __aeabi_HUGE_VALL                        0x080079c0   Data           0  fpconst.o(c$$dinf)
    __aeabi_INFINITY                         0x080079c0   Data           0  fpconst.o(c$$dinf)
    __dInf                                   0x080079c0   Data           0  fpconst.o(c$$dinf)
    __huge_val                               0x080079c0   Data           0  fpconst.o(c$$dinf)
    __dbl_max                                0x080079c8   Data           0  fpconst.o(c$$dmax)
    __ctype                                  0x080079f9   Data           0  lc_ctype_c.o(locale$$data)
    SystemCoreClock                          0x20000000   Data           4  system_stm32f4xx.o(.data.SystemCoreClock)
    dir                                      0x20000004   Data           4  main.o(.data.dir)
    mode                                     0x20000008   Data           1  main.o(.data.mode)
    sin_vals                                 0x2000000c   Data         128  main.o(.data.sin_vals)
    steps                                    0x2000008c   Data         128  main.o(.data.steps)
    __libspace_start                         0x20000110   Data          96  libspace.o(.bss)
    USART2CmdFlag                            0x20000170   Data           4  usart2.o(.bss.USART2CmdFlag)
    __temporary_stack_top$libspace           0x20000170   Data           0  libspace.o(.bss)
    USART2InputBuffer                        0x20000174   Data          64  usart2.o(.bss.USART2InputBuffer)
    act_pos                                  0x200001b4   Data           4  main.o(.bss.act_pos)
    counter                                  0x200001b8   Data           4  main.o(.bss.counter)
    counter2                                 0x200001bc   Data           4  main.o(.bss.counter2)
    des_pos                                  0x200001c0   Data           4  main.o(.bss.des_pos)
    dutycyles                                0x200001c4   Data          16  main.o(.bss.dutycyles)
    pos                                      0x200001d8   Data           4  usart2.o(.bss.pos)
    steps_pos                                0x200001dc   Data           4  main.o(.bss.steps_pos)
    temp_count                               0x200001e0   Data           4  main.o(.bss.temp_count)



==============================================================================

Memory Map of the image

  Image Entry point : 0x0800033d

  Load Region LR_1 (Base: 0x08000000, Size: 0x00007c08, Max: 0xffffffff, ABSOLUTE)

    Execution Region ER_RO (Exec base: 0x08000000, Load base: 0x08000000, Size: 0x00007afc, Max: 0xffffffff, ABSOLUTE)

    Exec Addr    Load Addr    Size         Type   Attr      Idx    E Section Name        Object

    0x08000000   0x08000000   0x000001c4   Data   RO         1140    RESET               startup_stm32f446xx.o
    0x080001c4   0x080001c4   0x00000008   Code   RO         1169  * !!!main             c_w.l(__main.o)
    0x080001cc   0x080001cc   0x0000005c   Code   RO         1689    !!!scatter          c_w.l(__scatter.o)
    0x08000228   0x08000228   0x0000001a   Code   RO         1693    !!handler_copy      c_w.l(__scatter_copy.o)
    0x08000242   0x08000242   0x00000002   PAD
    0x08000244   0x08000244   0x00000002   Code   RO         1690    !!handler_null      c_w.l(__scatter.o)
    0x08000246   0x08000246   0x00000002   PAD
    0x08000248   0x08000248   0x0000001c   Code   RO         1695    !!handler_zi        c_w.l(__scatter_zi.o)
    0x08000264   0x08000264   0x00000000   Code   RO         1291    .ARM.Collect$$_printf_percent$$00000000  c_w.l(_printf_percent.o)
    0x08000264   0x08000264   0x00000006   Code   RO         1280    .ARM.Collect$$_printf_percent$$00000001  c_w.l(_printf_n.o)
    0x0800026a   0x0800026a   0x00000006   Code   RO         1282    .ARM.Collect$$_printf_percent$$00000002  c_w.l(_printf_p.o)
    0x08000270   0x08000270   0x00000006   Code   RO         1287    .ARM.Collect$$_printf_percent$$00000003  c_w.l(_printf_f.o)
    0x08000276   0x08000276   0x00000006   Code   RO         1288    .ARM.Collect$$_printf_percent$$00000004  c_w.l(_printf_e.o)
    0x0800027c   0x0800027c   0x00000006   Code   RO         1289    .ARM.Collect$$_printf_percent$$00000005  c_w.l(_printf_g.o)
    0x08000282   0x08000282   0x00000006   Code   RO         1290    .ARM.Collect$$_printf_percent$$00000006  c_w.l(_printf_a.o)
    0x08000288   0x08000288   0x0000000a   Code   RO         1295    .ARM.Collect$$_printf_percent$$00000007  c_w.l(_printf_ll.o)
    0x08000292   0x08000292   0x00000006   Code   RO         1284    .ARM.Collect$$_printf_percent$$00000008  c_w.l(_printf_i.o)
    0x08000298   0x08000298   0x00000006   Code   RO         1285    .ARM.Collect$$_printf_percent$$00000009  c_w.l(_printf_d.o)
    0x0800029e   0x0800029e   0x00000006   Code   RO         1286    .ARM.Collect$$_printf_percent$$0000000A  c_w.l(_printf_u.o)
    0x080002a4   0x080002a4   0x00000006   Code   RO         1283    .ARM.Collect$$_printf_percent$$0000000B  c_w.l(_printf_o.o)
    0x080002aa   0x080002aa   0x00000006   Code   RO         1281    .ARM.Collect$$_printf_percent$$0000000C  c_w.l(_printf_x.o)
    0x080002b0   0x080002b0   0x00000006   Code   RO         1292    .ARM.Collect$$_printf_percent$$0000000D  c_w.l(_printf_lli.o)
    0x080002b6   0x080002b6   0x00000006   Code   RO         1293    .ARM.Collect$$_printf_percent$$0000000E  c_w.l(_printf_lld.o)
    0x080002bc   0x080002bc   0x00000006   Code   RO         1294    .ARM.Collect$$_printf_percent$$0000000F  c_w.l(_printf_llu.o)
    0x080002c2   0x080002c2   0x00000006   Code   RO         1299    .ARM.Collect$$_printf_percent$$00000010  c_w.l(_printf_llo.o)
    0x080002c8   0x080002c8   0x00000006   Code   RO         1300    .ARM.Collect$$_printf_percent$$00000011  c_w.l(_printf_llx.o)
    0x080002ce   0x080002ce   0x0000000a   Code   RO         1296    .ARM.Collect$$_printf_percent$$00000012  c_w.l(_printf_l.o)
    0x080002d8   0x080002d8   0x00000006   Code   RO         1278    .ARM.Collect$$_printf_percent$$00000013  c_w.l(_printf_c.o)
    0x080002de   0x080002de   0x00000006   Code   RO         1279    .ARM.Collect$$_printf_percent$$00000014  c_w.l(_printf_s.o)
    0x080002e4   0x080002e4   0x00000006   Code   RO         1297    .ARM.Collect$$_printf_percent$$00000015  c_w.l(_printf_lc.o)
    0x080002ea   0x080002ea   0x00000006   Code   RO         1298    .ARM.Collect$$_printf_percent$$00000016  c_w.l(_printf_ls.o)
    0x080002f0   0x080002f0   0x00000004   Code   RO         1404    .ARM.Collect$$_printf_percent$$00000017  c_w.l(_printf_percent_end.o)
    0x080002f4   0x080002f4   0x00000002   Code   RO         1491    .ARM.Collect$$libinit$$00000000  c_w.l(libinit.o)
    0x080002f6   0x080002f6   0x00000004   Code   RO         1531    .ARM.Collect$$libinit$$00000001  c_w.l(libinit2.o)
    0x080002fa   0x080002fa   0x00000000   Code   RO         1534    .ARM.Collect$$libinit$$00000004  c_w.l(libinit2.o)
    0x080002fa   0x080002fa   0x00000000   Code   RO         1536    .ARM.Collect$$libinit$$00000006  c_w.l(libinit2.o)
    0x080002fa   0x080002fa   0x00000000   Code   RO         1539    .ARM.Collect$$libinit$$0000000C  c_w.l(libinit2.o)
    0x080002fa   0x080002fa   0x00000000   Code   RO         1541    .ARM.Collect$$libinit$$0000000E  c_w.l(libinit2.o)
    0x080002fa   0x080002fa   0x00000000   Code   RO         1543    .ARM.Collect$$libinit$$00000010  c_w.l(libinit2.o)
    0x080002fa   0x080002fa   0x00000006   Code   RO         1544    .ARM.Collect$$libinit$$00000011  c_w.l(libinit2.o)
    0x08000300   0x08000300   0x00000000   Code   RO         1546    .ARM.Collect$$libinit$$00000013  c_w.l(libinit2.o)
    0x08000300   0x08000300   0x0000000c   Code   RO         1547    .ARM.Collect$$libinit$$00000014  c_w.l(libinit2.o)
    0x0800030c   0x0800030c   0x00000000   Code   RO         1548    .ARM.Collect$$libinit$$00000015  c_w.l(libinit2.o)
    0x0800030c   0x0800030c   0x00000000   Code   RO         1550    .ARM.Collect$$libinit$$00000017  c_w.l(libinit2.o)
    0x0800030c   0x0800030c   0x0000000a   Code   RO         1551    .ARM.Collect$$libinit$$00000018  c_w.l(libinit2.o)
    0x08000316   0x08000316   0x00000000   Code   RO         1552    .ARM.Collect$$libinit$$00000019  c_w.l(libinit2.o)
    0x08000316   0x08000316   0x00000000   Code   RO         1554    .ARM.Collect$$libinit$$0000001B  c_w.l(libinit2.o)
    0x08000316   0x08000316   0x00000000   Code   RO         1556    .ARM.Collect$$libinit$$0000001D  c_w.l(libinit2.o)
    0x08000316   0x08000316   0x00000000   Code   RO         1558    .ARM.Collect$$libinit$$0000001F  c_w.l(libinit2.o)
    0x08000316   0x08000316   0x00000000   Code   RO         1560    .ARM.Collect$$libinit$$00000021  c_w.l(libinit2.o)
    0x08000316   0x08000316   0x00000000   Code   RO         1562    .ARM.Collect$$libinit$$00000023  c_w.l(libinit2.o)
    0x08000316   0x08000316   0x00000000   Code   RO         1564    .ARM.Collect$$libinit$$00000025  c_w.l(libinit2.o)
    0x08000316   0x08000316   0x00000000   Code   RO         1566    .ARM.Collect$$libinit$$00000027  c_w.l(libinit2.o)
    0x08000316   0x08000316   0x00000000   Code   RO         1570    .ARM.Collect$$libinit$$0000002E  c_w.l(libinit2.o)
    0x08000316   0x08000316   0x00000000   Code   RO         1572    .ARM.Collect$$libinit$$00000030  c_w.l(libinit2.o)
    0x08000316   0x08000316   0x00000000   Code   RO         1574    .ARM.Collect$$libinit$$00000032  c_w.l(libinit2.o)
    0x08000316   0x08000316   0x00000000   Code   RO         1576    .ARM.Collect$$libinit$$00000034  c_w.l(libinit2.o)
    0x08000316   0x08000316   0x00000002   Code   RO         1577    .ARM.Collect$$libinit$$00000035  c_w.l(libinit2.o)
    0x08000318   0x08000318   0x00000002   Code   RO         1636    .ARM.Collect$$libshutdown$$00000000  c_w.l(libshutdown.o)
    0x0800031a   0x0800031a   0x00000000   Code   RO         1666    .ARM.Collect$$libshutdown$$00000002  c_w.l(libshutdown2.o)
    0x0800031a   0x0800031a   0x00000000   Code   RO         1668    .ARM.Collect$$libshutdown$$00000004  c_w.l(libshutdown2.o)
    0x0800031a   0x0800031a   0x00000000   Code   RO         1671    .ARM.Collect$$libshutdown$$00000007  c_w.l(libshutdown2.o)
    0x0800031a   0x0800031a   0x00000000   Code   RO         1674    .ARM.Collect$$libshutdown$$0000000A  c_w.l(libshutdown2.o)
    0x0800031a   0x0800031a   0x00000000   Code   RO         1676    .ARM.Collect$$libshutdown$$0000000C  c_w.l(libshutdown2.o)
    0x0800031a   0x0800031a   0x00000000   Code   RO         1679    .ARM.Collect$$libshutdown$$0000000F  c_w.l(libshutdown2.o)
    0x0800031a   0x0800031a   0x00000002   Code   RO         1680    .ARM.Collect$$libshutdown$$00000010  c_w.l(libshutdown2.o)
    0x0800031c   0x0800031c   0x00000000   Code   RO         1203    .ARM.Collect$$rtentry$$00000000  c_w.l(__rtentry.o)
    0x0800031c   0x0800031c   0x00000000   Code   RO         1364    .ARM.Collect$$rtentry$$00000002  c_w.l(__rtentry2.o)
    0x0800031c   0x0800031c   0x00000006   Code   RO         1376    .ARM.Collect$$rtentry$$00000004  c_w.l(__rtentry4.o)
    0x08000322   0x08000322   0x00000000   Code   RO         1366    .ARM.Collect$$rtentry$$00000009  c_w.l(__rtentry2.o)
    0x08000322   0x08000322   0x00000004   Code   RO         1367    .ARM.Collect$$rtentry$$0000000A  c_w.l(__rtentry2.o)
    0x08000326   0x08000326   0x00000000   Code   RO         1369    .ARM.Collect$$rtentry$$0000000C  c_w.l(__rtentry2.o)
    0x08000326   0x08000326   0x00000008   Code   RO         1370    .ARM.Collect$$rtentry$$0000000D  c_w.l(__rtentry2.o)
    0x0800032e   0x0800032e   0x00000002   Code   RO         1512    .ARM.Collect$$rtexit$$00000000  c_w.l(rtexit.o)
    0x08000330   0x08000330   0x00000000   Code   RO         1593    .ARM.Collect$$rtexit$$00000002  c_w.l(rtexit2.o)
    0x08000330   0x08000330   0x00000004   Code   RO         1594    .ARM.Collect$$rtexit$$00000003  c_w.l(rtexit2.o)
    0x08000334   0x08000334   0x00000006   Code   RO         1595    .ARM.Collect$$rtexit$$00000004  c_w.l(rtexit2.o)
    0x0800033a   0x0800033a   0x00000002   PAD
    0x0800033c   0x0800033c   0x00000040   Code   RO         1141  * .text               startup_stm32f446xx.o
    0x0800037c   0x0800037c   0x000000f0   Code   RO         1161    .text               c_w.l(lludivv7m.o)
    0x0800046c   0x0800046c   0x0000002c   Code   RO         1163    .text               c_w.l(sprintf.o)
    0x08000498   0x08000498   0x0000003c   Code   RO         1165    .text               c_w.l(sscanf.o)
    0x080004d4   0x080004d4   0x00000006   Code   RO         1167    .text               c_w.l(heapauxi.o)
    0x080004da   0x080004da   0x00000016   Code   RO         1208    .text               c_w.l(_rserrno.o)
    0x080004f0   0x080004f0   0x0000004e   Code   RO         1212    .text               c_w.l(_printf_pad.o)
    0x0800053e   0x0800053e   0x00000024   Code   RO         1214    .text               c_w.l(_printf_truncate.o)
    0x08000562   0x08000562   0x00000052   Code   RO         1216    .text               c_w.l(_printf_str.o)
    0x080005b4   0x080005b4   0x00000078   Code   RO         1218    .text               c_w.l(_printf_dec.o)
    0x0800062c   0x0800062c   0x00000028   Code   RO         1220    .text               c_w.l(_printf_charcount.o)
    0x08000654   0x08000654   0x00000030   Code   RO         1222    .text               c_w.l(_printf_char_common.o)
    0x08000684   0x08000684   0x0000000a   Code   RO         1224    .text               c_w.l(_sputc.o)
    0x0800068e   0x0800068e   0x00000002   PAD
    0x08000690   0x08000690   0x000000bc   Code   RO         1226    .text               c_w.l(_printf_wctomb.o)
    0x0800074c   0x0800074c   0x0000007c   Code   RO         1229    .text               c_w.l(_printf_longlong_dec.o)
    0x080007c8   0x080007c8   0x00000070   Code   RO         1235    .text               c_w.l(_printf_oct_int_ll.o)
    0x08000838   0x08000838   0x00000094   Code   RO         1255    .text               c_w.l(_printf_hex_int_ll_ptr.o)
    0x080008cc   0x080008cc   0x00000188   Code   RO         1275    .text               c_w.l(__printf_flags_ss_wp.o)
    0x08000a54   0x08000a54   0x00000156   Code   RO         1301    .text               c_w.l(_scanf_longlong.o)
    0x08000baa   0x08000baa   0x0000014c   Code   RO         1303    .text               c_w.l(_scanf_int.o)
    0x08000cf6   0x08000cf6   0x000000e0   Code   RO         1305    .text               c_w.l(_scanf_str.o)
    0x08000dd6   0x08000dd6   0x00000002   PAD
    0x08000dd8   0x08000dd8   0x0000002c   Code   RO         1307    .text               c_w.l(scanf_char.o)
    0x08000e04   0x08000e04   0x00000040   Code   RO         1309    .text               c_w.l(_sgetc.o)
    0x08000e44   0x08000e44   0x00000114   Code   RO         1311    .text               c_w.l(_scanf_mbtowc.o)
    0x08000f58   0x08000f58   0x000000e8   Code   RO         1313    .text               c_w.l(_scanf_wctomb.o)
    0x08001040   0x08001040   0x000000d0   Code   RO         1315    .text               c_w.l(_scanf_wstr.o)
    0x08001110   0x08001110   0x00000008   Code   RO         1383    .text               c_w.l(rt_errno_addr_intlibspace.o)
    0x08001118   0x08001118   0x0000008a   Code   RO         1385    .text               c_w.l(lludiv10.o)
    0x080011a2   0x080011a2   0x00000012   Code   RO         1387    .text               c_w.l(isspace.o)
    0x080011b4   0x080011b4   0x000000b2   Code   RO         1389    .text               c_w.l(_printf_intcommon.o)
    0x08001266   0x08001266   0x0000041c   Code   RO         1391    .text               c_w.l(_printf_fp_dec.o)
    0x08001682   0x08001682   0x00000002   PAD
    0x08001684   0x08001684   0x000002fc   Code   RO         1395    .text               c_w.l(_printf_fp_hex.o)
    0x08001980   0x08001980   0x0000002c   Code   RO         1400    .text               c_w.l(_printf_char.o)
    0x080019ac   0x080019ac   0x0000002c   Code   RO         1402    .text               c_w.l(_printf_wchar.o)
    0x080019d8   0x080019d8   0x0000001c   Code   RO         1405    .text               c_w.l(_chval.o)
    0x080019f4   0x080019f4   0x00000374   Code   RO         1407    .text               c_w.l(_scanf.o)
    0x08001d68   0x08001d68   0x000004f8   Code   RO         1409    .text               c_w.l(scanf_fp.o)
    0x08002260   0x08002260   0x0000001e   Code   RO         1413    .text               c_w.l(_scanf_wcharmap.o)
    0x0800227e   0x0800227e   0x00000040   Code   RO         1415    .text               c_w.l(_mbrtoc16.o)
    0x080022be   0x080022be   0x00000048   Code   RO         1417    .text               c_w.l(_c16rtomb.o)
    0x08002306   0x08002306   0x00000002   PAD
    0x08002308   0x08002308   0x00000008   Code   RO         1429    .text               c_w.l(libspace.o)
    0x08002310   0x08002310   0x0000004a   Code   RO         1432    .text               c_w.l(sys_stackheap_outer.o)
    0x0800235a   0x0800235a   0x00000002   PAD
    0x0800235c   0x0800235c   0x00000010   Code   RO         1434    .text               c_w.l(rt_ctype_table.o)
    0x0800236c   0x0800236c   0x00000008   Code   RO         1439    .text               c_w.l(rt_locale_intlibspace.o)
    0x08002374   0x08002374   0x00000026   Code   RO         1441    .text               c_w.l(llshl.o)
    0x0800239a   0x0800239a   0x00000002   PAD
    0x0800239c   0x0800239c   0x00000080   Code   RO         1443    .text               c_w.l(_printf_fp_infnan.o)
    0x0800241c   0x0800241c   0x000000e4   Code   RO         1445    .text               c_w.l(bigflt0.o)
    0x08002500   0x08002500   0x00000012   Code   RO         1478    .text               c_w.l(exit.o)
    0x08002512   0x08002512   0x00000002   PAD
    0x08002514   0x08002514   0x00000320   Code   RO         1516    .text               c_w.l(scanf_hexfp.o)
    0x08002834   0x08002834   0x00000134   Code   RO         1518    .text               c_w.l(scanf_infnan.o)
    0x08002968   0x08002968   0x0000007c   Code   RO         1529    .text               c_w.l(strcmpv7em.o)
    0x080029e4   0x080029e4   0x0000000c   Code   RO         1588    .text               c_w.l(sys_exit.o)
    0x080029f0   0x080029f0   0x00000002   Code   RO         1625    .text               c_w.l(use_no_semi.o)
    0x080029f2   0x080029f2   0x00000000   Code   RO         1627    .text               c_w.l(indicate_semi.o)
    0x080029f2   0x080029f2   0x00000002   PAD
    0x080029f4   0x080029f4   0x0000010c   Code   RO            2    .text.ADCInit       adc.o
    0x08002b00   0x08002b00   0x0000003c   Code   RO           28    .text.ADCRead       adc.o
    0x08002b3c   0x08002b3c   0x0000001e   Code   RO          189    .text.DACInit       dac.o
    0x08002b5a   0x08002b5a   0x00000002   PAD
    0x08002b5c   0x08002b5c   0x0000001e   Code   RO          195    .text.DACWrite      dac.o
    0x08002b7a   0x08002b7a   0x00000002   PAD
    0x08002b7c   0x08002b7c   0x00000080   Code   RO           55    .text.DelayMs       main.o
    0x08002bfc   0x08002bfc   0x00000080   Code   RO          297    .text.DelayMsNew    lcd.o
    0x08002c7c   0x08002c7c   0x0000041c   Code   RO           73    .text.ExecCmd       main.o
    0x08003098   0x08003098   0x000000d0   Code   RO          232    .text.I2CInit       i2c.o
    0x08003168   0x08003168   0x00000282   Code   RO          282    .text.I2CRead       i2c.o
    0x080033ea   0x080033ea   0x00000002   PAD
    0x080033ec   0x080033ec   0x000000fa   Code   RO          260    .text.I2CWrite      i2c.o
    0x080034e6   0x080034e6   0x00000002   PAD
    0x080034e8   0x080034e8   0x00000010   Code   RO          317    .text.LCDClear      lcd.o
    0x080034f8   0x080034f8   0x00000056   Code   RO          321    .text.LCDDefineDegree  lcd.o
    0x0800354e   0x0800354e   0x00000002   PAD
    0x08003550   0x08003550   0x0000005e   Code   RO          313    .text.LCDSendCmd    lcd.o
    0x080035ae   0x080035ae   0x00000002   PAD
    0x080035b0   0x080035b0   0x00000070   Code   RO          315    .text.LCDSendData   lcd.o
    0x08003620   0x08003620   0x00000022   Code   RO          319    .text.LCDSendString  lcd.o
    0x08003642   0x08003642   0x00000002   PAD
    0x08003644   0x08003644   0x0000006a   Code   RO          111    .text.LEDInit       led.o
    0x080036ae   0x080036ae   0x00000002   PAD
    0x080036b0   0x080036b0   0x000000c8   Code   RO          121    .text.LEDReset      led.o
    0x08003778   0x08003778   0x000000c8   Code   RO          117    .text.LEDSet        led.o
    0x08003840   0x08003840   0x00000012   Code   RO           26    .text.LL_ADC_Enable  adc.o
    0x08003852   0x08003852   0x00000002   PAD
    0x08003854   0x08003854   0x00000010   Code   RO           32    .text.LL_ADC_IsActiveFlag_EOCS  adc.o
    0x08003864   0x08003864   0x0000000e   Code   RO           34    .text.LL_ADC_REG_ReadConversionData12  adc.o
    0x08003872   0x08003872   0x00000002   PAD
    0x08003874   0x08003874   0x0000001a   Code   RO           16    .text.LL_ADC_REG_SetContinuousMode  adc.o
    0x0800388e   0x0800388e   0x00000002   PAD
    0x08003890   0x08003890   0x00000068   Code   RO           14    .text.LL_ADC_REG_SetSequencerRanks  adc.o
    0x080038f8   0x080038f8   0x0000001a   Code   RO           18    .text.LL_ADC_REG_SetTriggerSource  adc.o
    0x08003912   0x08003912   0x00000002   PAD
    0x08003914   0x08003914   0x00000012   Code   RO           30    .text.LL_ADC_REG_StartConversionSWStart  adc.o
    0x08003926   0x08003926   0x00000002   PAD
    0x08003928   0x08003928   0x000000ca   Code   RO           20    .text.LL_ADC_SetChannelSamplingTime  adc.o
    0x080039f2   0x080039f2   0x00000002   PAD
    0x080039f4   0x080039f4   0x0000001a   Code   RO           10    .text.LL_ADC_SetCommonClock  adc.o
    0x08003a0e   0x08003a0e   0x00000002   PAD
    0x08003a10   0x08003a10   0x0000001a   Code   RO           24    .text.LL_ADC_SetDataAlignment  adc.o
    0x08003a2a   0x08003a2a   0x00000002   PAD
    0x08003a2c   0x08003a2c   0x0000001a   Code   RO           22    .text.LL_ADC_SetResolution  adc.o
    0x08003a46   0x08003a46   0x00000002   PAD
    0x08003a48   0x08003a48   0x0000001a   Code   RO           12    .text.LL_ADC_SetSequencersScanMode  adc.o
    0x08003a62   0x08003a62   0x00000002   PAD
    0x08003a64   0x08003a64   0x00000022   Code   RO            4    .text.LL_AHB1_GRP1_EnableClock  adc.o
    0x08003a86   0x08003a86   0x00000002   PAD
    0x08003a88   0x08003a88   0x00000022   Code   RO          113    .text.LL_AHB1_GRP1_EnableClock  led.o
    0x08003aaa   0x08003aaa   0x00000002   PAD
    0x08003aac   0x08003aac   0x00000022   Code   RO          134    .text.LL_AHB1_GRP1_EnableClock  usart2.o
    0x08003ace   0x08003ace   0x00000002   PAD
    0x08003ad0   0x08003ad0   0x00000022   Code   RO          208    .text.LL_AHB1_GRP1_EnableClock  tim3_pwm.o
    0x08003af2   0x08003af2   0x00000002   PAD
    0x08003af4   0x08003af4   0x00000022   Code   RO          234    .text.LL_AHB1_GRP1_EnableClock  i2c.o
    0x08003b16   0x08003b16   0x00000002   PAD
    0x08003b18   0x08003b18   0x00000022   Code   RO           57    .text.LL_APB1_GRP1_EnableClock  main.o
    0x08003b3a   0x08003b3a   0x00000002   PAD
    0x08003b3c   0x08003b3c   0x00000022   Code   RO          191    .text.LL_APB1_GRP1_EnableClock  dac.o
    0x08003b5e   0x08003b5e   0x00000002   PAD
    0x08003b60   0x08003b60   0x00000022   Code   RO          244    .text.LL_APB1_GRP1_EnableClock  i2c.o
    0x08003b82   0x08003b82   0x00000002   PAD
    0x08003b84   0x08003b84   0x00000022   Code   RO          299    .text.LL_APB1_GRP1_EnableClock  lcd.o
    0x08003ba6   0x08003ba6   0x00000002   PAD
    0x08003ba8   0x08003ba8   0x00000018   Code   RO          246    .text.LL_APB1_GRP1_ForceReset  i2c.o
    0x08003bc0   0x08003bc0   0x00000018   Code   RO          248    .text.LL_APB1_GRP1_ReleaseReset  i2c.o
    0x08003bd8   0x08003bd8   0x00000022   Code   RO            6    .text.LL_APB2_GRP1_EnableClock  adc.o
    0x08003bfa   0x08003bfa   0x00000002   PAD
    0x08003bfc   0x08003bfc   0x0000002e   Code   RO          197    .text.LL_DAC_ConvertData12RightAligned  dac.o
    0x08003c2a   0x08003c2a   0x00000002   PAD
    0x08003c2c   0x08003c2c   0x0000001e   Code   RO          193    .text.LL_DAC_Enable  dac.o
    0x08003c4a   0x08003c4a   0x00000002   PAD
    0x08003c4c   0x08003c4c   0x00000012   Code   RO          123    .text.LL_GPIO_ResetOutputPin  led.o
    0x08003c5e   0x08003c5e   0x00000002   PAD
    0x08003c60   0x08003c60   0x0000007c   Code   RO          140    .text.LL_GPIO_SetAFPin_0_7  usart2.o
    0x08003cdc   0x08003cdc   0x0000007c   Code   RO          214    .text.LL_GPIO_SetAFPin_0_7  tim3_pwm.o
    0x08003d58   0x08003d58   0x00000080   Code   RO          216    .text.LL_GPIO_SetAFPin_8_15  tim3_pwm.o
    0x08003dd8   0x08003dd8   0x00000080   Code   RO          240    .text.LL_GPIO_SetAFPin_8_15  i2c.o
    0x08003e58   0x08003e58   0x00000010   Code   RO          119    .text.LL_GPIO_SetOutputPin  led.o
    0x08003e68   0x08003e68   0x0000007c   Code   RO            8    .text.LL_GPIO_SetPinMode  adc.o
    0x08003ee4   0x08003ee4   0x0000007c   Code   RO          115    .text.LL_GPIO_SetPinMode  led.o
    0x08003f60   0x08003f60   0x0000007c   Code   RO          138    .text.LL_GPIO_SetPinMode  usart2.o
    0x08003fdc   0x08003fdc   0x0000007c   Code   RO          212    .text.LL_GPIO_SetPinMode  tim3_pwm.o
    0x08004058   0x08004058   0x0000007c   Code   RO          238    .text.LL_GPIO_SetPinMode  i2c.o
    0x080040d4   0x080040d4   0x0000001e   Code   RO          242    .text.LL_GPIO_SetPinOutputType  i2c.o
    0x080040f2   0x080040f2   0x00000002   PAD
    0x080040f4   0x080040f4   0x0000007c   Code   RO          136    .text.LL_GPIO_SetPinSpeed  usart2.o
    0x08004170   0x08004170   0x0000007c   Code   RO          210    .text.LL_GPIO_SetPinSpeed  tim3_pwm.o
    0x080041ec   0x080041ec   0x0000007c   Code   RO          236    .text.LL_GPIO_SetPinSpeed  i2c.o
    0x08004268   0x08004268   0x0000001a   Code   RO          256    .text.LL_I2C_AcknowledgeNextData  i2c.o
    0x08004282   0x08004282   0x00000002   PAD
    0x08004284   0x08004284   0x00000018   Code   RO          274    .text.LL_I2C_ClearFlag_ADDR  i2c.o
    0x0800429c   0x0800429c   0x00000140   Code   RO          250    .text.LL_I2C_ConfigSpeed  i2c.o
    0x080043dc   0x080043dc   0x00000012   Code   RO          264    .text.LL_I2C_DisableBitPOS  i2c.o
    0x080043ee   0x080043ee   0x00000002   PAD
    0x080043f0   0x080043f0   0x00000012   Code   RO          258    .text.LL_I2C_Enable  i2c.o
    0x08004402   0x08004402   0x00000002   PAD
    0x08004404   0x08004404   0x00000012   Code   RO          284    .text.LL_I2C_EnableBitPOS  i2c.o
    0x08004416   0x08004416   0x00000002   PAD
    0x08004418   0x08004418   0x00000012   Code   RO          266    .text.LL_I2C_GenerateStartCondition  i2c.o
    0x0800442a   0x0800442a   0x00000002   PAD
    0x0800442c   0x0800442c   0x00000012   Code   RO          280    .text.LL_I2C_GenerateStopCondition  i2c.o
    0x0800443e   0x0800443e   0x00000002   PAD
    0x08004440   0x08004440   0x00000010   Code   RO          272    .text.LL_I2C_IsActiveFlag_ADDR  i2c.o
    0x08004450   0x08004450   0x00000010   Code   RO          278    .text.LL_I2C_IsActiveFlag_BTF  i2c.o
    0x08004460   0x08004460   0x00000010   Code   RO          262    .text.LL_I2C_IsActiveFlag_BUSY  i2c.o
    0x08004470   0x08004470   0x00000010   Code   RO          286    .text.LL_I2C_IsActiveFlag_RXNE  i2c.o
    0x08004480   0x08004480   0x00000010   Code   RO          268    .text.LL_I2C_IsActiveFlag_SB  i2c.o
    0x08004490   0x08004490   0x00000010   Code   RO          276    .text.LL_I2C_IsActiveFlag_TXE  i2c.o
    0x080044a0   0x080044a0   0x0000000e   Code   RO          288    .text.LL_I2C_ReceiveData8  i2c.o
    0x080044ae   0x080044ae   0x00000002   PAD
    0x080044b0   0x080044b0   0x0000001a   Code   RO          254    .text.LL_I2C_SetMode  i2c.o
    0x080044ca   0x080044ca   0x00000002   PAD
    0x080044cc   0x080044cc   0x00000022   Code   RO          252    .text.LL_I2C_SetOwnAddress1  i2c.o
    0x080044ee   0x080044ee   0x00000002   PAD
    0x080044f0   0x080044f0   0x0000001e   Code   RO          270    .text.LL_I2C_TransmitData8  i2c.o
    0x0800450e   0x0800450e   0x00000002   PAD
    0x08004510   0x08004510   0x00000012   Code   RO           69    .text.LL_TIM_DisableCounter  main.o
    0x08004522   0x08004522   0x00000002   PAD
    0x08004524   0x08004524   0x00000012   Code   RO          311    .text.LL_TIM_DisableCounter  lcd.o
    0x08004536   0x08004536   0x00000002   PAD
    0x08004538   0x08004538   0x00000012   Code   RO           65    .text.LL_TIM_EnableCounter  main.o
    0x0800454a   0x0800454a   0x00000002   PAD
    0x0800454c   0x0800454c   0x00000012   Code   RO          307    .text.LL_TIM_EnableCounter  lcd.o
    0x0800455e   0x0800455e   0x00000002   PAD
    0x08004560   0x08004560   0x0000000c   Code   RO           67    .text.LL_TIM_GetCounter  main.o
    0x0800456c   0x0800456c   0x0000000c   Code   RO          309    .text.LL_TIM_GetCounter  lcd.o
    0x08004578   0x08004578   0x00000010   Code   RO           61    .text.LL_TIM_SetAutoReload  main.o
    0x08004588   0x08004588   0x00000010   Code   RO          303    .text.LL_TIM_SetAutoReload  lcd.o
    0x08004598   0x08004598   0x00000010   Code   RO           63    .text.LL_TIM_SetCounter  main.o
    0x080045a8   0x080045a8   0x00000010   Code   RO          305    .text.LL_TIM_SetCounter  lcd.o
    0x080045b8   0x080045b8   0x00000010   Code   RO           59    .text.LL_TIM_SetPrescaler  main.o
    0x080045c8   0x080045c8   0x00000010   Code   RO          301    .text.LL_TIM_SetPrescaler  lcd.o
    0x080045d8   0x080045d8   0x00000012   Code   RO          142    .text.LL_USART_Enable  usart2.o
    0x080045ea   0x080045ea   0x00000002   PAD
    0x080045ec   0x080045ec   0x0000002a   Code   RO          156    .text.LL_USART_EnableDirectionRx  usart2.o
    0x08004616   0x08004616   0x00000002   PAD
    0x08004618   0x08004618   0x0000002a   Code   RO          154    .text.LL_USART_EnableDirectionTx  usart2.o
    0x08004642   0x08004642   0x00000002   PAD
    0x08004644   0x08004644   0x0000002a   Code   RO          162    .text.LL_USART_EnableIT_RXNE  usart2.o
    0x0800466e   0x0800466e   0x00000002   PAD
    0x08004670   0x08004670   0x00000010   Code   RO          168    .text.LL_USART_IsActiveFlag_TXE  usart2.o
    0x08004680   0x08004680   0x0000000e   Code   RO          176    .text.LL_USART_ReceiveData8  usart2.o
    0x0800468e   0x0800468e   0x00000002   PAD
    0x08004690   0x08004690   0x000000b0   Code   RO          144    .text.LL_USART_SetBaudRate  usart2.o
    0x08004740   0x08004740   0x0000001a   Code   RO          160    .text.LL_USART_SetDataWidth  usart2.o
    0x0800475a   0x0800475a   0x00000002   PAD
    0x0800475c   0x0800475c   0x0000001a   Code   RO          158    .text.LL_USART_SetHWFlowCtrl  usart2.o
    0x08004776   0x08004776   0x00000002   PAD
    0x08004778   0x08004778   0x0000001a   Code   RO          148    .text.LL_USART_SetOverSampling  usart2.o
    0x08004792   0x08004792   0x00000002   PAD
    0x08004794   0x08004794   0x0000001a   Code   RO          150    .text.LL_USART_SetParity  usart2.o
    0x080047ae   0x080047ae   0x00000002   PAD
    0x080047b0   0x080047b0   0x0000001a   Code   RO          146    .text.LL_USART_SetStopBitsLength  usart2.o
    0x080047ca   0x080047ca   0x00000002   PAD
    0x080047cc   0x080047cc   0x00000030   Code   RO          152    .text.LL_USART_SetTransferDirection  usart2.o
    0x080047fc   0x080047fc   0x00000014   Code   RO          170    .text.LL_USART_TransmitData8  usart2.o
    0x08004810   0x08004810   0x0000001a   Code   RO           53    .text.SysTickEnable  main.o
    0x0800482a   0x0800482a   0x00000002   PAD
    0x0800482c   0x0800482c   0x00000032   Code   RO           51    .text.SysTickTime   main.o
    0x0800485e   0x0800485e   0x00000002   PAD
    0x08004860   0x08004860   0x0000022c   Code   RO           47    .text.SysTick_Handler  main.o
    0x08004a8c   0x08004a8c   0x00000012   Code   RO         1146    .text.SystemInit    system_stm32f4xx.o
    0x08004a9e   0x08004a9e   0x00000002   PAD
    0x08004aa0   0x08004aa0   0x00000132   Code   RO          206    .text.TIM3InitPWM   tim3_pwm.o
    0x08004bd2   0x08004bd2   0x00000002   PAD
    0x08004bd4   0x08004bd4   0x0000006a   Code   RO          222    .text.TIM3RGB       tim3_pwm.o
    0x08004c3e   0x08004c3e   0x00000002   PAD
    0x08004c40   0x08004c40   0x00000032   Code   RO          220    .text.TIM3Servo     tim3_pwm.o
    0x08004c72   0x08004c72   0x00000002   PAD
    0x08004c74   0x08004c74   0x00000032   Code   RO          399    .text.TempRead      temperatur.o
    0x08004ca6   0x08004ca6   0x00000002   PAD
    0x08004ca8   0x08004ca8   0x00000044   Code   RO          401    .text.TempSetRes    temperatur.o
    0x08004cec   0x08004cec   0x000000da   Code   RO          132    .text.USART2Init    usart2.o
    0x08004dc6   0x08004dc6   0x00000002   PAD
    0x08004dc8   0x08004dc8   0x00000030   Code   RO          166    .text.USART2WriteChar  usart2.o
    0x08004df8   0x08004df8   0x0000002a   Code   RO          172    .text.USART2WriteString  usart2.o
    0x08004e22   0x08004e22   0x00000002   PAD
    0x08004e24   0x08004e24   0x00000080   Code   RO          174    .text.USART2_IRQHandler  usart2.o
    0x08004ea4   0x08004ea4   0x00000030   Code   RO          164    .text.__NVIC_EnableIRQ  usart2.o
    0x08004ed4   0x08004ed4   0x00000004   PAD
    0x08004ed8   0x08004ed8   0x000000c0   Code   RO           81    .text.calcTemp      main.o
    0x08004f98   0x08004f98   0x00000074   Code   RO           45    .text.calc_led      main.o
    0x0800500c   0x0800500c   0x0000001e   Code   RO           75    .text.initPortC     main.o
    0x0800502a   0x0800502a   0x00000002   PAD
    0x0800502c   0x0800502c   0x00000034   Code   RO           79    .text.isPosChanged  main.o
    0x08005060   0x08005060   0x0000012c   Code   RO           87    .text.main          main.o
    0x0800518c   0x0800518c   0x000000dc   Code   RO           83    .text.printTempToDisplay  main.o
    0x08005268   0x08005268   0x00000074   Code   RO          218    .text.setCCR        tim3_pwm.o
    0x080052dc   0x080052dc   0x00000034   Code   RO           43    .text.set_dutycycles  main.o
    0x08005310   0x08005310   0x000000c8   Code   RO           71    .text.sinus_berechnung  main.o
    0x080053d8   0x080053d8   0x00000060   Code   RO           85    .text.visTemp       main.o
    0x08005438   0x08005438   0x0000003e   Code   RO         1448    CL$$btod_d2e        c_w.l(btod.o)
    0x08005476   0x08005476   0x00000046   Code   RO         1450    CL$$btod_d2e_denorm_low  c_w.l(btod.o)
    0x080054bc   0x080054bc   0x00000060   Code   RO         1449    CL$$btod_d2e_norm_op1  c_w.l(btod.o)
    0x0800551c   0x0800551c   0x00000338   Code   RO         1458    CL$$btod_div_common  c_w.l(btod.o)
    0x08005854   0x08005854   0x00000084   Code   RO         1456    CL$$btod_e2d        c_w.l(btod.o)
    0x080058d8   0x080058d8   0x000000dc   Code   RO         1455    CL$$btod_e2e        c_w.l(btod.o)
    0x080059b4   0x080059b4   0x0000002a   Code   RO         1452    CL$$btod_ediv       c_w.l(btod.o)
    0x080059de   0x080059de   0x0000002a   Code   RO         1454    CL$$btod_edivd      c_w.l(btod.o)
    0x08005a08   0x08005a08   0x0000002a   Code   RO         1451    CL$$btod_emul       c_w.l(btod.o)
    0x08005a32   0x08005a32   0x0000002a   Code   RO         1453    CL$$btod_emuld      c_w.l(btod.o)
    0x08005a5c   0x08005a5c   0x00000244   Code   RO         1457    CL$$btod_mult_common  c_w.l(btod.o)
    0x08005ca0   0x08005ca0   0x0000003a   Code   RO          333    i.LCDCmd            LCDInit.o
    0x08005cda   0x08005cda   0x00000076   Code   RO          334    i.LCDInit           LCDInit.o
    0x08005d50   0x08005d50   0x00000030   Code   RO         1425    i.__ARM_fpclassify  m_wm.l(fpclassify.o)
    0x08005d80   0x08005d80   0x000000f8   Code   RO         1504    i.__hardfp___mathlib_tofloat  m_wm.l(narrow.o)
    0x08005e78   0x08005e78   0x000000d0   Code   RO         1613    i.__hardfp_ldexp    m_wm.l(ldexp.o)
    0x08005f48   0x08005f48   0x000000c8   Code   RO         1197    i.__hardfp_sin      m_wm.l(sin.o)
    0x08006010   0x08006010   0x00000438   Code   RO         1355    i.__ieee754_rem_pio2  m_wm.l(rred.o)
    0x08006448   0x08006448   0x00000170   Code   RO         1338    i.__kernel_cos      m_wm.l(cos_i.o)
    0x080065b8   0x080065b8   0x000000f8   Code   RO         1427    i.__kernel_poly     m_wm.l(poly.o)
    0x080066b0   0x080066b0   0x00000130   Code   RO         1360    i.__kernel_sin      m_wm.l(sin_i.o)
    0x080067e0   0x080067e0   0x00000014   Code   RO         1342    i.__mathlib_dbl_infnan  m_wm.l(dunder.o)
    0x080067f4   0x080067f4   0x00000004   PAD
    0x080067f8   0x080067f8   0x00000020   Code   RO         1344    i.__mathlib_dbl_invalid  m_wm.l(dunder.o)
    0x08006818   0x08006818   0x00000020   Code   RO         1345    i.__mathlib_dbl_overflow  m_wm.l(dunder.o)
    0x08006838   0x08006838   0x00000020   Code   RO         1347    i.__mathlib_dbl_underflow  m_wm.l(dunder.o)
    0x08006858   0x08006858   0x00000012   Code   RO         1505    i.__mathlib_narrow  m_wm.l(narrow.o)
    0x0800686a   0x0800686a   0x00000014   Code   RO         1615    i.__support_ldexp   m_wm.l(ldexp.o)
    0x0800687e   0x0800687e   0x0000000e   Code   RO         1268    i._is_digit         c_w.l(__printf_wp.o)
    0x0800688c   0x0800688c   0x00000018   Code   RO         1421    i.fabs              m_wm.l(fabs.o)
    0x080068a4   0x080068a4   0x00000004   PAD
    0x080068a8   0x080068a8   0x0000008c   Code   RO         1584    i.frexp             m_wm.l(frexp.o)
    0x08006934   0x08006934   0x0000002c   Code   RO         1476    locale$$code        c_w.l(lc_numeric_c.o)
    0x08006960   0x08006960   0x0000002c   Code   RO         1523    locale$$code        c_w.l(lc_ctype_c.o)
    0x0800698c   0x0800698c   0x00000018   Code   RO         1317    x$fpl$basic         fz_wm.l(basic.o)
    0x080069a4   0x080069a4   0x00000062   Code   RO         1171    x$fpl$d2f           fz_wm.l(d2f.o)
    0x08006a06   0x08006a06   0x00000002   PAD
    0x08006a08   0x08006a08   0x00000150   Code   RO         1173    x$fpl$dadd          fz_wm.l(daddsub_clz.o)
    0x08006b58   0x08006b58   0x00000010   Code   RO         1681    x$fpl$dcheck1       fz_wm.l(dcheck1.o)
    0x08006b68   0x08006b68   0x00000018   Code   RO         1607    x$fpl$dcmpinf       fz_wm.l(dcmpi.o)
    0x08006b80   0x08006b80   0x000002b4   Code   RO         1180    x$fpl$ddiv          fz_wm.l(ddiv.o)
    0x08006e34   0x08006e34   0x00000078   Code   RO         1578    x$fpl$deqf          fz_wm.l(deqf.o)
    0x08006eac   0x08006eac   0x0000005e   Code   RO         1183    x$fpl$dfix          fz_wm.l(dfix.o)
    0x08006f0a   0x08006f0a   0x0000002e   Code   RO         1188    x$fpl$dflt          fz_wm.l(dflt_clz.o)
    0x08006f38   0x08006f38   0x00000026   Code   RO         1187    x$fpl$dfltu         fz_wm.l(dflt_clz.o)
    0x08006f5e   0x08006f5e   0x00000002   PAD
    0x08006f60   0x08006f60   0x00000078   Code   RO         1609    x$fpl$dleqf         fz_wm.l(dleqf.o)
    0x08006fd8   0x08006fd8   0x00000154   Code   RO         1193    x$fpl$dmul          fz_wm.l(dmul.o)
    0x0800712c   0x0800712c   0x0000009c   Code   RO         1319    x$fpl$dnaninf       fz_wm.l(dnaninf.o)
    0x080071c8   0x080071c8   0x0000000c   Code   RO         1321    x$fpl$dretinf       fz_wm.l(dretinf.o)
    0x080071d4   0x080071d4   0x0000006c   Code   RO         1580    x$fpl$drleqf        fz_wm.l(drleqf.o)
    0x08007240   0x08007240   0x00000016   Code   RO         1174    x$fpl$drsb          fz_wm.l(daddsub_clz.o)
    0x08007256   0x08007256   0x00000002   PAD
    0x08007258   0x08007258   0x000001dc   Code   RO         1175    x$fpl$dsub          fz_wm.l(daddsub_clz.o)
    0x08007434   0x08007434   0x00000056   Code   RO         1195    x$fpl$f2d           fz_wm.l(f2d.o)
    0x0800748a   0x0800748a   0x0000008c   Code   RO         1323    x$fpl$fnaninf       fz_wm.l(fnaninf.o)
    0x08007516   0x08007516   0x0000001a   Code   RO         1611    x$fpl$fpinit        fz_wm.l(fpinit.o)
    0x08007530   0x08007530   0x0000000a   Code   RO         1325    x$fpl$fretinf       fz_wm.l(fretinf.o)
    0x0800753a   0x0800753a   0x00000006   Code   RO         1496    x$fpl$ieeestatus    fz_wm.l(istatus.o)
    0x08007540   0x08007540   0x00000004   Code   RO         1327    x$fpl$printf1       fz_wm.l(printf1.o)
    0x08007544   0x08007544   0x00000004   Code   RO         1329    x$fpl$printf2       fz_wm.l(printf2.o)
    0x08007548   0x08007548   0x00000064   Code   RO         1683    x$fpl$retnan        fz_wm.l(retnan.o)
    0x080075ac   0x080075ac   0x0000005c   Code   RO         1637    x$fpl$scalbn        fz_wm.l(scalbn.o)
    0x08007608   0x08007608   0x00000004   Code   RO         1335    x$fpl$scanf1        fz_wm.l(scanf1.o)
    0x0800760c   0x0800760c   0x00000008   Code   RO         1498    x$fpl$scanf2        fz_wm.l(scanf2.o)
    0x08007614   0x08007614   0x00000030   Code   RO         1685    x$fpl$trapveneer    fz_wm.l(trapv.o)
    0x08007644   0x08007644   0x00000000   Code   RO         1337    x$fpl$usenofp       fz_wm.l(usenofp.o)
    0x08007644   0x08007644   0x00000008   Data   RO         1227    .constdata          c_w.l(_printf_wctomb.o)
    0x0800764c   0x0800764c   0x00000028   Data   RO         1256    .constdata          c_w.l(_printf_hex_int_ll_ptr.o)
    0x08007674   0x08007674   0x00000011   Data   RO         1276    .constdata          c_w.l(__printf_flags_ss_wp.o)
    0x08007685   0x08007685   0x00000003   PAD
    0x08007688   0x08007688   0x00000030   Data   RO         1339    .constdata          m_wm.l(cos_i.o)
    0x080076b8   0x080076b8   0x000000cc   Data   RO         1357    .constdata          m_wm.l(rred.o)
    0x08007784   0x08007784   0x00000004   PAD
    0x08007788   0x08007788   0x00000028   Data   RO         1361    .constdata          m_wm.l(sin_i.o)
    0x080077b0   0x080077b0   0x00000026   Data   RO         1396    .constdata          c_w.l(_printf_fp_hex.o)
    0x080077d6   0x080077d6   0x00000002   PAD
    0x080077d8   0x080077d8   0x00000094   Data   RO         1446    .constdata          c_w.l(bigflt0.o)
    0x0800786c   0x0800786c   0x00000131   Data   RO          101    .rodata.str1.1      main.o
    0x0800799d   0x0800799d   0x00000003   PAD
    0x080079a0   0x080079a0   0x00000020   Data   RO         1688    Region$$Table       anon$$obj.o
    0x080079c0   0x080079c0   0x00000008   Data   RO         1492    c$$dinf             fz_wm.l(fpconst.o)
    0x080079c8   0x080079c8   0x00000008   Data   RO         1495    c$$dmax             fz_wm.l(fpconst.o)
    0x080079d0   0x080079d0   0x0000001c   Data   RO         1475    locale$$data        c_w.l(lc_numeric_c.o)
    0x080079ec   0x080079ec   0x00000110   Data   RO         1522    locale$$data        c_w.l(lc_ctype_c.o)


    Execution Region ER_RW (Exec base: 0x20000000, Load base: 0x08007afc, Size: 0x0000010c, Max: 0xffffffff, ABSOLUTE)

    Exec Addr    Load Addr    Size         Type   Attr      Idx    E Section Name        Object

    0x20000000   0x08007afc   0x00000004   Data   RW         1150    .data.SystemCoreClock  system_stm32f4xx.o
    0x20000004   0x08007b00   0x00000004   Data   RW           94    .data.dir           main.o
    0x20000008   0x08007b04   0x00000001   Data   RW           97    .data.mode          main.o
    0x20000009   0x08007b05   0x00000003   PAD
    0x2000000c   0x08007b08   0x00000080   Data   RW          100    .data.sin_vals      main.o
    0x2000008c   0x08007b88   0x00000080   Data   RW           92    .data.steps         main.o


    Execution Region ER_ZI (Exec base: 0x20000110, Load base: 0x08007c08, Size: 0x000006d8, Max: 0xffffffff, ABSOLUTE)

    Exec Addr    Load Addr    Size         Type   Attr      Idx    E Section Name        Object

    0x20000110        -       0x00000060   Zero   RW         1430    .bss                c_w.l(libspace.o)
    0x20000170        -       0x00000004   Zero   RW          178    .bss.USART2CmdFlag  usart2.o
    0x20000174        -       0x00000040   Zero   RW          181    .bss.USART2InputBuffer  usart2.o
    0x200001b4        -       0x00000004   Zero   RW           95    .bss.act_pos        main.o
    0x200001b8        -       0x00000004   Zero   RW           89    .bss.counter        main.o
    0x200001bc        -       0x00000004   Zero   RW           91    .bss.counter2       main.o
    0x200001c0        -       0x00000004   Zero   RW           96    .bss.des_pos        main.o
    0x200001c4        -       0x00000010   Zero   RW           90    .bss.dutycyles      main.o
    0x200001d4        -       0x00000004   Zero   RW          102    .bss.isPosChanged.last_pos  main.o
    0x200001d8        -       0x00000004   Zero   RW          179    .bss.pos            usart2.o
    0x200001dc        -       0x00000004   Zero   RW           93    .bss.steps_pos      main.o
    0x200001e0        -       0x00000004   Zero   RW           99    .bss.temp_count     main.o
    0x200001e4   0x08007c08   0x00000004   PAD
    0x200001e8        -       0x00000200   Zero   RW         1139    HEAP                startup_stm32f446xx.o
    0x200003e8        -       0x00000400   Zero   RW         1138    STACK               startup_stm32f446xx.o


==============================================================================

Image component sizes


      Code (inc. data)   RO Data    RW Data    ZI Data      Debug   Object Name

       176          0          0          0          0       2711   LCDInit.o
      1048          0          0          0          0       5684   adc.o
       170          0          0          0          0       2698   dac.o
      2282          0          0          0          0       7421   i2c.o
       600          0          0          0          0       4199   lcd.o
       698          0          0          0          0       3373   led.o
      3200         98        305        261         44       8995   main.o
        64         26        452          0       1536        892   startup_stm32f446xx.o
        18          0          0          4          0       2796   system_stm32f4xx.o
       118          0          0          0          0        920   temperatur.o
      1112          4          0          0          0       4285   tim3_pwm.o
      1438          0          0          0         72       8809   usart2.o

    ----------------------------------------------------------------------
     11060        128        792        268       1656      52783   Object Totals
         0          0         32          0          0          0   (incl. Generated)
       136          0          3          3          4          0   (incl. Padding)

    ----------------------------------------------------------------------

      Code (inc. data)   RO Data    RW Data    ZI Data      Debug   Library Member Name

         8          0          0          0          0         68   __main.o
       392          4         17          0          0         92   __printf_flags_ss_wp.o
        14          0          0          0          0         68   __printf_wp.o
         0          0          0          0          0          0   __rtentry.o
        12          0          0          0          0          0   __rtentry2.o
         6          0          0          0          0          0   __rtentry4.o
        94          8          0          0          0          0   __scatter.o
        26          0          0          0          0          0   __scatter_copy.o
        28          0          0          0          0          0   __scatter_zi.o
        72          0          0          0          0         96   _c16rtomb.o
        28          0          0          0          0         68   _chval.o
        64          0          0          0          0         84   _mbrtoc16.o
         6          0          0          0          0          0   _printf_a.o
         6          0          0          0          0          0   _printf_c.o
        44          0          0          0          0        108   _printf_char.o
        48          6          0          0          0         96   _printf_char_common.o
        40          0          0          0          0         68   _printf_charcount.o
         6          0          0          0          0          0   _printf_d.o
       120         16          0          0          0         92   _printf_dec.o
         6          0          0          0          0          0   _printf_e.o
         6          0          0          0          0          0   _printf_f.o
      1052          0          0          0          0        148   _printf_fp_dec.o
       764          8         38          0          0        100   _printf_fp_hex.o
       128         16          0          0          0         84   _printf_fp_infnan.o
         6          0          0          0          0          0   _printf_g.o
       148          4         40          0          0        160   _printf_hex_int_ll_ptr.o
         6          0          0          0          0          0   _printf_i.o
       178          0          0          0          0         88   _printf_intcommon.o
        10          0          0          0          0          0   _printf_l.o
         6          0          0          0          0          0   _printf_lc.o
        10          0          0          0          0          0   _printf_ll.o
         6          0          0          0          0          0   _printf_lld.o
         6          0          0          0          0          0   _printf_lli.o
         6          0          0          0          0          0   _printf_llo.o
         6          0          0          0          0          0   _printf_llu.o
         6          0          0          0          0          0   _printf_llx.o
       124         16          0          0          0         92   _printf_longlong_dec.o
         6          0          0          0          0          0   _printf_ls.o
         6          0          0          0          0          0   _printf_n.o
         6          0          0          0          0          0   _printf_o.o
       112          8          0          0          0        124   _printf_oct_int_ll.o
         6          0          0          0          0          0   _printf_p.o
        78          0          0          0          0        108   _printf_pad.o
         0          0          0          0          0          0   _printf_percent.o
         4          0          0          0          0          0   _printf_percent_end.o
         6          0          0          0          0          0   _printf_s.o
        82          0          0          0          0         80   _printf_str.o
        36          0          0          0          0         84   _printf_truncate.o
         6          0          0          0          0          0   _printf_u.o
        44          0          0          0          0        108   _printf_wchar.o
       188          6          8          0          0         92   _printf_wctomb.o
         6          0          0          0          0          0   _printf_x.o
        22          0          0          0          0        100   _rserrno.o
       884          6          0          0          0        100   _scanf.o
       332          0          0          0          0         96   _scanf_int.o
       342          0          0          0          0        100   _scanf_longlong.o
       276          0          0          0          0        100   _scanf_mbtowc.o
       224          0          0          0          0         96   _scanf_str.o
        30          0          0          0          0         76   _scanf_wcharmap.o
       232          0          0          0          0        100   _scanf_wctomb.o
       208          0          0          0          0         96   _scanf_wstr.o
        64          0          0          0          0         84   _sgetc.o
        10          0          0          0          0         68   _sputc.o
       228          4        148          0          0         96   bigflt0.o
      2152        136          0          0          0        956   btod.o
        18          0          0          0          0         80   exit.o
         6          0          0          0          0        152   heapauxi.o
         0          0          0          0          0          0   indicate_semi.o
        18          0          0          0          0         76   isspace.o
        44         10        272          0          0         76   lc_ctype_c.o
        44         10         28          0          0         76   lc_numeric_c.o
         2          0          0          0          0          0   libinit.o
        34          0          0          0          0          0   libinit2.o
         2          0          0          0          0          0   libshutdown.o
         2          0          0          0          0          0   libshutdown2.o
         8          4          0          0         96         68   libspace.o
        38          0          0          0          0         68   llshl.o
       138          0          0          0          0         80   lludiv10.o
       240          0          0          0          0        100   lludivv7m.o
        16          4          0          0          0         76   rt_ctype_table.o
         8          4          0          0          0         68   rt_errno_addr_intlibspace.o
         8          4          0          0          0         68   rt_locale_intlibspace.o
         2          0          0          0          0          0   rtexit.o
        10          0          0          0          0          0   rtexit2.o
        44          8          0          0          0         84   scanf_char.o
      1272         16          0          0          0        168   scanf_fp.o
       800         14          0          0          0        100   scanf_hexfp.o
       308         16          0          0          0        100   scanf_infnan.o
        44          6          0          0          0         84   sprintf.o
        60          8          0          0          0         84   sscanf.o
       124          0          0          0          0         88   strcmpv7em.o
        12          4          0          0          0         68   sys_exit.o
        74          0          0          0          0         80   sys_stackheap_outer.o
         2          0          0          0          0         68   use_no_semi.o
        24          0          0          0          0        164   basic.o
        98          4          0          0          0        140   d2f.o
       834         16          0          0          0        516   daddsub_clz.o
        16          4          0          0          0        116   dcheck1.o
        24          0          0          0          0        116   dcmpi.o
       692        140          0          0          0        264   ddiv.o
       120          4          0          0          0        140   deqf.o
        94          4          0          0          0        140   dfix.o
        84          0          0          0          0        232   dflt_clz.o
       120          4          0          0          0        140   dleqf.o
       340         12          0          0          0        152   dmul.o
       156          4          0          0          0        140   dnaninf.o
        12          0          0          0          0        116   dretinf.o
       108          0          0          0          0        128   drleqf.o
        86          4          0          0          0        132   f2d.o
       140          4          0          0          0        132   fnaninf.o
         0          0         16          0          0          0   fpconst.o
        26          0          0          0          0        116   fpinit.o
        10          0          0          0          0        116   fretinf.o
         6          0          0          0          0        116   istatus.o
         4          0          0          0          0        116   printf1.o
         4          0          0          0          0        116   printf2.o
       100          0          0          0          0        116   retnan.o
        92          0          0          0          0        116   scalbn.o
         4          0          0          0          0        116   scanf1.o
         8          0          0          0          0        132   scanf2.o
        48          0          0          0          0        116   trapv.o
         0          0          0          0          0          0   usenofp.o
       368         46         48          0          0        200   cos_i.o
       116         24          0          0          0        496   dunder.o
        24          0          0          0          0        124   fabs.o
        48          0          0          0          0        124   fpclassify.o
       140         22          0          0          0        132   frexp.o
       228          8          0          0          0        308   ldexp.o
       266         16          0          0          0        308   narrow.o
       248          0          0          0          0        152   poly.o
      1080        142        204          0          0        188   rred.o
       200         20          0          0          0        164   sin.o
       304         24         40          0          0        208   sin_i.o

    ----------------------------------------------------------------------
     18764        848        868          0         96      12436   Library Totals
        36          0          9          0          0          0   (incl. Padding)

    ----------------------------------------------------------------------

      Code (inc. data)   RO Data    RW Data    ZI Data      Debug   Library Name

     12456        346        551          0         96       6088   c_w.l
      3250        200         16          0          0       3944   fz_wm.l
      3022        302        292          0          0       2404   m_wm.l

    ----------------------------------------------------------------------
     18764        848        868          0         96      12436   Library Totals

    ----------------------------------------------------------------------

==============================================================================


      Code (inc. data)   RO Data    RW Data    ZI Data      Debug   

     29824        976       1660        268       1752      57331   Grand Totals
     29824        976       1660        268       1752      57331   ELF Image Totals
     29824        976       1660        268          0          0   ROM Totals

==============================================================================

    Total RO  Size (Code + RO Data)                31484 (  30.75kB)
    Total RW  Size (RW Data + ZI Data)              2020 (   1.97kB)
    Total ROM Size (Code + RO Data + RW Data)      31752 (  31.01kB)

==============================================================================

