Component: Arm Compiler for Embedded 6.21 Tool: armlink [5ec1fa00]

==============================================================================

Section Cross References

    adc.o(.text.ADCInit) refers to adc.o(.text.LL_AHB1_GRP1_EnableClock) for LL_AHB1_GRP1_EnableClock
    adc.o(.text.ADCInit) refers to adc.o(.text.LL_APB2_GRP1_EnableClock) for LL_APB2_GRP1_EnableClock
    adc.o(.text.ADCInit) refers to adc.o(.text.LL_GPIO_SetPinMode) for LL_GPIO_SetPinMode
    adc.o(.text.ADCInit) refers to adc.o(.text.LL_ADC_SetCommonClock) for LL_ADC_SetCommonClock
    adc.o(.text.ADCInit) refers to adc.o(.text.LL_ADC_SetSequencersScanMode) for LL_ADC_SetSequencersScanMode
    adc.o(.text.ADCInit) refers to adc.o(.text.LL_ADC_REG_SetSequencerRanks) for LL_ADC_REG_SetSequencerRanks
    adc.o(.text.ADCInit) refers to adc.o(.text.LL_ADC_REG_SetContinuousMode) for LL_ADC_REG_SetContinuousMode
    adc.o(.text.ADCInit) refers to adc.o(.text.LL_ADC_REG_SetTriggerSource) for LL_ADC_REG_SetTriggerSource
    adc.o(.text.ADCInit) refers to adc.o(.text.LL_ADC_SetChannelSamplingTime) for LL_ADC_SetChannelSamplingTime
    adc.o(.text.ADCInit) refers to adc.o(.text.LL_ADC_SetResolution) for LL_ADC_SetResolution
    adc.o(.text.ADCInit) refers to adc.o(.text.LL_ADC_SetDataAlignment) for LL_ADC_SetDataAlignment
    adc.o(.text.ADCInit) refers to adc.o(.text.LL_ADC_Enable) for LL_ADC_Enable
    adc.o(.ARM.exidx.text.ADCInit) refers to adc.o(.text.ADCInit) for [Anonymous Symbol]
    adc.o(.ARM.exidx.text.LL_AHB1_GRP1_EnableClock) refers to adc.o(.text.LL_AHB1_GRP1_EnableClock) for [Anonymous Symbol]
    adc.o(.ARM.exidx.text.LL_APB2_GRP1_EnableClock) refers to adc.o(.text.LL_APB2_GRP1_EnableClock) for [Anonymous Symbol]
    adc.o(.ARM.exidx.text.LL_GPIO_SetPinMode) refers to adc.o(.text.LL_GPIO_SetPinMode) for [Anonymous Symbol]
    adc.o(.ARM.exidx.text.LL_ADC_SetCommonClock) refers to adc.o(.text.LL_ADC_SetCommonClock) for [Anonymous Symbol]
    adc.o(.ARM.exidx.text.LL_ADC_SetSequencersScanMode) refers to adc.o(.text.LL_ADC_SetSequencersScanMode) for [Anonymous Symbol]
    adc.o(.ARM.exidx.text.LL_ADC_REG_SetSequencerRanks) refers to adc.o(.text.LL_ADC_REG_SetSequencerRanks) for [Anonymous Symbol]
    adc.o(.ARM.exidx.text.LL_ADC_REG_SetContinuousMode) refers to adc.o(.text.LL_ADC_REG_SetContinuousMode) for [Anonymous Symbol]
    adc.o(.ARM.exidx.text.LL_ADC_REG_SetTriggerSource) refers to adc.o(.text.LL_ADC_REG_SetTriggerSource) for [Anonymous Symbol]
    adc.o(.ARM.exidx.text.LL_ADC_SetChannelSamplingTime) refers to adc.o(.text.LL_ADC_SetChannelSamplingTime) for [Anonymous Symbol]
    adc.o(.ARM.exidx.text.LL_ADC_SetResolution) refers to adc.o(.text.LL_ADC_SetResolution) for [Anonymous Symbol]
    adc.o(.ARM.exidx.text.LL_ADC_SetDataAlignment) refers to adc.o(.text.LL_ADC_SetDataAlignment) for [Anonymous Symbol]
    adc.o(.ARM.exidx.text.LL_ADC_Enable) refers to adc.o(.text.LL_ADC_Enable) for [Anonymous Symbol]
    adc.o(.text.ADCRead) refers to adc.o(.text.LL_ADC_REG_StartConversionSWStart) for LL_ADC_REG_StartConversionSWStart
    adc.o(.text.ADCRead) refers to adc.o(.text.LL_ADC_IsActiveFlag_EOCS) for LL_ADC_IsActiveFlag_EOCS
    adc.o(.text.ADCRead) refers to adc.o(.text.LL_ADC_REG_ReadConversionData12) for LL_ADC_REG_ReadConversionData12
    adc.o(.ARM.exidx.text.ADCRead) refers to adc.o(.text.ADCRead) for [Anonymous Symbol]
    adc.o(.ARM.exidx.text.LL_ADC_REG_StartConversionSWStart) refers to adc.o(.text.LL_ADC_REG_StartConversionSWStart) for [Anonymous Symbol]
    adc.o(.ARM.exidx.text.LL_ADC_IsActiveFlag_EOCS) refers to adc.o(.text.LL_ADC_IsActiveFlag_EOCS) for [Anonymous Symbol]
    adc.o(.ARM.exidx.text.LL_ADC_REG_ReadConversionData12) refers to adc.o(.text.LL_ADC_REG_ReadConversionData12) for [Anonymous Symbol]
    main.o(.text.set_dutycycles) refers to main.o(.bss.dutycyles) for dutycyles
    main.o(.ARM.exidx.text.set_dutycycles) refers to main.o(.text.set_dutycycles) for [Anonymous Symbol]
    main.o(.text.calc_led) refers to main.o(.text.set_dutycycles) for set_dutycycles
    main.o(.ARM.exidx.text.calc_led) refers to main.o(.text.calc_led) for [Anonymous Symbol]
    main.o(.text.SysTick_Handler) refers to main.o(.bss.dutycyles) for dutycyles
    main.o(.text.SysTick_Handler) refers to main.o(.bss.counter) for counter
    main.o(.text.SysTick_Handler) refers to led.o(.text.LEDSet) for LEDSet
    main.o(.text.SysTick_Handler) refers to led.o(.text.LEDReset) for LEDReset
    main.o(.text.SysTick_Handler) refers to main.o(.bss.counter2) for counter2
    main.o(.text.SysTick_Handler) refers to main.o(.bss.steps_pos) for steps_pos
    main.o(.text.SysTick_Handler) refers to main.o(.data.steps) for steps
    main.o(.text.SysTick_Handler) refers to main.o(.bss.des_pos) for des_pos
    main.o(.text.SysTick_Handler) refers to main.o(.bss.act_pos) for act_pos
    main.o(.text.SysTick_Handler) refers to main.o(.data.mode) for mode
    main.o(.text.SysTick_Handler) refers to main.o(.data.dir) for dir
[...]
    _printf_a                                0x08000283   Thumb Code     0  _printf_a.o(.ARM.Collect$$_printf_percent$$00000006)
    _printf_ll                               0x08000289   Thumb Code     0  _printf_ll.o(.ARM.Collect$$_printf_percent$$00000007)
    _printf_i                                0x08000293   Thumb Code     0  _printf_i.o(.ARM.Collect$$_printf_percent$$00000008)
    _printf_d                                0x08000299   Thumb Code     0  _printf_d.o(.ARM.Collect$$_printf_percent$$00000009)
    _printf_u                                0x0800029f   Thumb Code     0  _printf_u.o(.ARM.Collect$$_printf_percent$$0000000A)
    _printf_o                                0x080002a5   Thumb Code     0  _printf_o.o(.ARM.Collect$$_printf_percent$$0000000B)
    _printf_x                                0x080002ab   Thumb Code     0  _printf_x.o(.ARM.Collect$$_printf_percent$$0000000C)
    _printf_lli                              0x080002b1   Thumb Code     0  _printf_lli.o(.ARM.Collect$$_printf_percent$$0000000D)
    _printf_lld                              0x080002b7   Thumb Code     0  _printf_lld.o(.ARM.Collect$$_printf_percent$$0000000E)
    _printf_llu                              0x080002bd   Thumb Code     0  _printf_llu.o(.ARM.Collect$$_printf_percent$$0000000F)
    _printf_llo                              0x080002c3   Thumb Code     0  _printf_llo.o(.ARM.Collect$$_printf_percent$$00000010)
    _printf_llx                              0x080002c9   Thumb Code     0  _printf_llx.o(.ARM.Collect$$_printf_percent$$00000011)
    _printf_l                                0x080002cf   Thumb Code     0  _printf_l.o(.ARM.Collect$$_printf_percent$$00000012)
    _printf_c                                0x080002d9   Thumb Code     0  _printf_c.o(.ARM.Collect$$_printf_percent$$00000013)
    _printf_s                                0x080002df   Thumb Code     0  _printf_s.o(.ARM.Collect$$_printf_percent$$00000014)
    _printf_lc                               0x080002e5   Thumb Code     0  _printf_lc.o(.ARM.Collect$$_printf_percent$$00000015)
    _printf_ls                               0x080002eb   Thumb Code     0  _printf_ls.o(.ARM.Collect$$_printf_percent$$00000016)
    _printf_percent_end                      0x080002f1   Thumb Code     0  _printf_percent_end.o(.ARM.Collect$$_printf_percent$$00000017)
    __rt_lib_init                            0x080002f5   Thumb Code     0  libinit.o(.ARM.Collect$$libinit$$00000000)
    __rt_lib_init_fp_1                       0x080002f7   Thumb Code     0  libinit2.o(.ARM.Collect$$libinit$$00000001)
    __rt_lib_init_heap_1                     0x080002fb   Thumb Code     0  libinit2.o(.ARM.Collect$$libinit$$0000000C)
    __rt_lib_init_lc_common                  0x080002fb   Thumb Code     0  libinit2.o(.ARM.Collect$$libinit$$00000011)
    __rt_lib_init_preinit_1                  0x080002fb   Thumb Code     0  libinit2.o(.ARM.Collect$$libinit$$00000006)
    __rt_lib_init_rand_1                     0x080002fb   Thumb Code     0  libinit2.o(.ARM.Collect$$libinit$$00000010)
    __rt_lib_init_relocate_pie_1             0x080002fb   Thumb Code     0  libinit2.o(.ARM.Collect$$libinit$$00000004)
    __rt_lib_init_user_alloc_1               0x080002fb   Thumb Code     0  libinit2.o(.ARM.Collect$$libinit$$0000000E)
    __rt_lib_init_lc_collate_1               0x08000301   Thumb Code     0  libinit2.o(.ARM.Collect$$libinit$$00000013)
    __rt_lib_init_lc_ctype_2                 0x08000301   Thumb Code     0  libinit2.o(.ARM.Collect$$libinit$$00000014)
    __rt_lib_init_lc_ctype_1                 0x0800030d   Thumb Code     0  libinit2.o(.ARM.Collect$$libinit$$00000015)
    __rt_lib_init_lc_monetary_1              0x0800030d   Thumb Code     0  libinit2.o(.ARM.Collect$$libinit$$00000017)
    __rt_lib_init_lc_numeric_2               0x0800030d   Thumb Code     0  libinit2.o(.ARM.Collect$$libinit$$00000018)
    __rt_lib_init_alloca_1                   0x08000317   Thumb Code     0  libinit2.o(.ARM.Collect$$libinit$$00000030)
    __rt_lib_init_argv_1                     0x08000317   Thumb Code     0  libinit2.o(.ARM.Collect$$libinit$$0000002E)
    __rt_lib_init_atexit_1                   0x08000317   Thumb Code     0  libinit2.o(.ARM.Collect$$libinit$$0000001D)
    __rt_lib_init_clock_1                    0x08000317   Thumb Code     0  libinit2.o(.ARM.Collect$$libinit$$00000023)
    __rt_lib_init_cpp_1                      0x08000317   Thumb Code     0  libinit2.o(.ARM.Collect$$libinit$$00000034)
    __rt_lib_init_exceptions_1               0x08000317   Thumb Code     0  libinit2.o(.ARM.Collect$$libinit$$00000032)
    __rt_lib_init_fp_trap_1                  0x08000317   Thumb Code     0  libinit2.o(.ARM.Collect$$libinit$$00000021)
    __rt_lib_init_getenv_1                   0x08000317   Thumb Code     0  libinit2.o(.ARM.Collect$$libinit$$00000025)
    __rt_lib_init_lc_numeric_1               0x08000317   Thumb Code     0  libinit2.o(.ARM.Collect$$libinit$$00000019)
    __rt_lib_init_lc_time_1                  0x08000317   Thumb Code     0  libinit2.o(.ARM.Collect$$libinit$$0000001B)
    __rt_lib_init_return                     0x08000317   Thumb Code     0  libinit2.o(.ARM.Collect$$libinit$$00000035)
    __rt_lib_init_signal_1                   0x08000317   Thumb Code     0  libinit2.o(.ARM.Collect$$libinit$$0000001F)
    __rt_lib_init_stdio_1                    0x08000317   Thumb Code     0  libinit2.o(.ARM.Collect$$libinit$$00000027)
    __rt_lib_shutdown                        0x08000319   Thumb Code     0  libshutdown.o(.ARM.Collect$$libshutdown$$00000000)
    __rt_lib_shutdown_cpp_1                  0x0800031b   Thumb Code     0  libshutdown2.o(.ARM.Collect$$libshutdown$$00000002)
    __rt_lib_shutdown_fp_trap_1              0x0800031b   Thumb Code     0  libshutdown2.o(.ARM.Collect$$libshutdown$$00000007)
    __rt_lib_shutdown_heap_1                 0x0800031b   Thumb Code     0  libshutdown2.o(.ARM.Collect$$libshutdown$$0000000F)
    __rt_lib_shutdown_return                 0x0800031b   Thumb Code     0  libshutdown2.o(.ARM.Collect$$libshutdown$$00000010)
    __rt_lib_shutdown_signal_1               0x0800031b   Thumb Code     0  libshutdown2.o(.ARM.Collect$$libshutdown$$0000000A)
    __rt_lib_shutdown_stdio_1                0x0800031b   Thumb Code     0  libshutdown2.o(.ARM.Collect$$libshutdown$$00000004)
    __rt_lib_shutdown_user_alloc_1           0x0800031b   Thumb Code     0  libshutdown2.o(.ARM.Collect$$libshutdown$$0000000C)
    __rt_entry                               0x0800031d   Thumb Code     0  __rtentry.o(.ARM.Collect$$rtentry$$00000000)
    __rt_entry_presh_1                       0x0800031d   Thumb Code     0  __rtentry2.o(.ARM.Collect$$rtentry$$00000002)
    __rt_entry_sh                            0x0800031d   Thumb Code     0  __rtentry4.o(.ARM.Collect$$rtentry$$00000004)
    __rt_entry_li                            0x08000323   Thumb Code     0  __rtentry2.o(.ARM.Collect$$rtentry$$0000000A)
    __rt_entry_postsh_1                      0x08000323   Thumb Code     0  __rtentry2.o(.ARM.Collect$$rtentry$$00000009)
    __rt_entry_main                          0x08000327   Thumb Code     0  __rtentry2.o(.ARM.Collect$$rtentry$$0000000D)
    __rt_entry_postli_1                      0x08000327   Thumb Code     0  __rtentry2.o(.ARM.Collect$$rtentry$$0000000C)
    __rt_exit                                0x0800032f   Thumb Code     0  rtexit.o(.ARM.Collect$$rtexit$$00000000)
    __rt_exit_ls                             0x08000331   Thumb Code     0  rtexit2.o(.ARM.Collect$$rtexit$$00000003)
    __rt_exit_prels_1                        0x08000331   Thumb Code     0  rtexit2.o(.ARM.Collect$$rtexit$$00000002)
    __rt_exit_exit                           0x08000335   Thumb Code     0  rtexit2.o(.ARM.Collect$$rtexit$$00000004)
    Reset_Handler                            0x0800033d   Thumb Code     8  startup_stm32f446xx.o(.text)
    NMI_Handler                              0x08000345   Thumb Code     2  startup_stm32f446xx.o(.text)
    HardFault_Handler                        0x08000347   Thumb Code     2  startup_stm32f446xx.o(.text)
    MemManage_Handler                        0x08000349   Thumb Code     2  startup_stm32f446xx.o(.text)
    BusFault_Handler                         0x0800034b   Thumb Code     2  startup_stm32f446xx.o(.text)
    UsageFault_Handler                       0x0800034d   Thumb Code     2  startup_stm32f446xx.o(.text)
    SVC_Handler                              0x0800034f   Thumb Code     2  startup_stm32f446xx.o(.text)
    DebugMon_Handler                         0x08000351   Thumb Code     2  startup_stm32f446xx.o(.text)
    PendSV_Handler                           0x08000353   Thumb Code     2  startup_stm32f446xx.o(.text)
    ADC_IRQHandler                           0x08000357   Thumb Code     0  startup_stm32f446xx.o(.text)
    CAN1_RX0_IRQHandler                      0x08000357   Thumb Code     0  startup_stm32f446xx.o(.text)
    CAN1_RX1_IRQHandler                      0x08000357   Thumb Code     0  startup_stm32f446xx.o(.text)
    CAN1_SCE_IRQHandler                      0x08000357   Thumb Code     0  startup_stm32f446xx.o(.text)
    CAN1_TX_IRQHandler                       0x08000357   Thumb Code     0  startup_stm32f446xx.o(.text)
    CAN2_RX0_IRQHandler                      0x08000357   Thumb Code     0  startup_stm32f446xx.o(.text)
    CAN2_RX1_IRQHandler                      0x08000357   Thumb Code     0  startup_stm32f446xx.o(.text)
    CAN2_SCE_IRQHandler                      0x08000357   Thumb Code     0  startup_stm32f446xx.o(.text)
    CAN2_TX_IRQHandler                       0x08000357   Thumb Code     0  startup_stm32f446xx.o(.text)
    CEC_IRQHandler                           0x08000357   Thumb Code     0  startup_stm32f446xx.o(.text)
    DCMI_IRQHandler                          0x08000357   Thumb Code     0  startup_stm32f446xx.o(.text)
    DMA1_Stream0_IRQHandler                  0x08000357   Thumb Code     0  startup_stm32f446xx.o(.text)
    DMA1_Stream1_IRQHandler                  0x08000357   Thumb Code     0  startup_stm32f446xx.o(.text)
    DMA1_Stream2_IRQHandler                  0x08000357   Thumb Code     0  startup_stm32f446xx.o(.text)
    DMA1_Stream3_IRQHandler                  0x08000357   Thumb Code     0  startup_stm32f446xx.o(.text)
    DMA1_Stream4_IRQHandler                  0x08000357   Thumb Code     0  startup_stm32f446xx.o(.text)
    DMA1_Stream5_IRQHandler                  0x08000357   Thumb Code     0  startup_stm32f446xx.o(.text)
    DMA1_Stream6_IRQHandler                  0x08000357   Thumb Code     0  startup_stm32f446xx.o(.text)
    DMA1_Stream7_IRQHandler                  0x08000357   Thumb Code     0  startup_stm32f446xx.o(.text)
    DMA2_Stream0_IRQHandler                  0x08000357   Thumb Code     0  startup_stm32f446xx.o(.text)
    DMA2_Stream1_IRQHandler                  0x08000357   Thumb Code     0  startup_stm32f446xx.o(.text)
    DMA2_Stream2_IRQHandler                  0x08000357   Thumb Code     0  startup_stm32f446xx.o(.text)
    DMA2_Stream3_IRQHandler                  0x08000357   Thumb Code     0  startup_stm32f446xx.o(.text)
    DMA2_Stream4_IRQHandler                  0x08000357   Thumb Code     0  startup_stm32f446xx.o(.text)
    DMA2_Stream5_IRQHandler                  0x08000357   Thumb Code     0  startup_stm32f446xx.o(.text)
    DMA2_Stream6_IRQHandler                  0x08000357   Thumb Code     0  startup_stm32f446xx.o(.text)
    DMA2_Stream7_IRQHandler                  0x08000357   Thumb Code     0  startup_stm32f446xx.o(.text)
    EXTI0_IRQHandler                         0x08000357   Thumb Code     0  startup_stm32f446xx.o(.text)
    EXTI15_10_IRQHandler                     0x08000357   Thumb Code     0  startup_stm32f446xx.o(.text)
    EXTI1_IRQHandler                         0x08000357   Thumb Code     0  startup_stm32f446xx.o(.text)
    EXTI2_IRQHandler                         0x08000357   Thumb Code     0  startup_stm32f446xx.o(.text)
    EXTI3_IRQHandler                         0x08000357   Thumb Code     0  startup_stm32f446xx.o(.text)
    EXTI4_IRQHandler                         0x08000357   Thumb Code     0  startup_stm32f446xx.o(.text)
    EXTI9_5_IRQHandler                       0x08000357   Thumb Code     0  startup_stm32f446xx.o(.text)
    FLASH_IRQHandler                         0x08000357   Thumb Code     0  startup_stm32f446xx.o(.text)
    FMC_IRQHandler                           0x08000357   Thumb Code     0  startup_stm32f446xx.o(.text)
    FMPI2C1_ER_IRQHandler                    0x08000357   Thumb Code     0  startup_stm32f446xx.o(.text)
    FMPI2C1_EV_IRQHandler                    0x08000357   Thumb Code     0  startup_stm32f446xx.o(.text)
    FPU_IRQHandler                           0x08000357   Thumb Code     0  startup_stm32f446xx.o(.text)
    I2C1_ER_IRQHandler                       0x08000357   Thumb Code     0  startup_stm32f446xx.o(.text)
    I2C1_EV_IRQHandler                       0x08000357   Thumb Code     0  startup_stm32f446xx.o(.text)
    I2C2_ER_IRQHandler                       0x08000357   Thumb Code     0  startup_stm32f446xx.o(.text)
    I2C2_EV_IRQHandler                       0x08000357   Thumb Code     0  startup_stm32f446xx.o(.text)
    I2C3_ER_IRQHandler                       0x08000357   Thumb Code     0  startup_stm32f446xx.o(.text)
    I2C3_EV_IRQHandler                       0x08000357   Thumb Code     0  startup_stm32f446xx.o(.text)
    OTG_FS_IRQHandler                        0x08000357   Thumb Code     0  startup_stm32f446xx.o(.text)
    OTG_FS_WKUP_IRQHandler                   0x08000357   Thumb Code     0  startup_stm32f446xx.o(.text)
    OTG_HS_EP1_IN_IRQHandler                 0x08000357   Thumb Code     0  startup_stm32f446xx.o(.text)
    OTG_HS_EP1_OUT_IRQHandler                0x08000357   Thumb Code     0  startup_stm32f446xx.o(.text)
    OTG_HS_IRQHandler                        0x08000357   Thumb Code     0  startup_stm32f446xx.o(.text)
    OTG_HS_WKUP_IRQHandler                   0x08000357   Thumb Code     0  startup_stm32f446xx.o(.text)
    PVD_IRQHandler                           0x08000357   Thumb Code     0  startup_stm32f446xx.o(.text)
    QUADSPI_IRQHandler                       0x08000357   Thumb Code     0  startup_stm32f446xx.o(.text)
    RCC_IRQHandler                           0x08000357   Thumb Code     0  startup_stm32f446xx.o(.text)
    RTC_Alarm_IRQHandler                     0x08000357   Thumb Code     0  startup_stm32f446xx.o(.text)
    RTC_WKUP_IRQHandler                      0x08000357   Thumb Code     0  startup_stm32f446xx.o(.text)
    SAI1_IRQHandler                          0x08000357   Thumb Code     0  startup_stm32f446xx.o(.text)
    SAI2_IRQHandler                          0x08000357   Thumb Code     0  startup_stm32f446xx.o(.text)
    SDIO_IRQHandler                          0x08000357   Thumb Code     0  startup_stm32f446xx.o(.text)
    SPDIF_RX_IRQHandler                      0x08000357   Thumb Code     0  startup_stm32f446xx.o(.text)
    SPI1_IRQHandler                          0x08000357   Thumb Code     0  startup_stm32f446xx.o(.text)
    SPI2_IRQHandler                          0x08000357   Thumb Code     0  startup_stm32f446xx.o(.text)
    SPI3_IRQHandler                          0x08000357   Thumb Code     0  startup_stm32f446xx.o(.text)
    SPI4_IRQHandler                          0x08000357   Thumb Code     0  startup_stm32f446xx.o(.text)
    TAMP_STAMP_IRQHandler                    0x08000357   Thumb Code     0  startup_stm32f446xx.o(.text)
    TIM1_BRK_TIM9_IRQHandler                 0x08000357   Thumb Code     0  startup_stm32f446xx.o(.text)
    TIM1_CC_IRQHandler                       0x08000357   Thumb Code     0  startup_stm32f446xx.o(.text)
    TIM1_TRG_COM_TIM11_IRQHandler            0x08000357   Thumb Code     0  startup_stm32f446xx.o(.text)
    TIM1_UP_TIM10_IRQHandler                 0x08000357   Thumb Code     0  startup_stm32f446xx.o(.text)
    TIM2_IRQHandler                          0x08000357   Thumb Code     0  startup_stm32f446xx.o(.text)
    TIM3_IRQHandler                          0x08000357   Thumb Code     0  startup_stm32f446xx.o(.text)
    TIM4_IRQHandler                          0x08000357   Thumb Code     0  startup_stm32f446xx.o(.text)
    TIM5_IRQHandler                          0x08000357   Thumb Code     0  startup_stm32f446xx.o(.text)
    TIM6_DAC_IRQHandler                      0x08000357   Thumb Code     0  startup_stm32f446xx.o(.text)
    TIM7_IRQHandler                          0x08000357   Thumb Code     0  startup_stm32f446xx.o(.text)
    TIM8_BRK_TIM12_IRQHandler                0x08000357   Thumb Code     0  startup_stm32f446xx.o(.text)
    TIM8_CC_IRQHandler                       0x08000357   Thumb Code     0  startup_stm32f446xx.o(.text)
    TIM8_TRG_COM_TIM14_IRQHandler            0x08000357   Thumb Code     0  startup_stm32f446xx.o(.text)
    TIM8_UP_TIM13_IRQHandler                 0x08000357   Thumb Code     0  startup_stm32f446xx.o(.text)
    UART4_IRQHandler                         0x08000357   Thumb Code     0  startup_stm32f446xx.o(.text)
    UART5_IRQHandler                         0x08000357   Thumb Code     0  startup_stm32f446xx.o(.text)
    USART1_IRQHandler                        0x08000357   Thumb Code     0  startup_stm32f446xx.o(.text)
    USART3_IRQHandler                        0x08000357   Thumb Code     0  startup_stm32f446xx.o(.text)
    USART6_IRQHandler                        0x08000357   Thumb Code     0  startup_stm32f446xx.o(.text)
    WWDG_IRQHandler                          0x08000357   Thumb Code     0  startup_stm32f446xx.o(.text)
    __user_initial_stackheap                 0x08000359   Thumb Code     0  startup_stm32f446xx.o(.text)
    sprintf                                  0x0800037d   Thumb Code    38  sprintf.o(.text)
    sscanf                                   0x080003a9   Thumb Code    52  sscanf.o(.text)
    __use_two_region_memory                  0x080003e5   Thumb Code     2  heapauxi.o(.text)
    __rt_heap_escrow$2region                 0x080003e7   Thumb Code     2  heapauxi.o(.text)
    __rt_heap_expand$2region                 0x080003e9   Thumb Code     2  heapauxi.o(.text)
    __read_errno                             0x080003eb   Thumb Code    10  _rserrno.o(.text)
    __set_errno                              0x080003f5   Thumb Code    12  _rserrno.o(.text)
    _printf_pre_padding                      0x08000401   Thumb Code    44  _printf_pad.o(.text)
    _printf_post_padding                     0x0800042d   Thumb Code    34  _printf_pad.o(.text)
    _printf_truncate_signed                  0x0800044f   Thumb Code    18  _printf_truncate.o(.text)
    _printf_truncate_unsigned                0x08000461   Thumb Code    18  _printf_truncate.o(.text)
    _printf_str                              0x08000473   Thumb Code    82  _printf_str.o(.text)
    _printf_int_dec                          0x080004c5   Thumb Code   104  _printf_dec.o(.text)
    _printf_charcount                        0x0800053d   Thumb Code    40  _printf_charcount.o(.text)
    _printf_char_common                      0x0800056f   Thumb Code    32  _printf_char_common.o(.text)
    _sputc                                   0x08000595   Thumb Code    10  _sputc.o(.text)
    _printf_wctomb                           0x080005a1   Thumb Code   182  _printf_wctomb.o(.text)
    _printf_longlong_dec                     0x0800065d   Thumb Code   108  _printf_longlong_dec.o(.text)
    _printf_longlong_oct                     0x080006d9   Thumb Code    68  _printf_oct_int_ll.o(.text)
    _printf_int_oct                          0x0800071d   Thumb Code    24  _printf_oct_int_ll.o(.text)
    _printf_ll_oct                           0x08000735   Thumb Code    12  _printf_oct_int_ll.o(.text)
    _printf_longlong_hex                     0x08000749   Thumb Code    86  _printf_hex_int_ll_ptr.o(.text)
    _printf_int_hex                          0x0800079f   Thumb Code    28  _printf_hex_int_ll_ptr.o(.text)
    _printf_ll_hex                           0x080007bb   Thumb Code    12  _printf_hex_int_ll_ptr.o(.text)
    _printf_hex_ptr                          0x080007c7   Thumb Code    18  _printf_hex_int_ll_ptr.o(.text)
    __printf                                 0x080007dd   Thumb Code   388  __printf_flags_ss_wp.o(.text)
    _scanf_longlong                          0x08000965   Thumb Code   342  _scanf_longlong.o(.text)
    _scanf_int                               0x08000abb   Thumb Code   332  _scanf_int.o(.text)
    _scanf_string                            0x08000c07   Thumb Code   224  _scanf_str.o(.text)
    __vfscanf_char                           0x08000cf5   Thumb Code    24  scanf_char.o(.text)
    _sgetc                                   0x08000d15   Thumb Code    30  _sgetc.o(.text)
    _sbackspace                              0x08000d33   Thumb Code    34  _sgetc.o(.text)
    _scanf_mbtowc                            0x08000d55   Thumb Code   276  _scanf_mbtowc.o(.text)
    _scanf_wctomb                            0x08000e69   Thumb Code   232  _scanf_wctomb.o(.text)
    _scanf_wstring                           0x08000f51   Thumb Code   208  _scanf_wstr.o(.text)
    __aeabi_errno_addr                       0x08001021   Thumb Code     8  rt_errno_addr_intlibspace.o(.text)
    __errno$intlibspace                      0x08001021   Thumb Code     0  rt_errno_addr_intlibspace.o(.text)
    __rt_errno_addr$intlibspace              0x08001021   Thumb Code     0  rt_errno_addr_intlibspace.o(.text)
    _ll_udiv10                               0x08001029   Thumb Code   138  lludiv10.o(.text)
    isspace                                  0x080010b3   Thumb Code    18  isspace.o(.text)
    _printf_int_common                       0x080010c5   Thumb Code   178  _printf_intcommon.o(.text)
    _printf_fp_dec_real                      0x08001327   Thumb Code   620  _printf_fp_dec.o(.text)
    _printf_fp_hex_real                      0x08001595   Thumb Code   756  _printf_fp_hex.o(.text)
    _printf_cs_common                        0x08001891   Thumb Code    20  _printf_char.o(.text)
    _printf_char                             0x080018a5   Thumb Code    16  _printf_char.o(.text)
    _printf_string                           0x080018b5   Thumb Code     8  _printf_char.o(.text)
    _printf_lcs_common                       0x080018bd   Thumb Code    20  _printf_wchar.o(.text)
    _printf_wchar                            0x080018d1   Thumb Code    16  _printf_wchar.o(.text)
    _printf_wstring                          0x080018e1   Thumb Code     8  _printf_wchar.o(.text)
    _chval                                   0x080018e9   Thumb Code    28  _chval.o(.text)
    __vfscanf                                0x08001905   Thumb Code   878  _scanf.o(.text)
    _scanf_really_real                       0x08001ec5   Thumb Code   684  scanf_fp.o(.text)
    _scanf_wcharmap                          0x08002171   Thumb Code    30  _scanf_wcharmap.o(.text)
    _mbrtoc16                                0x0800218f   Thumb Code    64  _mbrtoc16.o(.text)
    _mbrtowc                                 0x0800218f   Thumb Code     0  _mbrtoc16.o(.text)
    _c16rtomb                                0x080021cf   Thumb Code    72  _c16rtomb.o(.text)
    _wcrtomb                                 0x080021cf   Thumb Code     0  _c16rtomb.o(.text)
    __user_libspace                          0x08002219   Thumb Code     8  libspace.o(.text)
    __user_perproc_libspace                  0x08002219   Thumb Code     0  libspace.o(.text)
    __user_perthread_libspace                0x08002219   Thumb Code     0  libspace.o(.text)
    __user_setup_stackheap                   0x08002221   Thumb Code    74  sys_stackheap_outer.o(.text)
    __rt_ctype_table                         0x0800226d   Thumb Code    16  rt_ctype_table.o(.text)
    __rt_locale                              0x0800227d   Thumb Code     8  rt_locale_intlibspace.o(.text)
    __aeabi_llsl                             0x08002285   Thumb Code     0  llshl.o(.text)
    _ll_shift_l                              0x08002285   Thumb Code    38  llshl.o(.text)
    _printf_fp_infnan                        0x080022ad   Thumb Code   112  _printf_fp_infnan.o(.text)
    _btod_etento                             0x0800232d   Thumb Code   224  bigflt0.o(.text)
    exit                                     0x08002411   Thumb Code    18  exit.o(.text)
    _scanf_really_hex_real                   0x08002425   Thumb Code   786  scanf_hexfp.o(.text)
    _scanf_really_infnan                     0x08002745   Thumb Code   292  scanf_infnan.o(.text)
    strcmp                                   0x08002879   Thumb Code   124  strcmpv7em.o(.text)
    _sys_exit                                0x080028f5   Thumb Code     8  sys_exit.o(.text)
    __I$use$semihosting                      0x08002901   Thumb Code     0  use_no_semi.o(.text)
    __use_no_semihosting_swi                 0x08002901   Thumb Code     2  use_no_semi.o(.text)
    __semihosting_library_function           0x08002903   Thumb Code     0  indicate_semi.o(.text)
    ADCInit                                  0x08002905   Thumb Code   268  adc.o(.text.ADCInit)
    ADCRead                                  0x08002a11   Thumb Code    60  adc.o(.text.ADCRead)
    DACInit                                  0x08002a4d   Thumb Code    30  dac.o(.text.DACInit)
    DACWrite                                 0x08002a6d   Thumb Code    30  dac.o(.text.DACWrite)
    DelayMs                                  0x08002a8d   Thumb Code   128  main.o(.text.DelayMs)
    DelayMsNew                               0x08002b0d   Thumb Code   128  lcd.o(.text.DelayMsNew)
    ExecCmd                                  0x08002b8d   Thumb Code  1052  main.o(.text.ExecCmd)
    I2CInit                                  0x08002fa9   Thumb Code   208  i2c.o(.text.I2CInit)
    I2CRead                                  0x08003079   Thumb Code   642  i2c.o(.text.I2CRead)
    I2CWrite                                 0x080032fd   Thumb Code   250  i2c.o(.text.I2CWrite)
    LCDClear                                 0x080033f9   Thumb Code    16  lcd.o(.text.LCDClear)
    LCDDefineDegree                          0x08003409   Thumb Code    86  lcd.o(.text.LCDDefineDegree)
    LCDSendCmd                               0x08003461   Thumb Code    94  lcd.o(.text.LCDSendCmd)
    LCDSendData                              0x080034c1   Thumb Code   112  lcd.o(.text.LCDSendData)
    LCDSendString                            0x08003531   Thumb Code    34  lcd.o(.text.LCDSendString)
    LEDInit                                  0x08003555   Thumb Code   106  led.o(.text.LEDInit)
    LEDReset                                 0x080035c1   Thumb Code   200  led.o(.text.LEDReset)
    LEDSet                                   0x08003689   Thumb Code   200  led.o(.text.LEDSet)
    SysTickEnable                            0x080044e9   Thumb Code    26  main.o(.text.SysTickEnable)
    SysTickTime                              0x08004505   Thumb Code    50  main.o(.text.SysTickTime)
    SysTick_Handler                          0x08004539   Thumb Code   556  main.o(.text.SysTick_Handler)
    SystemInit                               0x08004765   Thumb Code    18  system_stm32f4xx.o(.text.SystemInit)
    TIM3InitPWM                              0x08004779   Thumb Code   306  tim3_pwm.o(.text.TIM3InitPWM)
    TIM3RGB                                  0x080048ad   Thumb Code   106  tim3_pwm.o(.text.TIM3RGB)
    TIM3Servo                                0x08004919   Thumb Code    50  tim3_pwm.o(.text.TIM3Servo)
    TempRead                                 0x0800494d   Thumb Code    50  temperatur.o(.text.TempRead)
    TempSetRes                               0x08004981   Thumb Code    68  temperatur.o(.text.TempSetRes)
    USART2Init                               0x080049c5   Thumb Code    96  usart2.o(.text.USART2Init)
    USART2WriteString                        0x08004a25   Thumb Code     8  usart2.o(.text.USART2WriteString)
    USART2_IRQHandler                        0x08004a2d   Thumb Code     2  usart2.o(.text.USART2_IRQHandler)
    calcTemp                                 0x08004a61   Thumb Code   176  main.o(.text.calcTemp)
    calc_led                                 0x08004b21   Thumb Code   116  main.o(.text.calc_led)
    initPortC                                0x08004b95   Thumb Code    30  main.o(.text.initPortC)
    isPosChanged                             0x08004bb5   Thumb Code    52  main.o(.text.isPosChanged)
    main                                     0x08004be9   Thumb Code   300  main.o(.text.main)
    printTempToDisplay                       0x08004d15   Thumb Code   220  main.o(.text.printTempToDisplay)
    setCCR                                   0x08004df1   Thumb Code   116  tim3_pwm.o(.text.setCCR)
    set_dutycycles                           0x08004e65   Thumb Code    52  main.o(.text.set_dutycycles)
    sinus_berechnung                         0x08004e99   Thumb Code   168  main.o(.text.sinus_berechnung)
    visTemp                                  0x08004f61   Thumb Code    96  main.o(.text.visTemp)
    _btod_d2e                                0x08004fc1   Thumb Code    62  btod.o(CL$$btod_d2e)
    _d2e_denorm_low                          0x08004fff   Thumb Code    70  btod.o(CL$$btod_d2e_denorm_low)
    _d2e_norm_op1                            0x08005045   Thumb Code    96  btod.o(CL$$btod_d2e_norm_op1)
    __btod_div_common                        0x080050a5   Thumb Code   696  btod.o(CL$$btod_div_common)
    _e2d                                     0x080053dd   Thumb Code   122  btod.o(CL$$btod_e2d)
    _e2e                                     0x08005461   Thumb Code   220  btod.o(CL$$btod_e2e)
    _btod_ediv                               0x0800553d   Thumb Code    42  btod.o(CL$$btod_ediv)
    _btod_edivd                              0x08005567   Thumb Code    42  btod.o(CL$$btod_edivd)
    _btod_emul                               0x08005591   Thumb Code    42  btod.o(CL$$btod_emul)
    _btod_emuld                              0x080055bb   Thumb Code    42  btod.o(CL$$btod_emuld)
    __btod_mult_common                       0x080055e5   Thumb Code   580  btod.o(CL$$btod_mult_common)
    LCDCmd                                   0x08005829   Thumb Code    58  LCDInit.o(i.LCDCmd)
    LCDInit                                  0x08005863   Thumb Code   118  LCDInit.o(i.LCDInit)
    __ARM_fpclassify                         0x080058d9   Thumb Code    48  fpclassify.o(i.__ARM_fpclassify)
    __hardfp___mathlib_tofloat               0x08005909   Thumb Code   232  narrow.o(i.__hardfp___mathlib_tofloat)
    __hardfp_ldexp                           0x08005a01   Thumb Code   200  ldexp.o(i.__hardfp_ldexp)
    __hardfp_sin                             0x08005ad1   Thumb Code   180  sin.o(i.__hardfp_sin)
    __ieee754_rem_pio2                       0x08005b99   Thumb Code   938  rred.o(i.__ieee754_rem_pio2)
    __kernel_cos                             0x08005fd1   Thumb Code   322  cos_i.o(i.__kernel_cos)
    __kernel_poly                            0x08006141   Thumb Code   248  poly.o(i.__kernel_poly)
    __kernel_sin                             0x08006239   Thumb Code   280  sin_i.o(i.__kernel_sin)
    __mathlib_dbl_infnan                     0x08006369   Thumb Code    20  dunder.o(i.__mathlib_dbl_infnan)
    __mathlib_dbl_invalid                    0x08006381   Thumb Code    24  dunder.o(i.__mathlib_dbl_invalid)
    __mathlib_dbl_overflow                   0x080063a1   Thumb Code    24  dunder.o(i.__mathlib_dbl_overflow)
    __mathlib_dbl_underflow                  0x080063c1   Thumb Code    24  dunder.o(i.__mathlib_dbl_underflow)
    __mathlib_narrow                         0x080063e1   Thumb Code    18  narrow.o(i.__mathlib_narrow)
    __support_ldexp                          0x080063f3   Thumb Code    20  ldexp.o(i.__support_ldexp)
    _is_digit                                0x08006407   Thumb Code    14  __printf_wp.o(i._is_digit)
    fabs                                     0x08006415   Thumb Code    24  fabs.o(i.fabs)
    frexp                                    0x08006431   Thumb Code   118  frexp.o(i.frexp)
    _get_lc_numeric                          0x080064bd   Thumb Code    44  lc_numeric_c.o(locale$$code)
    _get_lc_ctype                            0x080064e9   Thumb Code    44  lc_ctype_c.o(locale$$code)
    __aeabi_dneg                             0x08006515   Thumb Code     0  basic.o(x$fpl$basic)
    _dneg                                    0x08006515   Thumb Code     6  basic.o(x$fpl$basic)
    __aeabi_fneg                             0x0800651b   Thumb Code     0  basic.o(x$fpl$basic)
    _fneg                                    0x0800651b   Thumb Code     6  basic.o(x$fpl$basic)
    _dabs                                    0x08006521   Thumb Code     6  basic.o(x$fpl$basic)
    _fabs                                    0x08006527   Thumb Code     6  basic.o(x$fpl$basic)
    __aeabi_d2f                              0x0800652d   Thumb Code     0  d2f.o(x$fpl$d2f)
    _d2f                                     0x0800652d   Thumb Code    98  d2f.o(x$fpl$d2f)
    __aeabi_dadd                             0x08006591   Thumb Code     0  daddsub_clz.o(x$fpl$dadd)
    _dadd                                    0x08006591   Thumb Code   332  daddsub_clz.o(x$fpl$dadd)
    __fpl_dcheck_NaN1                        0x080066e1   Thumb Code    10  dcheck1.o(x$fpl$dcheck1)
    __fpl_dcmp_Inf                           0x080066f1   Thumb Code    24  dcmpi.o(x$fpl$dcmpinf)
    __aeabi_ddiv                             0x08006709   Thumb Code     0  ddiv.o(x$fpl$ddiv)
    _ddiv                                    0x08006709   Thumb Code   556  ddiv.o(x$fpl$ddiv)
    __aeabi_cdcmpeq                          0x080069bd   Thumb Code     0  deqf.o(x$fpl$deqf)
    _dcmpeq                                  0x080069bd   Thumb Code   120  deqf.o(x$fpl$deqf)
    __aeabi_d2iz                             0x08006a35   Thumb Code     0  dfix.o(x$fpl$dfix)
    _dfix                                    0x08006a35   Thumb Code    94  dfix.o(x$fpl$dfix)
    __aeabi_i2d                              0x08006a93   Thumb Code     0  dflt_clz.o(x$fpl$dflt)
    _dflt                                    0x08006a93   Thumb Code    46  dflt_clz.o(x$fpl$dflt)
    __aeabi_ui2d                             0x08006ac1   Thumb Code     0  dflt_clz.o(x$fpl$dfltu)
    _dfltu                                   0x08006ac1   Thumb Code    38  dflt_clz.o(x$fpl$dfltu)
    __aeabi_cdcmple                          0x08006ae9   Thumb Code     0  dleqf.o(x$fpl$dleqf)
    _dcmple                                  0x08006ae9   Thumb Code   120  dleqf.o(x$fpl$dleqf)
    __fpl_dcmple_InfNaN                      0x08006b4b   Thumb Code     0  dleqf.o(x$fpl$dleqf)
    __aeabi_dmul                             0x08006b61   Thumb Code     0  dmul.o(x$fpl$dmul)
    _dmul                                    0x08006b61   Thumb Code   332  dmul.o(x$fpl$dmul)
    __fpl_dnaninf                            0x08006cb5   Thumb Code   156  dnaninf.o(x$fpl$dnaninf)
    __fpl_dretinf                            0x08006d51   Thumb Code    12  dretinf.o(x$fpl$dretinf)
    __aeabi_cdrcmple                         0x08006d5d   Thumb Code     0  drleqf.o(x$fpl$drleqf)
    _drcmple                                 0x08006d5d   Thumb Code   108  drleqf.o(x$fpl$drleqf)
    __aeabi_drsub                            0x08006dc9   Thumb Code     0  daddsub_clz.o(x$fpl$drsb)
    _drsb                                    0x08006dc9   Thumb Code    22  daddsub_clz.o(x$fpl$drsb)
    __aeabi_dsub                             0x08006de1   Thumb Code     0  daddsub_clz.o(x$fpl$dsub)
    _dsub                                    0x08006de1   Thumb Code   472  daddsub_clz.o(x$fpl$dsub)
    __aeabi_f2d                              0x08006fbd   Thumb Code     0  f2d.o(x$fpl$f2d)
    _f2d                                     0x08006fbd   Thumb Code    86  f2d.o(x$fpl$f2d)
    __fpl_fnaninf                            0x08007013   Thumb Code   140  fnaninf.o(x$fpl$fnaninf)
    _fp_init                                 0x0800709f   Thumb Code    26  fpinit.o(x$fpl$fpinit)
    __fplib_config_fpu_vfp                   0x080070b7   Thumb Code     0  fpinit.o(x$fpl$fpinit)
    __fplib_config_pureend_doubles           0x080070b7   Thumb Code     0  fpinit.o(x$fpl$fpinit)
    __fpl_fretinf                            0x080070b9   Thumb Code    10  fretinf.o(x$fpl$fretinf)
    __ieee_status                            0x080070c3   Thumb Code     6  istatus.o(x$fpl$ieeestatus)
    _printf_fp_dec                           0x080070c9   Thumb Code     4  printf1.o(x$fpl$printf1)
    _printf_fp_hex                           0x080070cd   Thumb Code     4  printf2.o(x$fpl$printf2)
    __fpl_return_NaN                         0x080070d1   Thumb Code   100  retnan.o(x$fpl$retnan)
    __ARM_scalbn                             0x08007135   Thumb Code    92  scalbn.o(x$fpl$scalbn)
    _scanf_real                              0x08007191   Thumb Code     4  scanf1.o(x$fpl$scanf1)
    _scanf_hex_real                          0x08007195   Thumb Code     4  scanf2.o(x$fpl$scanf2)
    _scanf_infnan                            0x08007199   Thumb Code     4  scanf2.o(x$fpl$scanf2)
    __fpl_cmpreturn                          0x0800719d   Thumb Code    48  trapv.o(x$fpl$trapveneer)
    __I$use$fp                               0x080071cc   Number         0  usenofp.o(x$fpl$usenofp)
    Region$$Table$$Base                      0x08007528   Number         0  anon$$obj.o(Region$$Table)
    Region$$Table$$Limit                     0x08007548   Number         0  anon$$obj.o(Region$$Table)
    __aeabi_HUGE_VAL                         0x08007548   Data           0  fpconst.o(c$$dinf)
    __aeabi_HUGE_VALL                        0x08007548   Data           0  fpconst.o(c$$dinf)
    __aeabi_INFINITY                         0x08007548   Data           0  fpconst.o(c$$dinf)
    __dInf                                   0x08007548   Data           0  fpconst.o(c$$dinf)
    __huge_val                               0x08007548   Data           0  fpconst.o(c$$dinf)
    __dbl_max                                0x08007550   Data           0  fpconst.o(c$$dmax)
    __ctype                                  0x08007581   Data           0  lc_ctype_c.o(locale$$data)
    SystemCoreClock                          0x20000000   Data           4  system_stm32f4xx.o(.data.SystemCoreClock)
    dir                                      0x20000004   Data           4  main.o(.data.dir)
    mode                                     0x20000008   Data           1  main.o(.data.mode)
    sin_vals                                 0x2000000c   Data         128  main.o(.data.sin_vals)
    steps                                    0x2000008c   Data         128  main.o(.data.steps)
    __libspace_start                         0x20000110   Data          96  libspace.o(.bss)
    USART2CmdFlag                            0x20000170   Data           4  usart2.o(.bss.USART2CmdFlag)
    __temporary_stack_top$libspace           0x20000170   Data           0  libspace.o(.bss)
    USART2InputBuffer                        0x20000174   Data          64  usart2.o(.bss.USART2InputBuffer)
    act_pos                                  0x200001b4   Data           4  main.o(.bss.act_pos)
    counter                                  0x200001b8   Data           4  main.o(.bss.counter)
    counter2                                 0x200001bc   Data           4  main.o(.bss.counter2)
    des_pos                                  0x200001c0   Data           4  main.o(.bss.des_pos)
    dutycyles                                0x200001c4   Data          16  main.o(.bss.dutycyles)
    steps_pos                                0x200001d8   Data           4  main.o(.bss.steps_pos)
    temp_count                               0x200001dc   Data           4  main.o(.bss.temp_count)



==============================================================================

Memory Map of the image

  Image Entry point : 0x0800033d

  Load Region LR_1 (Base: 0x08000000, Size: 0x00007790, Max: 0xffffffff, ABSOLUTE)

    Execution Region ER_RO (Exec base: 0x08000000, Load base: 0x08000000, Size: 0x00007684, Max: 0xffffffff, ABSOLUTE)

    Exec Addr    Load Addr    Size         Type   Attr      Idx    E Section Name        Object

    0x08000000   0x08000000   0x000001c4   Data   RO         1110    RESET               startup_stm32f446xx.o
    0x080001c4   0x080001c4   0x00000008   Code   RO         1139  * !!!main             c_w.l(__main.o)
    0x080001cc   0x080001cc   0x0000005c   Code   RO         1659    !!!scatter          c_w.l(__scatter.o)
    0x08000228   0x08000228   0x0000001a   Code   RO         1663    !!handler_copy      c_w.l(__scatter_copy.o)
    0x08000242   0x08000242   0x00000002   PAD
    0x08000244   0x08000244   0x00000002   Code   RO         1660    !!handler_null      c_w.l(__scatter.o)
    0x08000246   0x08000246   0x00000002   PAD
    0x08000248   0x08000248   0x0000001c   Code   RO         1665    !!handler_zi        c_w.l(__scatter_zi.o)
    0x08000264   0x08000264   0x00000000   Code   RO         1261    .ARM.Collect$$_printf_percent$$00000000  c_w.l(_printf_percent.o)
    0x08000264   0x08000264   0x00000006   Code   RO         1250    .ARM.Collect$$_printf_percent$$00000001  c_w.l(_printf_n.o)
    0x0800026a   0x0800026a   0x00000006   Code   RO         1252    .ARM.Collect$$_printf_percent$$00000002  c_w.l(_printf_p.o)
    0x08000270   0x08000270   0x00000006   Code   RO         1257    .ARM.Collect$$_printf_percent$$00000003  c_w.l(_printf_f.o)
    0x08000276   0x08000276   0x00000006   Code   RO         1258    .ARM.Collect$$_printf_percent$$00000004  c_w.l(_printf_e.o)
    0x0800027c   0x0800027c   0x00000006   Code   RO         1259    .ARM.Collect$$_printf_percent$$00000005  c_w.l(_printf_g.o)
    0x08000282   0x08000282   0x00000006   Code   RO         1260    .ARM.Collect$$_printf_percent$$00000006  c_w.l(_printf_a.o)
    0x08000288   0x08000288   0x0000000a   Code   RO         1265    .ARM.Collect$$_printf_percent$$00000007  c_w.l(_printf_ll.o)
    0x08000292   0x08000292   0x00000006   Code   RO         1254    .ARM.Collect$$_printf_percent$$00000008  c_w.l(_printf_i.o)
    0x08000298   0x08000298   0x00000006   Code   RO         1255    .ARM.Collect$$_printf_percent$$00000009  c_w.l(_printf_d.o)
    0x0800029e   0x0800029e   0x00000006   Code   RO         1256    .ARM.Collect$$_printf_percent$$0000000A  c_w.l(_printf_u.o)
    0x080002a4   0x080002a4   0x00000006   Code   RO         1253    .ARM.Collect$$_printf_percent$$0000000B  c_w.l(_printf_o.o)
    0x080002aa   0x080002aa   0x00000006   Code   RO         1251    .ARM.Collect$$_printf_percent$$0000000C  c_w.l(_printf_x.o)
    0x080002b0   0x080002b0   0x00000006   Code   RO         1262    .ARM.Collect$$_printf_percent$$0000000D  c_w.l(_printf_lli.o)
    0x080002b6   0x080002b6   0x00000006   Code   RO         1263    .ARM.Collect$$_printf_percent$$0000000E  c_w.l(_printf_lld.o)
    0x080002bc   0x080002bc   0x00000006   Code   RO         1264    .ARM.Collect$$_printf_percent$$0000000F  c_w.l(_printf_llu.o)
    0x080002c2   0x080002c2   0x00000006   Code   RO         1269    .ARM.Collect$$_printf_percent$$00000010  c_w.l(_printf_llo.o)
    0x080002c8   0x080002c8   0x00000006   Code   RO         1270    .ARM.Collect$$_printf_percent$$00000011  c_w.l(_printf_llx.o)
    0x080002ce   0x080002ce   0x0000000a   Code   RO         1266    .ARM.Collect$$_printf_percent$$00000012  c_w.l(_printf_l.o)
    0x080002d8   0x080002d8   0x00000006   Code   RO         1248    .ARM.Collect$$_printf_percent$$00000013  c_w.l(_printf_c.o)
    0x080002de   0x080002de   0x00000006   Code   RO         1249    .ARM.Collect$$_printf_percent$$00000014  c_w.l(_printf_s.o)
    0x080002e4   0x080002e4   0x00000006   Code   RO         1267    .ARM.Collect$$_printf_percent$$00000015  c_w.l(_printf_lc.o)
    0x080002ea   0x080002ea   0x00000006   Code   RO         1268    .ARM.Collect$$_printf_percent$$00000016  c_w.l(_printf_ls.o)
    0x080002f0   0x080002f0   0x00000004   Code   RO         1374    .ARM.Collect$$_printf_percent$$00000017  c_w.l(_printf_percent_end.o)
    0x080002f4   0x080002f4   0x00000002   Code   RO         1461    .ARM.Collect$$libinit$$00000000  c_w.l(libinit.o)
    0x080002f6   0x080002f6   0x00000004   Code   RO         1501    .ARM.Collect$$libinit$$00000001  c_w.l(libinit2.o)
    0x080002fa   0x080002fa   0x00000000   Code   RO         1504    .ARM.Collect$$libinit$$00000004  c_w.l(libinit2.o)
    0x080002fa   0x080002fa   0x00000000   Code   RO         1506    .ARM.Collect$$libinit$$00000006  c_w.l(libinit2.o)
    0x080002fa   0x080002fa   0x00000000   Code   RO         1509    .ARM.Collect$$libinit$$0000000C  c_w.l(libinit2.o)
    0x080002fa   0x080002fa   0x00000000   Code   RO         1511    .ARM.Collect$$libinit$$0000000E  c_w.l(libinit2.o)
    0x080002fa   0x080002fa   0x00000000   Code   RO         1513    .ARM.Collect$$libinit$$00000010  c_w.l(libinit2.o)
    0x080002fa   0x080002fa   0x00000006   Code   RO         1514    .ARM.Collect$$libinit$$00000011  c_w.l(libinit2.o)
    0x08000300   0x08000300   0x00000000   Code   RO         1516    .ARM.Collect$$libinit$$00000013  c_w.l(libinit2.o)
    0x08000300   0x08000300   0x0000000c   Code   RO         1517    .ARM.Collect$$libinit$$00000014  c_w.l(libinit2.o)
    0x0800030c   0x0800030c   0x00000000   Code   RO         1518    .ARM.Collect$$libinit$$00000015  c_w.l(libinit2.o)
    0x0800030c   0x0800030c   0x00000000   Code   RO         1520    .ARM.Collect$$libinit$$00000017  c_w.l(libinit2.o)
    0x0800030c   0x0800030c   0x0000000a   Code   RO         1521    .ARM.Collect$$libinit$$00000018  c_w.l(libinit2.o)
    0x08000316   0x08000316   0x00000000   Code   RO         1522    .ARM.Collect$$libinit$$00000019  c_w.l(libinit2.o)
    0x08000316   0x08000316   0x00000000   Code   RO         1524    .ARM.Collect$$libinit$$0000001B  c_w.l(libinit2.o)
    0x08000316   0x08000316   0x00000000   Code   RO         1526    .ARM.Collect$$libinit$$0000001D  c_w.l(libinit2.o)
    0x08000316   0x08000316   0x00000000   Code   RO         1528    .ARM.Collect$$libinit$$0000001F  c_w.l(libinit2.o)
    0x08000316   0x08000316   0x00000000   Code   RO         1530    .ARM.Collect$$libinit$$00000021  c_w.l(libinit2.o)
    0x08000316   0x08000316   0x00000000   Code   RO         1532    .ARM.Collect$$libinit$$00000023  c_w.l(libinit2.o)
    0x08000316   0x08000316   0x00000000   Code   RO         1534    .ARM.Collect$$libinit$$00000025  c_w.l(libinit2.o)
    0x08000316   0x08000316   0x00000000   Code   RO         1536    .ARM.Collect$$libinit$$00000027  c_w.l(libinit2.o)
    0x08000316   0x08000316   0x00000000   Code   RO         1540    .ARM.Collect$$libinit$$0000002E  c_w.l(libinit2.o)
    0x08000316   0x08000316   0x00000000   Code   RO         1542    .ARM.Collect$$libinit$$00000030  c_w.l(libinit2.o)
    0x08000316   0x08000316   0x00000000   Code   RO         1544    .ARM.Collect$$libinit$$00000032  c_w.l(libinit2.o)
    0x08000316   0x08000316   0x00000000   Code   RO         1546    .ARM.Collect$$libinit$$00000034  c_w.l(libinit2.o)
    0x08000316   0x08000316   0x00000002   Code   RO         1547    .ARM.Collect$$libinit$$00000035  c_w.l(libinit2.o)
    0x08000318   0x08000318   0x00000002   Code   RO         1606    .ARM.Collect$$libshutdown$$00000000  c_w.l(libshutdown.o)
    0x0800031a   0x0800031a   0x00000000   Code   RO         1636    .ARM.Collect$$libshutdown$$00000002  c_w.l(libshutdown2.o)
    0x0800031a   0x0800031a   0x00000000   Code   RO         1638    .ARM.Collect$$libshutdown$$00000004  c_w.l(libshutdown2.o)
    0x0800031a   0x0800031a   0x00000000   Code   RO         1641    .ARM.Collect$$libshutdown$$00000007  c_w.l(libshutdown2.o)
    0x0800031a   0x0800031a   0x00000000   Code   RO         1644    .ARM.Collect$$libshutdown$$0000000A  c_w.l(libshutdown2.o)
    0x0800031a   0x0800031a   0x00000000   Code   RO         1646    .ARM.Collect$$libshutdown$$0000000C  c_w.l(libshutdown2.o)
    0x0800031a   0x0800031a   0x00000000   Code   RO         1649    .ARM.Collect$$libshutdown$$0000000F  c_w.l(libshutdown2.o)
    0x0800031a   0x0800031a   0x00000002   Code   RO         1650    .ARM.Collect$$libshutdown$$00000010  c_w.l(libshutdown2.o)
    0x0800031c   0x0800031c   0x00000000   Code   RO         1173    .ARM.Collect$$rtentry$$00000000  c_w.l(__rtentry.o)
    0x0800031c   0x0800031c   0x00000000   Code   RO         1334    .ARM.Collect$$rtentry$$00000002  c_w.l(__rtentry2.o)
    0x0800031c   0x0800031c   0x00000006   Code   RO         1346    .ARM.Collect$$rtentry$$00000004  c_w.l(__rtentry4.o)
    0x08000322   0x08000322   0x00000000   Code   RO         1336    .ARM.Collect$$rtentry$$00000009  c_w.l(__rtentry2.o)
    0x08000322   0x08000322   0x00000004   Code   RO         1337    .ARM.Collect$$rtentry$$0000000A  c_w.l(__rtentry2.o)
    0x08000326   0x08000326   0x00000000   Code   RO         1339    .ARM.Collect$$rtentry$$0000000C  c_w.l(__rtentry2.o)
    0x08000326   0x08000326   0x00000008   Code   RO         1340    .ARM.Collect$$rtentry$$0000000D  c_w.l(__rtentry2.o)
    0x0800032e   0x0800032e   0x00000002   Code   RO         1482    .ARM.Collect$$rtexit$$00000000  c_w.l(rtexit.o)
    0x08000330   0x08000330   0x00000000   Code   RO         1563    .ARM.Collect$$rtexit$$00000002  c_w.l(rtexit2.o)
    0x08000330   0x08000330   0x00000004   Code   RO         1564    .ARM.Collect$$rtexit$$00000003  c_w.l(rtexit2.o)
    0x08000334   0x08000334   0x00000006   Code   RO         1565    .ARM.Collect$$rtexit$$00000004  c_w.l(rtexit2.o)
    0x0800033a   0x0800033a   0x00000002   PAD
    0x0800033c   0x0800033c   0x00000040   Code   RO         1111  * .text               startup_stm32f446xx.o
    0x0800037c   0x0800037c   0x0000002c   Code   RO         1133    .text               c_w.l(sprintf.o)
    0x080003a8   0x080003a8   0x0000003c   Code   RO         1135    .text               c_w.l(sscanf.o)
    0x080003e4   0x080003e4   0x00000006   Code   RO         1137    .text               c_w.l(heapauxi.o)
    0x080003ea   0x080003ea   0x00000016   Code   RO         1178    .text               c_w.l(_rserrno.o)
    0x08000400   0x08000400   0x0000004e   Code   RO         1182    .text               c_w.l(_printf_pad.o)
    0x0800044e   0x0800044e   0x00000024   Code   RO         1184    .text               c_w.l(_printf_truncate.o)
    0x08000472   0x08000472   0x00000052   Code   RO         1186    .text               c_w.l(_printf_str.o)
    0x080004c4   0x080004c4   0x00000078   Code   RO         1188    .text               c_w.l(_printf_dec.o)
    0x0800053c   0x0800053c   0x00000028   Code   RO         1190    .text               c_w.l(_printf_charcount.o)
    0x08000564   0x08000564   0x00000030   Code   RO         1192    .text               c_w.l(_printf_char_common.o)
    0x08000594   0x08000594   0x0000000a   Code   RO         1194    .text               c_w.l(_sputc.o)
    0x0800059e   0x0800059e   0x00000002   PAD
    0x080005a0   0x080005a0   0x000000bc   Code   RO         1196    .text               c_w.l(_printf_wctomb.o)
    0x0800065c   0x0800065c   0x0000007c   Code   RO         1199    .text               c_w.l(_printf_longlong_dec.o)
    0x080006d8   0x080006d8   0x00000070   Code   RO         1205    .text               c_w.l(_printf_oct_int_ll.o)
    0x08000748   0x08000748   0x00000094   Code   RO         1225    .text               c_w.l(_printf_hex_int_ll_ptr.o)
    0x080007dc   0x080007dc   0x00000188   Code   RO         1245    .text               c_w.l(__printf_flags_ss_wp.o)
    0x08000964   0x08000964   0x00000156   Code   RO         1271    .text               c_w.l(_scanf_longlong.o)
    0x08000aba   0x08000aba   0x0000014c   Code   RO         1273    .text               c_w.l(_scanf_int.o)
    0x08000c06   0x08000c06   0x000000e0   Code   RO         1275    .text               c_w.l(_scanf_str.o)
    0x08000ce6   0x08000ce6   0x00000002   PAD
    0x08000ce8   0x08000ce8   0x0000002c   Code   RO         1277    .text               c_w.l(scanf_char.o)
    0x08000d14   0x08000d14   0x00000040   Code   RO         1279    .text               c_w.l(_sgetc.o)
    0x08000d54   0x08000d54   0x00000114   Code   RO         1281    .text               c_w.l(_scanf_mbtowc.o)
    0x08000e68   0x08000e68   0x000000e8   Code   RO         1283    .text               c_w.l(_scanf_wctomb.o)
    0x08000f50   0x08000f50   0x000000d0   Code   RO         1285    .text               c_w.l(_scanf_wstr.o)
    0x08001020   0x08001020   0x00000008   Code   RO         1353    .text               c_w.l(rt_errno_addr_intlibspace.o)
    0x08001028   0x08001028   0x0000008a   Code   RO         1355    .text               c_w.l(lludiv10.o)
    0x080010b2   0x080010b2   0x00000012   Code   RO         1357    .text               c_w.l(isspace.o)
    0x080010c4   0x080010c4   0x000000b2   Code   RO         1359    .text               c_w.l(_printf_intcommon.o)
    0x08001176   0x08001176   0x0000041c   Code   RO         1361    .text               c_w.l(_printf_fp_dec.o)
    0x08001592   0x08001592   0x00000002   PAD
    0x08001594   0x08001594   0x000002fc   Code   RO         1365    .text               c_w.l(_printf_fp_hex.o)
    0x08001890   0x08001890   0x0000002c   Code   RO         1370    .text               c_w.l(_printf_char.o)
    0x080018bc   0x080018bc   0x0000002c   Code   RO         1372    .text               c_w.l(_printf_wchar.o)
    0x080018e8   0x080018e8   0x0000001c   Code   RO         1375    .text               c_w.l(_chval.o)
    0x08001904   0x08001904   0x00000374   Code   RO         1377    .text               c_w.l(_scanf.o)
    0x08001c78   0x08001c78   0x000004f8   Code   RO         1379    .text               c_w.l(scanf_fp.o)
    0x08002170   0x08002170   0x0000001e   Code   RO         1383    .text               c_w.l(_scanf_wcharmap.o)
    0x0800218e   0x0800218e   0x00000040   Code   RO         1385    .text               c_w.l(_mbrtoc16.o)
    0x080021ce   0x080021ce   0x00000048   Code   RO         1387    .text               c_w.l(_c16rtomb.o)
    0x08002216   0x08002216   0x00000002   PAD
    0x08002218   0x08002218   0x00000008   Code   RO         1399    .text               c_w.l(libspace.o)
    0x08002220   0x08002220   0x0000004a   Code   RO         1402    .text               c_w.l(sys_stackheap_outer.o)
    0x0800226a   0x0800226a   0x00000002   PAD
    0x0800226c   0x0800226c   0x00000010   Code   RO         1404    .text               c_w.l(rt_ctype_table.o)
    0x0800227c   0x0800227c   0x00000008   Code   RO         1409    .text               c_w.l(rt_locale_intlibspace.o)
    0x08002284   0x08002284   0x00000026   Code   RO         1411    .text               c_w.l(llshl.o)
    0x080022aa   0x080022aa   0x00000002   PAD
    0x080022ac   0x080022ac   0x00000080   Code   RO         1413    .text               c_w.l(_printf_fp_infnan.o)
    0x0800232c   0x0800232c   0x000000e4   Code   RO         1415    .text               c_w.l(bigflt0.o)
    0x08002410   0x08002410   0x00000012   Code   RO         1448    .text               c_w.l(exit.o)
    0x08002422   0x08002422   0x00000002   PAD
    0x08002424   0x08002424   0x00000320   Code   RO         1486    .text               c_w.l(scanf_hexfp.o)
    0x08002744   0x08002744   0x00000134   Code   RO         1488    .text               c_w.l(scanf_infnan.o)
    0x08002878   0x08002878   0x0000007c   Code   RO         1499    .text               c_w.l(strcmpv7em.o)
    0x080028f4   0x080028f4   0x0000000c   Code   RO         1558    .text               c_w.l(sys_exit.o)
    0x08002900   0x08002900   0x00000002   Code   RO         1595    .text               c_w.l(use_no_semi.o)
    0x08002902   0x08002902   0x00000000   Code   RO         1597    .text               c_w.l(indicate_semi.o)
    0x08002902   0x08002902   0x00000002   PAD
    0x08002904   0x08002904   0x0000010c   Code   RO            2    .text.ADCInit       adc.o
    0x08002a10   0x08002a10   0x0000003c   Code   RO           28    .text.ADCRead       adc.o
    0x08002a4c   0x08002a4c   0x0000001e   Code   RO          159    .text.DACInit       dac.o
    0x08002a6a   0x08002a6a   0x00000002   PAD
    0x08002a6c   0x08002a6c   0x0000001e   Code   RO          165    .text.DACWrite      dac.o
    0x08002a8a   0x08002a8a   0x00000002   PAD
    0x08002a8c   0x08002a8c   0x00000080   Code   RO           55    .text.DelayMs       main.o
    0x08002b0c   0x08002b0c   0x00000080   Code   RO          267    .text.DelayMsNew    lcd.o
    0x08002b8c   0x08002b8c   0x0000041c   Code   RO           73    .text.ExecCmd       main.o
    0x08002fa8   0x08002fa8   0x000000d0   Code   RO          202    .text.I2CInit       i2c.o
    0x08003078   0x08003078   0x00000282   Code   RO          252    .text.I2CRead       i2c.o
    0x080032fa   0x080032fa   0x00000002   PAD
    0x080032fc   0x080032fc   0x000000fa   Code   RO          230    .text.I2CWrite      i2c.o
    0x080033f6   0x080033f6   0x00000002   PAD
    0x080033f8   0x080033f8   0x00000010   Code   RO          287    .text.LCDClear      lcd.o
    0x08003408   0x08003408   0x00000056   Code   RO          291    .text.LCDDefineDegree  lcd.o
    0x0800345e   0x0800345e   0x00000002   PAD
    0x08003460   0x08003460   0x0000005e   Code   RO          283    .text.LCDSendCmd    lcd.o
    0x080034be   0x080034be   0x00000002   PAD
    0x080034c0   0x080034c0   0x00000070   Code   RO          285    .text.LCDSendData   lcd.o
    0x08003530   0x08003530   0x00000022   Code   RO          289    .text.LCDSendString  lcd.o
    0x08003552   0x08003552   0x00000002   PAD
    0x08003554   0x08003554   0x0000006a   Code   RO          111    .text.LEDInit       led.o
    0x080035be   0x080035be   0x00000002   PAD
    0x080035c0   0x080035c0   0x000000c8   Code   RO          121    .text.LEDReset      led.o
    0x08003688   0x08003688   0x000000c8   Code   RO          117    .text.LEDSet        led.o
    0x08003750   0x08003750   0x00000012   Code   RO           26    .text.LL_ADC_Enable  adc.o
    0x08003762   0x08003762   0x00000002   PAD
    0x08003764   0x08003764   0x00000010   Code   RO           32    .text.LL_ADC_IsActiveFlag_EOCS  adc.o
    0x08003774   0x08003774   0x0000000e   Code   RO           34    .text.LL_ADC_REG_ReadConversionData12  adc.o
    0x08003782   0x08003782   0x00000002   PAD
    0x08003784   0x08003784   0x0000001a   Code   RO           16    .text.LL_ADC_REG_SetContinuousMode  adc.o
    0x0800379e   0x0800379e   0x00000002   PAD
    0x080037a0   0x080037a0   0x00000068   Code   RO           14    .text.LL_ADC_REG_SetSequencerRanks  adc.o
    0x08003808   0x08003808   0x0000001a   Code   RO           18    .text.LL_ADC_REG_SetTriggerSource  adc.o
    0x08003822   0x08003822   0x00000002   PAD
    0x08003824   0x08003824   0x00000012   Code   RO           30    .text.LL_ADC_REG_StartConversionSWStart  adc.o
    0x08003836   0x08003836   0x00000002   PAD
    0x08003838   0x08003838   0x000000ca   Code   RO           20    .text.LL_ADC_SetChannelSamplingTime  adc.o
    0x08003902   0x08003902   0x00000002   PAD
    0x08003904   0x08003904   0x0000001a   Code   RO           10    .text.LL_ADC_SetCommonClock  adc.o
    0x0800391e   0x0800391e   0x00000002   PAD
    0x08003920   0x08003920   0x0000001a   Code   RO           24    .text.LL_ADC_SetDataAlignment  adc.o
    0x0800393a   0x0800393a   0x00000002   PAD
    0x0800393c   0x0800393c   0x0000001a   Code   RO           22    .text.LL_ADC_SetResolution  adc.o
    0x08003956   0x08003956   0x00000002   PAD
    0x08003958   0x08003958   0x0000001a   Code   RO           12    .text.LL_ADC_SetSequencersScanMode  adc.o
    0x08003972   0x08003972   0x00000002   PAD
    0x08003974   0x08003974   0x00000022   Code   RO            4    .text.LL_AHB1_GRP1_EnableClock  adc.o
    0x08003996   0x08003996   0x00000002   PAD
    0x08003998   0x08003998   0x00000022   Code   RO          113    .text.LL_AHB1_GRP1_EnableClock  led.o
    0x080039ba   0x080039ba   0x00000002   PAD
    0x080039bc   0x080039bc   0x00000022   Code   RO          134    .text.LL_AHB1_GRP1_EnableClock  usart2.o
    0x080039de   0x080039de   0x00000002   PAD
    0x080039e0   0x080039e0   0x00000022   Code   RO          178    .text.LL_AHB1_GRP1_EnableClock  tim3_pwm.o
    0x08003a02   0x08003a02   0x00000002   PAD
    0x08003a04   0x08003a04   0x00000022   Code   RO          204    .text.LL_AHB1_GRP1_EnableClock  i2c.o
    0x08003a26   0x08003a26   0x00000002   PAD
    0x08003a28   0x08003a28   0x00000022   Code   RO           57    .text.LL_APB1_GRP1_EnableClock  main.o
    0x08003a4a   0x08003a4a   0x00000002   PAD
    0x08003a4c   0x08003a4c   0x00000022   Code   RO          161    .text.LL_APB1_GRP1_EnableClock  dac.o
    0x08003a6e   0x08003a6e   0x00000002   PAD
    0x08003a70   0x08003a70   0x00000022   Code   RO          214    .text.LL_APB1_GRP1_EnableClock  i2c.o
    0x08003a92   0x08003a92   0x00000002   PAD
    0x08003a94   0x08003a94   0x00000022   Code   RO          269    .text.LL_APB1_GRP1_EnableClock  lcd.o
    0x08003ab6   0x08003ab6   0x00000002   PAD
    0x08003ab8   0x08003ab8   0x00000018   Code   RO          216    .text.LL_APB1_GRP1_ForceReset  i2c.o
    0x08003ad0   0x08003ad0   0x00000018   Code   RO          218    .text.LL_APB1_GRP1_ReleaseReset  i2c.o
    0x08003ae8   0x08003ae8   0x00000022   Code   RO            6    .text.LL_APB2_GRP1_EnableClock  adc.o
    0x08003b0a   0x08003b0a   0x00000002   PAD
    0x08003b0c   0x08003b0c   0x0000002e   Code   RO          167    .text.LL_DAC_ConvertData12RightAligned  dac.o
    0x08003b3a   0x08003b3a   0x00000002   PAD
    0x08003b3c   0x08003b3c   0x0000001e   Code   RO          163    .text.LL_DAC_Enable  dac.o
    0x08003b5a   0x08003b5a   0x00000002   PAD
    0x08003b5c   0x08003b5c   0x00000012   Code   RO          123    .text.LL_GPIO_ResetOutputPin  led.o
    0x08003b6e   0x08003b6e   0x00000002   PAD
    0x08003b70   0x08003b70   0x0000007c   Code   RO          140    .text.LL_GPIO_SetAFPin_0_7  usart2.o
    0x08003bec   0x08003bec   0x0000007c   Code   RO          184    .text.LL_GPIO_SetAFPin_0_7  tim3_pwm.o
    0x08003c68   0x08003c68   0x00000080   Code   RO          186    .text.LL_GPIO_SetAFPin_8_15  tim3_pwm.o
    0x08003ce8   0x08003ce8   0x00000080   Code   RO          210    .text.LL_GPIO_SetAFPin_8_15  i2c.o
    0x08003d68   0x08003d68   0x00000010   Code   RO          119    .text.LL_GPIO_SetOutputPin  led.o
    0x08003d78   0x08003d78   0x0000007c   Code   RO            8    .text.LL_GPIO_SetPinMode  adc.o
    0x08003df4   0x08003df4   0x0000007c   Code   RO          115    .text.LL_GPIO_SetPinMode  led.o
    0x08003e70   0x08003e70   0x0000007c   Code   RO          138    .text.LL_GPIO_SetPinMode  usart2.o
    0x08003eec   0x08003eec   0x0000007c   Code   RO          182    .text.LL_GPIO_SetPinMode  tim3_pwm.o
    0x08003f68   0x08003f68   0x0000007c   Code   RO          208    .text.LL_GPIO_SetPinMode  i2c.o
    0x08003fe4   0x08003fe4   0x0000001e   Code   RO          212    .text.LL_GPIO_SetPinOutputType  i2c.o
    0x08004002   0x08004002   0x00000002   PAD
    0x08004004   0x08004004   0x0000007c   Code   RO          136    .text.LL_GPIO_SetPinSpeed  usart2.o
    0x08004080   0x08004080   0x0000007c   Code   RO          180    .text.LL_GPIO_SetPinSpeed  tim3_pwm.o
    0x080040fc   0x080040fc   0x0000007c   Code   RO          206    .text.LL_GPIO_SetPinSpeed  i2c.o
    0x08004178   0x08004178   0x0000001a   Code   RO          226    .text.LL_I2C_AcknowledgeNextData  i2c.o
    0x08004192   0x08004192   0x00000002   PAD
    0x08004194   0x08004194   0x00000018   Code   RO          244    .text.LL_I2C_ClearFlag_ADDR  i2c.o
    0x080041ac   0x080041ac   0x00000140   Code   RO          220    .text.LL_I2C_ConfigSpeed  i2c.o
    0x080042ec   0x080042ec   0x00000012   Code   RO          234    .text.LL_I2C_DisableBitPOS  i2c.o
    0x080042fe   0x080042fe   0x00000002   PAD
    0x08004300   0x08004300   0x00000012   Code   RO          228    .text.LL_I2C_Enable  i2c.o
    0x08004312   0x08004312   0x00000002   PAD
    0x08004314   0x08004314   0x00000012   Code   RO          254    .text.LL_I2C_EnableBitPOS  i2c.o
    0x08004326   0x08004326   0x00000002   PAD
    0x08004328   0x08004328   0x00000012   Code   RO          236    .text.LL_I2C_GenerateStartCondition  i2c.o
    0x0800433a   0x0800433a   0x00000002   PAD
    0x0800433c   0x0800433c   0x00000012   Code   RO          250    .text.LL_I2C_GenerateStopCondition  i2c.o
    0x0800434e   0x0800434e   0x00000002   PAD
    0x08004350   0x08004350   0x00000010   Code   RO          242    .text.LL_I2C_IsActiveFlag_ADDR  i2c.o
    0x08004360   0x08004360   0x00000010   Code   RO          248    .text.LL_I2C_IsActiveFlag_BTF  i2c.o
    0x08004370   0x08004370   0x00000010   Code   RO          232    .text.LL_I2C_IsActiveFlag_BUSY  i2c.o
    0x08004380   0x08004380   0x00000010   Code   RO          256    .text.LL_I2C_IsActiveFlag_RXNE  i2c.o
    0x08004390   0x08004390   0x00000010   Code   RO          238    .text.LL_I2C_IsActiveFlag_SB  i2c.o
    0x080043a0   0x080043a0   0x00000010   Code   RO          246    .text.LL_I2C_IsActiveFlag_TXE  i2c.o
    0x080043b0   0x080043b0   0x0000000e   Code   RO          258    .text.LL_I2C_ReceiveData8  i2c.o
    0x080043be   0x080043be   0x00000002   PAD
    0x080043c0   0x080043c0   0x0000001a   Code   RO          224    .text.LL_I2C_SetMode  i2c.o
    0x080043da   0x080043da   0x00000002   PAD
    0x080043dc   0x080043dc   0x00000022   Code   RO          222    .text.LL_I2C_SetOwnAddress1  i2c.o
    0x080043fe   0x080043fe   0x00000002   PAD
    0x08004400   0x08004400   0x0000001e   Code   RO          240    .text.LL_I2C_TransmitData8  i2c.o
    0x0800441e   0x0800441e   0x00000002   PAD
    0x08004420   0x08004420   0x00000012   Code   RO           69    .text.LL_TIM_DisableCounter  main.o
    0x08004432   0x08004432   0x00000002   PAD
    0x08004434   0x08004434   0x00000012   Code   RO          281    .text.LL_TIM_DisableCounter  lcd.o
    0x08004446   0x08004446   0x00000002   PAD
    0x08004448   0x08004448   0x00000012   Code   RO           65    .text.LL_TIM_EnableCounter  main.o
    0x0800445a   0x0800445a   0x00000002   PAD
    0x0800445c   0x0800445c   0x00000012   Code   RO          277    .text.LL_TIM_EnableCounter  lcd.o
    0x0800446e   0x0800446e   0x00000002   PAD
    0x08004470   0x08004470   0x0000000c   Code   RO           67    .text.LL_TIM_GetCounter  main.o
    0x0800447c   0x0800447c   0x0000000c   Code   RO          279    .text.LL_TIM_GetCounter  lcd.o
    0x08004488   0x08004488   0x00000010   Code   RO           61    .text.LL_TIM_SetAutoReload  main.o
    0x08004498   0x08004498   0x00000010   Code   RO          273    .text.LL_TIM_SetAutoReload  lcd.o
    0x080044a8   0x080044a8   0x00000010   Code   RO           63    .text.LL_TIM_SetCounter  main.o
    0x080044b8   0x080044b8   0x00000010   Code   RO          275    .text.LL_TIM_SetCounter  lcd.o
    0x080044c8   0x080044c8   0x00000010   Code   RO           59    .text.LL_TIM_SetPrescaler  main.o
    0x080044d8   0x080044d8   0x00000010   Code   RO          271    .text.LL_TIM_SetPrescaler  lcd.o
    0x080044e8   0x080044e8   0x0000001a   Code   RO           53    .text.SysTickEnable  main.o
    0x08004502   0x08004502   0x00000002   PAD
    0x08004504   0x08004504   0x00000032   Code   RO           51    .text.SysTickTime   main.o
    0x08004536   0x08004536   0x00000002   PAD
    0x08004538   0x08004538   0x0000022c   Code   RO           47    .text.SysTick_Handler  main.o
    0x08004764   0x08004764   0x00000012   Code   RO         1116    .text.SystemInit    system_stm32f4xx.o
    0x08004776   0x08004776   0x00000002   PAD
    0x08004778   0x08004778   0x00000132   Code   RO          176    .text.TIM3InitPWM   tim3_pwm.o
    0x080048aa   0x080048aa   0x00000002   PAD
    0x080048ac   0x080048ac   0x0000006a   Code   RO          192    .text.TIM3RGB       tim3_pwm.o
    0x08004916   0x08004916   0x00000002   PAD
    0x08004918   0x08004918   0x00000032   Code   RO          190    .text.TIM3Servo     tim3_pwm.o
    0x0800494a   0x0800494a   0x00000002   PAD
    0x0800494c   0x0800494c   0x00000032   Code   RO          369    .text.TempRead      temperatur.o
    0x0800497e   0x0800497e   0x00000002   PAD
    0x08004980   0x08004980   0x00000044   Code   RO          371    .text.TempSetRes    temperatur.o
    0x080049c4   0x080049c4   0x00000060   Code   RO          132    .text.USART2Init    usart2.o
    0x08004a24   0x08004a24   0x00000008   Code   RO          146    .text.USART2WriteString  usart2.o
    0x08004a2c   0x08004a2c   0x00000002   Code   RO          148    .text.USART2_IRQHandler  usart2.o
    0x08004a2e   0x08004a2e   0x00000002   PAD
    0x08004a30   0x08004a30   0x00000030   Code   RO          142    .text.__NVIC_EnableIRQ  usart2.o
    0x08004a60   0x08004a60   0x000000c0   Code   RO           81    .text.calcTemp      main.o
    0x08004b20   0x08004b20   0x00000074   Code   RO           45    .text.calc_led      main.o
    0x08004b94   0x08004b94   0x0000001e   Code   RO           75    .text.initPortC     main.o
    0x08004bb2   0x08004bb2   0x00000002   PAD
    0x08004bb4   0x08004bb4   0x00000034   Code   RO           79    .text.isPosChanged  main.o
    0x08004be8   0x08004be8   0x0000012c   Code   RO           87    .text.main          main.o
    0x08004d14   0x08004d14   0x000000dc   Code   RO           83    .text.printTempToDisplay  main.o
    0x08004df0   0x08004df0   0x00000074   Code   RO          188    .text.setCCR        tim3_pwm.o
    0x08004e64   0x08004e64   0x00000034   Code   RO           43    .text.set_dutycycles  main.o
    0x08004e98   0x08004e98   0x000000c8   Code   RO           71    .text.sinus_berechnung  main.o
    0x08004f60   0x08004f60   0x00000060   Code   RO           85    .text.visTemp       main.o
    0x08004fc0   0x08004fc0   0x0000003e   Code   RO         1418    CL$$btod_d2e        c_w.l(btod.o)
    0x08004ffe   0x08004ffe   0x00000046   Code   RO         1420    CL$$btod_d2e_denorm_low  c_w.l(btod.o)
    0x08005044   0x08005044   0x00000060   Code   RO         1419    CL$$btod_d2e_norm_op1  c_w.l(btod.o)
    0x080050a4   0x080050a4   0x00000338   Code   RO         1428    CL$$btod_div_common  c_w.l(btod.o)
    0x080053dc   0x080053dc   0x00000084   Code   RO         1426    CL$$btod_e2d        c_w.l(btod.o)
    0x08005460   0x08005460   0x000000dc   Code   RO         1425    CL$$btod_e2e        c_w.l(btod.o)
    0x0800553c   0x0800553c   0x0000002a   Code   RO         1422    CL$$btod_ediv       c_w.l(btod.o)
    0x08005566   0x08005566   0x0000002a   Code   RO         1424    CL$$btod_edivd      c_w.l(btod.o)
    0x08005590   0x08005590   0x0000002a   Code   RO         1421    CL$$btod_emul       c_w.l(btod.o)
    0x080055ba   0x080055ba   0x0000002a   Code   RO         1423    CL$$btod_emuld      c_w.l(btod.o)
    0x080055e4   0x080055e4   0x00000244   Code   RO         1427    CL$$btod_mult_common  c_w.l(btod.o)
    0x08005828   0x08005828   0x0000003a   Code   RO          303    i.LCDCmd            LCDInit.o
    0x08005862   0x08005862   0x00000076   Code   RO          304    i.LCDInit           LCDInit.o
    0x080058d8   0x080058d8   0x00000030   Code   RO         1395    i.__ARM_fpclassify  m_wm.l(fpclassify.o)
    0x08005908   0x08005908   0x000000f8   Code   RO         1474    i.__hardfp___mathlib_tofloat  m_wm.l(narrow.o)
    0x08005a00   0x08005a00   0x000000d0   Code   RO         1583    i.__hardfp_ldexp    m_wm.l(ldexp.o)
    0x08005ad0   0x08005ad0   0x000000c8   Code   RO         1167    i.__hardfp_sin      m_wm.l(sin.o)
    0x08005b98   0x08005b98   0x00000438   Code   RO         1325    i.__ieee754_rem_pio2  m_wm.l(rred.o)
    0x08005fd0   0x08005fd0   0x00000170   Code   RO         1308    i.__kernel_cos      m_wm.l(cos_i.o)
    0x08006140   0x08006140   0x000000f8   Code   RO         1397    i.__kernel_poly     m_wm.l(poly.o)
    0x08006238   0x08006238   0x00000130   Code   RO         1330    i.__kernel_sin      m_wm.l(sin_i.o)
    0x08006368   0x08006368   0x00000014   Code   RO         1312    i.__mathlib_dbl_infnan  m_wm.l(dunder.o)
    0x0800637c   0x0800637c   0x00000004   PAD
    0x08006380   0x08006380   0x00000020   Code   RO         1314    i.__mathlib_dbl_invalid  m_wm.l(dunder.o)
    0x080063a0   0x080063a0   0x00000020   Code   RO         1315    i.__mathlib_dbl_overflow  m_wm.l(dunder.o)
    0x080063c0   0x080063c0   0x00000020   Code   RO         1317    i.__mathlib_dbl_underflow  m_wm.l(dunder.o)
    0x080063e0   0x080063e0   0x00000012   Code   RO         1475    i.__mathlib_narrow  m_wm.l(narrow.o)
    0x080063f2   0x080063f2   0x00000014   Code   RO         1585    i.__support_ldexp   m_wm.l(ldexp.o)
    0x08006406   0x08006406   0x0000000e   Code   RO         1238    i._is_digit         c_w.l(__printf_wp.o)
    0x08006414   0x08006414   0x00000018   Code   RO         1391    i.fabs              m_wm.l(fabs.o)
    0x0800642c   0x0800642c   0x00000004   PAD
    0x08006430   0x08006430   0x0000008c   Code   RO         1554    i.frexp             m_wm.l(frexp.o)
    0x080064bc   0x080064bc   0x0000002c   Code   RO         1446    locale$$code        c_w.l(lc_numeric_c.o)
    0x080064e8   0x080064e8   0x0000002c   Code   RO         1493    locale$$code        c_w.l(lc_ctype_c.o)
    0x08006514   0x08006514   0x00000018   Code   RO         1287    x$fpl$basic         fz_wm.l(basic.o)
    0x0800652c   0x0800652c   0x00000062   Code   RO         1141    x$fpl$d2f           fz_wm.l(d2f.o)
    0x0800658e   0x0800658e   0x00000002   PAD
    0x08006590   0x08006590   0x00000150   Code   RO         1143    x$fpl$dadd          fz_wm.l(daddsub_clz.o)
    0x080066e0   0x080066e0   0x00000010   Code   RO         1651    x$fpl$dcheck1       fz_wm.l(dcheck1.o)
    0x080066f0   0x080066f0   0x00000018   Code   RO         1577    x$fpl$dcmpinf       fz_wm.l(dcmpi.o)
    0x08006708   0x08006708   0x000002b4   Code   RO         1150    x$fpl$ddiv          fz_wm.l(ddiv.o)
    0x080069bc   0x080069bc   0x00000078   Code   RO         1548    x$fpl$deqf          fz_wm.l(deqf.o)
    0x08006a34   0x08006a34   0x0000005e   Code   RO         1153    x$fpl$dfix          fz_wm.l(dfix.o)
    0x08006a92   0x08006a92   0x0000002e   Code   RO         1158    x$fpl$dflt          fz_wm.l(dflt_clz.o)
    0x08006ac0   0x08006ac0   0x00000026   Code   RO         1157    x$fpl$dfltu         fz_wm.l(dflt_clz.o)
    0x08006ae6   0x08006ae6   0x00000002   PAD
    0x08006ae8   0x08006ae8   0x00000078   Code   RO         1579    x$fpl$dleqf         fz_wm.l(dleqf.o)
    0x08006b60   0x08006b60   0x00000154   Code   RO         1163    x$fpl$dmul          fz_wm.l(dmul.o)
    0x08006cb4   0x08006cb4   0x0000009c   Code   RO         1289    x$fpl$dnaninf       fz_wm.l(dnaninf.o)
    0x08006d50   0x08006d50   0x0000000c   Code   RO         1291    x$fpl$dretinf       fz_wm.l(dretinf.o)
    0x08006d5c   0x08006d5c   0x0000006c   Code   RO         1550    x$fpl$drleqf        fz_wm.l(drleqf.o)
    0x08006dc8   0x08006dc8   0x00000016   Code   RO         1144    x$fpl$drsb          fz_wm.l(daddsub_clz.o)
    0x08006dde   0x08006dde   0x00000002   PAD
    0x08006de0   0x08006de0   0x000001dc   Code   RO         1145    x$fpl$dsub          fz_wm.l(daddsub_clz.o)
    0x08006fbc   0x08006fbc   0x00000056   Code   RO         1165    x$fpl$f2d           fz_wm.l(f2d.o)
    0x08007012   0x08007012   0x0000008c   Code   RO         1293    x$fpl$fnaninf       fz_wm.l(fnaninf.o)
    0x0800709e   0x0800709e   0x0000001a   Code   RO         1581    x$fpl$fpinit        fz_wm.l(fpinit.o)
    0x080070b8   0x080070b8   0x0000000a   Code   RO         1295    x$fpl$fretinf       fz_wm.l(fretinf.o)
    0x080070c2   0x080070c2   0x00000006   Code   RO         1466    x$fpl$ieeestatus    fz_wm.l(istatus.o)
    0x080070c8   0x080070c8   0x00000004   Code   RO         1297    x$fpl$printf1       fz_wm.l(printf1.o)
    0x080070cc   0x080070cc   0x00000004   Code   RO         1299    x$fpl$printf2       fz_wm.l(printf2.o)
    0x080070d0   0x080070d0   0x00000064   Code   RO         1653    x$fpl$retnan        fz_wm.l(retnan.o)
    0x08007134   0x08007134   0x0000005c   Code   RO         1607    x$fpl$scalbn        fz_wm.l(scalbn.o)
    0x08007190   0x08007190   0x00000004   Code   RO         1305    x$fpl$scanf1        fz_wm.l(scanf1.o)
    0x08007194   0x08007194   0x00000008   Code   RO         1468    x$fpl$scanf2        fz_wm.l(scanf2.o)
    0x0800719c   0x0800719c   0x00000030   Code   RO         1655    x$fpl$trapveneer    fz_wm.l(trapv.o)
    0x080071cc   0x080071cc   0x00000000   Code   RO         1307    x$fpl$usenofp       fz_wm.l(usenofp.o)
    0x080071cc   0x080071cc   0x00000008   Data   RO         1197    .constdata          c_w.l(_printf_wctomb.o)
    0x080071d4   0x080071d4   0x00000028   Data   RO         1226    .constdata          c_w.l(_printf_hex_int_ll_ptr.o)
    0x080071fc   0x080071fc   0x00000011   Data   RO         1246    .constdata          c_w.l(__printf_flags_ss_wp.o)
    0x0800720d   0x0800720d   0x00000003   PAD
    0x08007210   0x08007210   0x00000030   Data   RO         1309    .constdata          m_wm.l(cos_i.o)
    0x08007240   0x08007240   0x000000cc   Data   RO         1327    .constdata          m_wm.l(rred.o)
    0x0800730c   0x0800730c   0x00000004   PAD
    0x08007310   0x08007310   0x00000028   Data   RO         1331    .constdata          m_wm.l(sin_i.o)
    0x08007338   0x08007338   0x00000026   Data   RO         1366    .constdata          c_w.l(_printf_fp_hex.o)
    0x0800735e   0x0800735e   0x00000002   PAD
    0x08007360   0x08007360   0x00000094   Data   RO         1416    .constdata          c_w.l(bigflt0.o)
    0x080073f4   0x080073f4   0x00000131   Data   RO          101    .rodata.str1.1      main.o
    0x08007525   0x08007525   0x00000003   PAD
    0x08007528   0x08007528   0x00000020   Data   RO         1658    Region$$Table       anon$$obj.o
    0x08007548   0x08007548   0x00000008   Data   RO         1462    c$$dinf             fz_wm.l(fpconst.o)
    0x08007550   0x08007550   0x00000008   Data   RO         1465    c$$dmax             fz_wm.l(fpconst.o)
    0x08007558   0x08007558   0x0000001c   Data   RO         1445    locale$$data        c_w.l(lc_numeric_c.o)
    0x08007574   0x08007574   0x00000110   Data   RO         1492    locale$$data        c_w.l(lc_ctype_c.o)


    Execution Region ER_RW (Exec base: 0x20000000, Load base: 0x08007684, Size: 0x0000010c, Max: 0xffffffff, ABSOLUTE)

    Exec Addr    Load Addr    Size         Type   Attr      Idx    E Section Name        Object

    0x20000000   0x08007684   0x00000004   Data   RW         1120    .data.SystemCoreClock  system_stm32f4xx.o
    0x20000004   0x08007688   0x00000004   Data   RW           94    .data.dir           main.o
    0x20000008   0x0800768c   0x00000001   Data   RW           97    .data.mode          main.o
    0x20000009   0x0800768d   0x00000003   PAD
    0x2000000c   0x08007690   0x00000080   Data   RW          100    .data.sin_vals      main.o
    0x2000008c   0x08007710   0x00000080   Data   RW           92    .data.steps         main.o


    Execution Region ER_ZI (Exec base: 0x20000110, Load base: 0x08007790, Size: 0x000006d0, Max: 0xffffffff, ABSOLUTE)

    Exec Addr    Load Addr    Size         Type   Attr      Idx    E Section Name        Object

    0x20000110        -       0x00000060   Zero   RW         1400    .bss                c_w.l(libspace.o)
    0x20000170        -       0x00000004   Zero   RW          150    .bss.USART2CmdFlag  usart2.o
    0x20000174        -       0x00000040   Zero   RW          151    .bss.USART2InputBuffer  usart2.o
    0x200001b4        -       0x00000004   Zero   RW           95    .bss.act_pos        main.o
    0x200001b8        -       0x00000004   Zero   RW           89    .bss.counter        main.o
    0x200001bc        -       0x00000004   Zero   RW           91    .bss.counter2       main.o
    0x200001c0        -       0x00000004   Zero   RW           96    .bss.des_pos        main.o
    0x200001c4        -       0x00000010   Zero   RW           90    .bss.dutycyles      main.o
    0x200001d4        -       0x00000004   Zero   RW          102    .bss.isPosChanged.last_pos  main.o
    0x200001d8        -       0x00000004   Zero   RW           93    .bss.steps_pos      main.o
    0x200001dc        -       0x00000004   Zero   RW           99    .bss.temp_count     main.o
    0x200001e0        -       0x00000200   Zero   RW         1109    HEAP                startup_stm32f446xx.o
    0x200003e0        -       0x00000400   Zero   RW         1108    STACK               startup_stm32f446xx.o


==============================================================================

Image component sizes


      Code (inc. data)   RO Data    RW Data    ZI Data      Debug   Object Name

       176          0          0          0          0       2711   LCDInit.o
      1048          0          0          0          0       5684   adc.o
       170          0          0          0          0       2653   dac.o
      2282          0          0          0          0       7394   i2c.o
       600          0          0          0          0       4172   lcd.o
       698          0          0          0          0       3346   led.o
      3200         98        305        261         44       8970   main.o
        64         26        452          0       1536        868   startup_stm32f446xx.o
        18          0          0          4          0       2769   system_stm32f4xx.o
       118          0          0          0          0        893   temperatur.o
      1112          4          0          0          0       4240   tim3_pwm.o
       560          0          0          0         68       6127   usart2.o

    ----------------------------------------------------------------------
     10156        128        792        268       1648      49827   Object Totals
         0          0         32          0          0          0   (incl. Generated)
       110          0          3          3          0          0   (incl. Padding)

    ----------------------------------------------------------------------

      Code (inc. data)   RO Data    RW Data    ZI Data      Debug   Library Member Name

         8          0          0          0          0         68   __main.o
       392          4         17          0          0         92   __printf_flags_ss_wp.o
        14          0          0          0          0         68   __printf_wp.o
         0          0          0          0          0          0   __rtentry.o
        12          0          0          0          0          0   __rtentry2.o
         6          0          0          0          0          0   __rtentry4.o
        94          8          0          0          0          0   __scatter.o
        26          0          0          0          0          0   __scatter_copy.o
        28          0          0          0          0          0   __scatter_zi.o
        72          0          0          0          0         96   _c16rtomb.o
        28          0          0          0          0         68   _chval.o
        64          0          0          0          0         84   _mbrtoc16.o
         6          0          0          0          0          0   _printf_a.o
         6          0          0          0          0          0   _printf_c.o
        44          0          0          0          0        108   _printf_char.o
        48          6          0          0          0         96   _printf_char_common.o
        40          0          0          0          0         68   _printf_charcount.o
         6          0          0          0          0          0   _printf_d.o
       120         16          0          0          0         92   _printf_dec.o
         6          0          0          0          0          0   _printf_e.o
         6          0          0          0          0          0   _printf_f.o
      1052          0          0          0          0        148   _printf_fp_dec.o
       764          8         38          0          0        100   _printf_fp_hex.o
       128         16          0          0          0         84   _printf_fp_infnan.o
         6          0          0          0          0          0   _printf_g.o
       148          4         40          0          0        160   _printf_hex_int_ll_ptr.o
         6          0          0          0          0          0   _printf_i.o
       178          0          0          0          0         88   _printf_intcommon.o
        10          0          0          0          0          0   _printf_l.o
         6          0          0          0          0          0   _printf_lc.o
        10          0          0          0          0          0   _printf_ll.o
         6          0          0          0          0          0   _printf_lld.o
         6          0          0          0          0          0   _printf_lli.o
         6          0          0          0          0          0   _printf_llo.o
         6          0          0          0          0          0   _printf_llu.o
         6          0          0          0          0          0   _printf_llx.o
       124         16          0          0          0         92   _printf_longlong_dec.o
         6          0          0          0          0          0   _printf_ls.o
         6          0          0          0          0          0   _printf_n.o
         6          0          0          0          0          0   _printf_o.o
       112          8          0          0          0        124   _printf_oct_int_ll.o
         6          0          0          0          0          0   _printf_p.o
        78          0          0          0          0        108   _printf_pad.o
         0          0          0          0          0          0   _printf_percent.o
         4          0          0          0          0          0   _printf_percent_end.o
         6          0          0          0          0          0   _printf_s.o
        82          0          0          0          0         80   _printf_str.o
        36          0          0          0          0         84   _printf_truncate.o
         6          0          0          0          0          0   _printf_u.o
        44          0          0          0          0        108   _printf_wchar.o
       188          6          8          0          0         92   _printf_wctomb.o
         6          0          0          0          0          0   _printf_x.o
        22          0          0          0          0        100   _rserrno.o
       884          6          0          0          0        100   _scanf.o
       332          0          0          0          0         96   _scanf_int.o
       342          0          0          0          0        100   _scanf_longlong.o
       276          0          0          0          0        100   _scanf_mbtowc.o
       224          0          0          0          0         96   _scanf_str.o
        30          0          0          0          0         76   _scanf_wcharmap.o
       232          0          0          0          0        100   _scanf_wctomb.o
       208          0          0          0          0         96   _scanf_wstr.o
        64          0          0          0          0         84   _sgetc.o
        10          0          0          0          0         68   _sputc.o
       228          4        148          0          0         96   bigflt0.o
      2152        136          0          0          0        956   btod.o
        18          0          0          0          0         80   exit.o
         6          0          0          0          0        152   heapauxi.o
         0          0          0          0          0          0   indicate_semi.o
        18          0          0          0          0         76   isspace.o
        44         10        272          0          0         76   lc_ctype_c.o
        44         10         28          0          0         76   lc_numeric_c.o
         2          0          0          0          0          0   libinit.o
        34          0          0          0          0          0   libinit2.o
         2          0          0          0          0          0   libshutdown.o
         2          0          0          0          0          0   libshutdown2.o
         8          4          0          0         96         68   libspace.o
        38          0          0          0          0         68   llshl.o
       138          0          0          0          0         80   lludiv10.o
        16          4          0          0          0         76   rt_ctype_table.o
         8          4          0          0          0         68   rt_errno_addr_intlibspace.o
         8          4          0          0          0         68   rt_locale_intlibspace.o
         2          0          0          0          0          0   rtexit.o
        10          0          0          0          0          0   rtexit2.o
        44          8          0          0          0         84   scanf_char.o
      1272         16          0          0          0        168   scanf_fp.o
       800         14          0          0          0        100   scanf_hexfp.o
       308         16          0          0          0        100   scanf_infnan.o
        44          6          0          0          0         84   sprintf.o
        60          8          0          0          0         84   sscanf.o
       124          0          0          0          0         88   strcmpv7em.o
        12          4          0          0          0         68   sys_exit.o
        74          0          0          0          0         80   sys_stackheap_outer.o
         2          0          0          0          0         68   use_no_semi.o
        24          0          0          0          0        164   basic.o
        98          4          0          0          0        140   d2f.o
       834         16          0          0          0        516   daddsub_clz.o
        16          4          0          0          0        116   dcheck1.o
        24          0          0          0          0        116   dcmpi.o
       692        140          0          0          0        264   ddiv.o
       120          4          0          0          0        140   deqf.o
        94          4          0          0          0        140   dfix.o
        84          0          0          0          0        232   dflt_clz.o
       120          4          0          0          0        140   dleqf.o
       340         12          0          0          0        152   dmul.o
       156          4          0          0          0        140   dnaninf.o
        12          0          0          0          0        116   dretinf.o
       108          0          0          0          0        128   drleqf.o
        86          4          0          0          0        132   f2d.o
       140          4          0          0          0        132   fnaninf.o
         0          0         16          0          0          0   fpconst.o
        26          0          0          0          0        116   fpinit.o
        10          0          0          0          0        116   fretinf.o
         6          0          0          0          0        116   istatus.o
         4          0          0          0          0        116   printf1.o
         4          0          0          0          0        116   printf2.o
       100          0          0          0          0        116   retnan.o
        92          0          0          0          0        116   scalbn.o
         4          0          0          0          0        116   scanf1.o
         8          0          0          0          0        132   scanf2.o
        48          0          0          0          0        116   trapv.o
         0          0          0          0          0          0   usenofp.o
       368         46         48          0          0        200   cos_i.o
       116         24          0          0          0        496   dunder.o
        24          0          0          0          0        124   fabs.o
        48          0          0          0          0        124   fpclassify.o
       140         22          0          0          0        132   frexp.o
       228          8          0          0          0        308   ldexp.o
       266         16          0          0          0        308   narrow.o
       248          0          0          0          0        152   poly.o
      1080        142        204          0          0        188   rred.o
       200         20          0          0          0        164   sin.o
       304         24         40          0          0        208   sin_i.o

    ----------------------------------------------------------------------
     18524        848        868          0         96      12336   Library Totals
        36          0          9          0          0          0   (incl. Padding)

    ----------------------------------------------------------------------

      Code (inc. data)   RO Data    RW Data    ZI Data      Debug   Library Name

     12216        346        551          0         96       5988   c_w.l
      3250        200         16          0          0       3944   fz_wm.l
      3022        302        292          0          0       2404   m_wm.l

    ----------------------------------------------------------------------
     18524        848        868          0         96      12336   Library Totals

    ----------------------------------------------------------------------

==============================================================================


      Code (inc. data)   RO Data    RW Data    ZI Data      Debug   

     28680        976       1660        268       1744      54327   Grand Totals
     28680        976       1660        268       1744      54327   ELF Image Totals
     28680        976       1660        268          0          0   ROM Totals

==============================================================================

    Total RO  Size (Code + RO Data)                30340 (  29.63kB)
    Total RW  Size (RW Data + ZI Data)              2012 (   1.96kB)
    Total ROM Size (Code + RO Data + RW Data)      30608 (  29.89kB)

==============================================================================

