Component: Arm Compiler for Embedded 6.21 Tool: armlink [5ec1fa00]

==============================================================================

Section Cross References

    startup_stm32f446xx.o(init) refers to main.o(myCode) for Start
    startup_stm32f446xx.o(RESET) refers to startup_stm32f446xx.o(stack) for __initial_sp
    startup_stm32f446xx.o(RESET) refers to startup_stm32f446xx.o(init) for Reset_Handler
    startup_stm32f446xx.o(RESET) refers to startup_stm32f446xx.o(handler) for NMI_Handler
    system_stm32f4xx.o(.ARM.exidx.text.SystemInit) refers to system_stm32f4xx.o(.text.SystemInit) for [Anonymous Symbol]
    system_stm32f4xx.o(.text.SystemCoreClockUpdate) refers to system_stm32f4xx.o(.data.SystemCoreClock) for SystemCoreClock
    system_stm32f4xx.o(.text.SystemCoreClockUpdate) refers to system_stm32f4xx.o(.rodata.AHBPrescTable) for AHBPrescTable
    system_stm32f4xx.o(.ARM.exidx.text.SystemCoreClockUpdate) refers to system_stm32f4xx.o(.text.SystemCoreClockUpdate) for [Anonymous Symbol]


==============================================================================

Removing Unused exception sections from the image.

    Removing system_stm32f4xx.o(.ARM.exidx.text.SystemInit), (8 bytes).
    Removing system_stm32f4xx.o(.ARM.exidx.text.SystemCoreClockUpdate), (8 bytes).

2 unused section(s) (total 16 bytes) removed from the image.

==============================================================================

Image Symbol Table

    Local Symbols

    Symbol Name                              Value     Ov Type        Size  Object(Section)

    RTE/Device/STM32F446RETx/startup_stm32f446xx.s 0x00000000   Number         0  startup_stm32f446xx.o ABSOLUTE
    main.s                                   0x00000000   Number         0  main.o ABSOLUTE
    system_stm32f4xx.c                       0x00000000   Number         0  system_stm32f4xx.o ABSOLUTE
    RESET                                    0x08000000   Section       64  startup_stm32f446xx.o(RESET)
    [Anonymous Symbol]                       0x08000040   Section        0  system_stm32f4xx.o(.text.SystemCoreClockUpdate)
    [Anonymous Symbol]                       0x08000170   Section        0  system_stm32f4xx.o(.text.SystemInit)
    $v0                                      0x08000184   Number         0  startup_stm32f446xx.o(handler)
    HardFault_Handler                        0x08000185   Thumb Code     0  startup_stm32f446xx.o(handler)
    NMI_Handler                              0x08000185   Thumb Code     0  startup_stm32f446xx.o(handler)
    handler                                  0x08000184   Section        2  startup_stm32f446xx.o(handler)
    $v0                                      0x08000188   Number         0  startup_stm32f446xx.o(init)
    init                                     0x08000188   Section        4  startup_stm32f446xx.o(init)
    $v0                                      0x0800018c   Number         0  main.o(myCode)
    myCode                                   0x0800018c   Section      100  main.o(myCode)
    stack                                    0x20000004   Section     1024  startup_stm32f446xx.o(stack)
    __initial_sp                             0x20000404   Data           0  startup_stm32f446xx.o(stack)

    Global Symbols

    Symbol Name                              Value     Ov Type        Size  Object(Section)

    BuildAttributes$$THM_ISAv4$E$P$D$K$B$S$7EM$VFPi3$EXTD16$VFPS$VFMA$PE$A:L22UL41UL21$X:L11$S22US41US21$IEEE1$IW$~IW$USESV6$~STKCKD$USESV7$~SHL$OSPACE$EBA8$STANDARDLIB$REQ8$PRES8$EABIv2 0x00000000   Number         0  anon$$obj.o ABSOLUTE
    __Vectors                                0x08000000   Data           4  startup_stm32f446xx.o(RESET)
    SystemCoreClockUpdate                    0x08000041   Thumb Code   302  system_stm32f4xx.o(.text.SystemCoreClockUpdate)
    SystemInit                               0x08000171   Thumb Code    18  system_stm32f4xx.o(.text.SystemInit)
    Reset_Handler                            0x08000189   Thumb Code     4  startup_stm32f446xx.o(init)
    Start                                    0x0800018d   Thumb Code     0  main.o(myCode)
    AHBPrescTable                            0x080001f0   Data          16  system_stm32f4xx.o(.rodata.AHBPrescTable)
    APBPrescTable                            0x08000200   Data           8  system_stm32f4xx.o(.rodata.APBPrescTable)
    SystemCoreClock                          0x20000000   Data           4  system_stm32f4xx.o(.data.SystemCoreClock)
    Stack                                    0x20000004   Data        1024  startup_stm32f446xx.o(stack)



==============================================================================

Memory Map of the image

  Image entry point : Not specified.

  Load Region LR_IROM1 (Base: 0x08000000, Size: 0x0000020c, Max: 0x00080000, ABSOLUTE)

    Execution Region ER_IROM1 (Exec base: 0x08000000, Load base: 0x08000000, Size: 0x00000208, Max: 0x00080000, ABSOLUTE)

    Exec Addr    Load Addr    Size         Type   Attr      Idx    E Section Name        Object

    0x08000000   0x08000000   0x00000040   Data   RO            8    RESET               startup_stm32f446xx.o
    0x08000040   0x08000040   0x00000000   Code   RO           16    .text               system_stm32f4xx.o
    0x08000040   0x08000040   0x0000012e   Code   RO           19    .text.SystemCoreClockUpdate  system_stm32f4xx.o
    0x0800016e   0x0800016e   0x00000002   PAD
    0x08000170   0x08000170   0x00000012   Code   RO           17    .text.SystemInit    system_stm32f4xx.o
    0x08000182   0x08000182   0x00000002   PAD
    0x08000184   0x08000184   0x00000002   Code   RO            9    handler             startup_stm32f446xx.o
    0x08000186   0x08000186   0x00000002   PAD
    0x08000188   0x08000188   0x00000004   Code   RO            6    init                startup_stm32f446xx.o
    0x0800018c   0x0800018c   0x00000064   Code   RO            1    myCode              main.o
    0x080001f0   0x080001f0   0x00000010   Data   RO           22    .rodata.AHBPrescTable  system_stm32f4xx.o
    0x08000200   0x08000200   0x00000008   Data   RO           23    .rodata.APBPrescTable  system_stm32f4xx.o


    Execution Region RW_IRAM1 (Exec base: 0x20000000, Load base: 0x08000208, Size: 0x00000404, Max: 0x00020000, ABSOLUTE)

    Exec Addr    Load Addr    Size         Type   Attr      Idx    E Section Name        Object

    0x20000000   0x08000208   0x00000004   Data   RW           21    .data.SystemCoreClock  system_stm32f4xx.o
    0x20000004        -       0x00000400   Zero   RW            7    stack               startup_stm32f446xx.o


==============================================================================

Image component sizes


      Code (inc. data)   RO Data    RW Data    ZI Data      Debug   Object Name

       100         14          0          0          0        284   main.o
         6          0         64          0       1024        884   startup_stm32f446xx.o
       320          0         24          4          0       2781   system_stm32f4xx.o

    ----------------------------------------------------------------------
       432         14         88          4       1024       3949   Object Totals
         0          0          0          0          0          0   (incl. Generated)
         6          0          0          0          0          0   (incl. Padding)

    ----------------------------------------------------------------------
         0          0          0          0          0          0   Library Totals
         0          0          0          0          0          0   (incl. Padding)

    ----------------------------------------------------------------------

==============================================================================


      Code (inc. data)   RO Data    RW Data    ZI Data      Debug   

       432         14         88          4       1024       3849   Grand Totals
       432         14         88          4       1024       3849   ELF Image Totals
       432         14         88          4          0          0   ROM Totals

==============================================================================

    Total RO  Size (Code + RO Data)                  520 (   0.51kB)
    Total RW  Size (RW Data + ZI Data)              1028 (   1.00kB)
    Total ROM Size (Code + RO Data + RW Data)        524 (   0.51kB)

==============================================================================

