Component: Arm Compiler for Embedded 6.21 Tool: armlink [5ec1fa00]

==============================================================================

Section Cross References

    stm32init.o(init) refers to blockcopy.o(Programm) for Start
    stm32init.o(RESET) refers to stm32init.o(stack) for __initial_sp
    stm32init.o(RESET) refers to stm32init.o(init) for Reset_Handler
    stm32init.o(RESET) refers to stm32init.o(handler) for NMI_Handler
    blockcopy.o(Programm) refers to blockcopy.o(Daten) for buffer


==============================================================================

Image Symbol Table

    Local Symbols

    Symbol Name                              Value     Ov Type        Size  Object(Section)

    BlockCopy.s                              0x00000000   Number         0  blockcopy.o ABSOLUTE
    STM32Init.s                              0x00000000   Number         0  stm32init.o ABSOLUTE
    RESET                                    0x08000000   Section       64  stm32init.o(RESET)
    Programm                                 0x08000040   Section       64  blockcopy.o(Programm)
    TEXT                                     0x0800005c   Data          22  blockcopy.o(Programm)
    TEXT_END                                 0x08000072   Data           1  blockcopy.o(Programm)
    HardFault_Handler                        0x08000081   Thumb Code     0  stm32init.o(handler)
    NMI_Handler                              0x08000081   Thumb Code     0  stm32init.o(handler)
    handler                                  0x08000080   Section        2  stm32init.o(handler)
    init                                     0x08000084   Section        4  stm32init.o(init)
    buffer                                   0x20000000   Data         100  blockcopy.o(Daten)
    Daten                                    0x20000000   Section      100  blockcopy.o(Daten)
    stack                                    0x20000064   Section     1024  stm32init.o(stack)
    __initial_sp                             0x20000464   Data           0  stm32init.o(stack)

    Global Symbols

    Symbol Name                              Value     Ov Type        Size  Object(Section)

    BuildAttributes$$THM_ISAv4$P$D$K$B$S$A:L22UL41UL21$X:L11$S22US41US21$IEEE1$~IW$USESV6$~STKCKD$USESV7$~SHL$OSPACE$EBA8$STANDARDLIB$PRES8$EABIv2 0x00000000   Number         0  anon$$obj.o ABSOLUTE
    __Vectors                                0x08000000   Data           4  stm32init.o(RESET)
    Start                                    0x08000041   Thumb Code     0  blockcopy.o(Programm)
    Reset_Handler                            0x08000085   Thumb Code     4  stm32init.o(init)
    Stack                                    0x20000064   Data        1024  stm32init.o(stack)



==============================================================================

Memory Map of the image

  Image Entry point : 0x08000085

  Load Region LR_1 (Base: 0x08000000, Size: 0x000000ec, Max: 0xffffffff, ABSOLUTE)

    Execution Region ER_RO (Exec base: 0x08000000, Load base: 0x08000000, Size: 0x00000088, Max: 0xffffffff, ABSOLUTE)

    Exec Addr    Load Addr    Size         Type   Attr      Idx    E Section Name        Object

    0x08000000   0x08000000   0x00000040   Data   RO            3    RESET               stm32init.o
    0x08000040   0x08000040   0x00000040   Code   RO           13    Programm            blockcopy.o
    0x08000080   0x08000080   0x00000002   Code   RO            4    handler             stm32init.o
    0x08000082   0x08000082   0x00000002   PAD
    0x08000084   0x08000084   0x00000004   Code   RO            1  * init                stm32init.o


    Execution Region ER_RW (Exec base: 0x20000000, Load base: 0x08000088, Size: 0x00000064, Max: 0xffffffff, ABSOLUTE)

    Exec Addr    Load Addr    Size         Type   Attr      Idx    E Section Name        Object

    0x20000000   0x08000088   0x00000064   Data   RW           14    Daten               blockcopy.o


    Execution Region ER_ZI (Exec base: 0x20000064, Load base: 0x080000ec, Size: 0x00000400, Max: 0xffffffff, ABSOLUTE)

    Exec Addr    Load Addr    Size         Type   Attr      Idx    E Section Name        Object

    0x20000064        -       0x00000400   Zero   RW            2    stack               stm32init.o


==============================================================================

Image component sizes


      Code (inc. data)   RO Data    RW Data    ZI Data      Debug   Object Name

        64         36          0        100          0        240   blockcopy.o
         6          0         64          0       1024        684   stm32init.o

    ----------------------------------------------------------------------
        72         36         64        100       1024        924   Object Totals
         0          0          0          0          0          0   (incl. Generated)
         2          0          0          0          0          0   (incl. Padding)

    ----------------------------------------------------------------------
         0          0          0          0          0          0   Library Totals
         0          0          0          0          0          0   (incl. Padding)

    ----------------------------------------------------------------------

==============================================================================


      Code (inc. data)   RO Data    RW Data    ZI Data      Debug   

        72         36         64        100       1024        872   Grand Totals
        72         36         64        100       1024        872   ELF Image Totals
        72         36         64        100          0          0   ROM Totals

==============================================================================

    Total RO  Size (Code + RO Data)                  136 (   0.13kB)
    Total RW  Size (RW Data + ZI Data)              1124 (   1.10kB)
    Total ROM Size (Code + RO Data + RW Data)        236 (   0.23kB)

==============================================================================

